✓ Initialized. View run at 
https://modal.com/apps/chenmiaoming/main/ap-YutCK30S5sn6mnv0et7rI5
✓ Created objects.
├── ✓ Uploaded /home/chenmiaoming/triton-exp
├── ✓ Uploaded /home/chenmiaoming/triton-exp
├── ✓ Uploaded PythonPackage:experiments
├── ✓ Uploaded 
│   /home/chenmiaoming/triton-exp/experiments/tma_reduction_layout/phase6/build_
│   native.py
└── ✓ Created Function collect.

==========
== CUDA ==
==========

CUDA Version 12.6.3

Container image Copyright (c) 2016-2023, NVIDIA CORPORATION & AFFILIATES. All rights reserved.

This container image and its contents are governed by the NVIDIA Deep Learning Container License.
By pulling and using the container, you accept the terms and conditions of this license:
https://developer.nvidia.com/ngc/nvidia-deep-learning-container-license

A copy of this license is made available in this container at /NGC-DL-CONTAINER-LICENSE for your convenience.
/opt/nvidia/entrypoint.d/50-gpu-driver-check.sh: line 5: ldconfig: command not found

WARNING: The NVIDIA Driver was not detected.  GPU functionality will not be available.
   Use the NVIDIA Container Toolkit to start this container with GPU support; see
   https://docs.nvidia.com/datacenter/cloud-native/ .

COUNTERS_COLLECTED
Stopping app - local entrypoint completed.
✓ App completed. View run at 
https://modal.com/apps/chenmiaoming/main/ap-YutCK30S5sn6mnv0et7rI5
