ninja -C /opt/triton-src/build/cmake.linux-x86_64-cpython-3.12
ninja: Entering directory `/opt/triton-src/build/cmake.linux-x86_64-cpython-3.12'
[1/22] Linking CXX executable third_party/proton/test/unittest/Backend/BackendRegistration
[2/22] Linking CXX executable third_party/proton/test/unittest/TraceDataIO/TraceDataIO
[3/22] Linking CXX shared library /opt/triton-src/python/triton/_C/libproton.so
[4/22] Linking CXX shared library /opt/triton-src/python/triton/instrumentation/libGPUInstrumentationTestLib.so
[5/22] Linking CXX executable unittest/Tools/LLVMOptions
[6/22] Linking CXX executable unittest/Tools/LinearLayout
[7/22] Building CXX object lib/Dialect/TritonGPU/Transforms/CMakeFiles/TritonGPUTransforms.dir/OptimizeThreadLocality.cpp.o
[8/22] Linking CXX executable unittest/Dialect/TritonGPU/TestPaddedSharedLayout
[9/22] Linking CXX executable unittest/Dialect/TritonNvidiaGPU/NvmmaSmemAttrsTest
[10/22] Linking CXX executable unittest/Analysis/TestTritonAnalysis
[11/22] Linking CXX executable unittest/Dialect/TritonGPU/Dialect
[12/22] Linking CXX executable unittest/Dialect/TritonGPU/DumpLayoutTest
[13/22] Linking CXX executable unittest/Dialect/TritonGPU/TestSwizzling
[14/22] Linking CXX executable unittest/Dialect/TritonGPU/LinearLayoutConversions
[15/22] Linking CXX executable third_party/nvidia/unittest/Conversion/TritonGPUToLLVM/TestPtxAsmFormat
[16/22] Linking CXX executable bin/triton-llvm-opt
[17/22] Linking CXX shared library /opt/triton-src/python/triton/_C/libtriton.so
[18/22] Linking CXX static library test/lib/Analysis/libTritonTestAnalysis.a
[19/22] Linking CXX executable bin/triton-tensor-layout
[20/22] Linking CXX executable bin/triton-reduce
[21/22] Linking CXX executable bin/triton-lsp
[22/22] Linking CXX executable bin/triton-opt
