ta-01M415T8D8Y3E5T30QA17JASHB Building image im-L7JKe2MxhB7E6K42gS1v47
ta-01M415T8D8Y3E5T30QA17JASHB 
ta-01M415T8D8Y3E5T30QA17JASHB => Step 0: FROM base
ta-01M415T8D8Y3E5T30QA17JASHB 
ta-01M415T8D8Y3E5T30QA17JASHB => Step 1: ENV PYTHONPATH=/opt/triton-src
ta-01M415T8D8Y3E5T30QA17JASHB Saving image...
ta-01M415T8D8Y3E5T30QA17JASHB Image saved, took 944.94ms
ta-01M415T8D8Y3E5T30QA17JASHB 
ta-01M415T8D8Y3E5T30QA17JASHB Built image im-L7JKe2MxhB7E6K42gS1v47 in 2.88s
ta-01M415T8D8Y3E5T30QA17JASHB 
ta-01M415T8D8Y3E5T30QA17JASHB 
ta-01M415V3FE9SQKXFHP8YK186XB Building image im-b5clKBuoy05vqm0ywJe6E6
ta-01M415V3FE9SQKXFHP8YK186XB 
ta-01M415V3FE9SQKXFHP8YK186XB => Step 0: FROM base
ta-01M415V3FE9SQKXFHP8YK186XB 
ta-01M415V3FE9SQKXFHP8YK186XB => Step 1: COPY . /
ta-01M415V3FE9SQKXFHP8YK186XB Saving image...
ta-01M415V3FE9SQKXFHP8YK186XB Image saved, took 1.06s
ta-01M415V3FE9SQKXFHP8YK186XB 
ta-01M415V3FE9SQKXFHP8YK186XB Built image im-b5clKBuoy05vqm0ywJe6E6 in 14.32s
ta-01M415V3FE9SQKXFHP8YK186XB 
ta-01M415V3FE9SQKXFHP8YK186XB 
fu-Qupn0lCwTGwKg5aIJqzlMh ta-01M415WJN0RHGN4PV2FZMNHW4R 
fu-Qupn0lCwTGwKg5aIJqzlMh ta-01M415WJN0RHGN4PV2FZMNHW4R ==========
fu-Qupn0lCwTGwKg5aIJqzlMh ta-01M415WJN0RHGN4PV2FZMNHW4R == CUDA ==
fu-Qupn0lCwTGwKg5aIJqzlMh ta-01M415WJN0RHGN4PV2FZMNHW4R ==========
fu-Qupn0lCwTGwKg5aIJqzlMh ta-01M415WJN0RHGN4PV2FZMNHW4R 
fu-Qupn0lCwTGwKg5aIJqzlMh ta-01M415WJN0RHGN4PV2FZMNHW4R CUDA Version 12.6.3
fu-Qupn0lCwTGwKg5aIJqzlMh ta-01M415WJN0RHGN4PV2FZMNHW4R 
fu-Qupn0lCwTGwKg5aIJqzlMh ta-01M415WJN0RHGN4PV2FZMNHW4R Container image Copyright (c) 2016-2023, NVIDIA CORPORATION & AFFILIATES. All rights reserved.
fu-Qupn0lCwTGwKg5aIJqzlMh ta-01M415WJN0RHGN4PV2FZMNHW4R 
fu-Qupn0lCwTGwKg5aIJqzlMh ta-01M415WJN0RHGN4PV2FZMNHW4R This container image and its contents are governed by the NVIDIA Deep Learning Container License.
fu-Qupn0lCwTGwKg5aIJqzlMh ta-01M415WJN0RHGN4PV2FZMNHW4R By pulling and using the container, you accept the terms and conditions of this license:
fu-Qupn0lCwTGwKg5aIJqzlMh ta-01M415WJN0RHGN4PV2FZMNHW4R https://developer.nvidia.com/ngc/nvidia-deep-learning-container-license
fu-Qupn0lCwTGwKg5aIJqzlMh ta-01M415WJN0RHGN4PV2FZMNHW4R 
fu-Qupn0lCwTGwKg5aIJqzlMh ta-01M415WJN0RHGN4PV2FZMNHW4R A copy of this license is made available in this container at /NGC-DL-CONTAINER-LICENSE for your convenience.
fu-Qupn0lCwTGwKg5aIJqzlMh ta-01M415WJN0RHGN4PV2FZMNHW4R /opt/nvidia/entrypoint.d/50-gpu-driver-check.sh: line 5: ldconfig: command not found
fu-Qupn0lCwTGwKg5aIJqzlMh ta-01M415WJN0RHGN4PV2FZMNHW4R 
fu-Qupn0lCwTGwKg5aIJqzlMh ta-01M415WJN0RHGN4PV2FZMNHW4R WARNING: The NVIDIA Driver was not detected.  GPU functionality will not be available.
fu-Qupn0lCwTGwKg5aIJqzlMh ta-01M415WJN0RHGN4PV2FZMNHW4R    Use the NVIDIA Container Toolkit to start this container with GPU support; see
fu-Qupn0lCwTGwKg5aIJqzlMh ta-01M415WJN0RHGN4PV2FZMNHW4R    https://docs.nvidia.com/datacenter/cloud-native/ .
fu-Qupn0lCwTGwKg5aIJqzlMh ta-01M415WJN0RHGN4PV2FZMNHW4R 
Stopping app - uncaught exception raised locally: RuntimeError('Invalid attempt already retained; STOP instead of overwriting').
