ninja -C /opt/triton-src/build/cmake.linux-x86_64-cpython-3.12
ninja: Entering directory `/opt/triton-src/build/cmake.linux-x86_64-cpython-3.12'
[1/20] Linking CXX executable third_party/proton/test/unittest/Backend/BackendRegistration
[2/20] Linking CXX executable third_party/proton/test/unittest/TraceDataIO/TraceDataIO
[3/20] Linking CXX shared library /opt/triton-src/python/triton/_C/libproton.so
[4/20] Linking CXX shared library /opt/triton-src/python/triton/instrumentation/libGPUInstrumentationTestLib.so
[5/20] Linking CXX executable unittest/Tools/LLVMOptions
[6/20] Linking CXX executable unittest/Tools/LinearLayout
[7/20] Linking CXX executable unittest/Dialect/TritonGPU/LinearLayoutConversions
[8/20] Linking CXX executable unittest/Dialect/TritonGPU/TestPaddedSharedLayout
[9/20] Linking CXX executable unittest/Dialect/TritonGPU/DumpLayoutTest
[10/20] Linking CXX executable unittest/Dialect/TritonNvidiaGPU/NvmmaSmemAttrsTest
[11/20] Linking CXX executable unittest/Dialect/TritonGPU/TestSwizzling
[12/20] Linking CXX executable unittest/Dialect/TritonGPU/Dialect
[13/20] Linking CXX executable unittest/Analysis/TestTritonAnalysis
[14/20] Linking CXX executable third_party/nvidia/unittest/Conversion/TritonGPUToLLVM/TestPtxAsmFormat
[15/20] Linking CXX executable bin/triton-llvm-opt
[16/20] Linking CXX shared library /opt/triton-src/python/triton/_C/libtriton.so
[17/20] Linking CXX executable bin/triton-tensor-layout
[18/20] Linking CXX executable bin/triton-reduce
[19/20] Linking CXX executable bin/triton-lsp
[20/20] Linking CXX executable bin/triton-opt
