✓ Initialized. View run at 
https://modal.com/apps/chenmiaoming/main/ap-mTZLgsW3VBOtLf0NSatdh2
✓ Created objects.
├── ✓ Uploaded /home/chenmiaoming/triton-exp
├── ✓ Uploaded /home/chenmiaoming/triton-exp
├── ✓ Uploaded PythonPackage:experiments
├── ✓ Uploaded 
│   /home/chenmiaoming/triton-exp/experiments/tma_reduction_layout/phase6/build_
│   native.py
└── ✓ Created Function collect.

==========
== CUDA ==
==========

CUDA Version 12.6.3

Container image Copyright (c) 2016-2023, NVIDIA CORPORATION & AFFILIATES. All rights reserved.

This container image and its contents are governed by the NVIDIA Deep Learning Container License.
By pulling and using the container, you accept the terms and conditions of this license:
https://developer.nvidia.com/ngc/nvidia-deep-learning-container-license

A copy of this license is made available in this container at /NGC-DL-CONTAINER-LICENSE for your convenience.
/opt/nvidia/entrypoint.d/50-gpu-driver-check.sh: line 5: ldconfig: command not found

WARNING: The NVIDIA Driver was not detected.  GPU functionality will not be available.
   Use the NVIDIA Container Toolkit to start this container with GPU support; see
   https://docs.nvidia.com/datacenter/cloud-native/ .

M1024_N128_w16 default canonical: PENDING
M1024_N128_w16 default single: PENDING
M1024_N128_w16 default repeated: PENDING
M1024_N128_w16 4 canonical: PENDING
M1024_N128_w16 4 single: PENDING
M1024_N128_w16 4 repeated: PENDING
M1024_N16_w16 default canonical: EXPORTED
M1024_N16_w16 default single: EXPORTED
M1024_N16_w16 default repeated: EXPORTED
M1024_N16_w16 4 canonical: EXPORTED
M1024_N16_w16 4 single: EXPORTED
M1024_N16_w16 4 repeated: EXPORTED
M1024_N32_w16 default canonical: EXPORTED
M1024_N32_w16 default single: EXPORTED
M1024_N32_w16 default repeated: EXPORTED
M1024_N32_w16 4 canonical: EXPORTED
M1024_N32_w16 4 single: EXPORTED
M1024_N32_w16 4 repeated: EXPORTED
M1024_N64_w16 default canonical: EXPORTED
M1024_N64_w16 default single: EXPORTED
M1024_N64_w16 default repeated: EXPORTED
M1024_N64_w16 4 canonical: EXPORTED
M1024_N64_w16 4 single: EXPORTED
M1024_N64_w16 4 repeated: EXPORTED
M128_N128_w16 default canonical: EXPORTED
M128_N128_w16 default single: EXPORTED
M128_N128_w16 default repeated: EXPORTED
M128_N128_w16 4 canonical: EXPORTED
M128_N128_w16 4 single: EXPORTED
M128_N128_w16 4 repeated: EXPORTED
M128_N32_w16 default canonical: EXPORTED
M128_N32_w16 default single: EXPORTED
M128_N32_w16 default repeated: EXPORTED
M128_N32_w16 4 canonical: EXPORTED
M128_N32_w16 4 single: EXPORTED
M128_N32_w16 4 repeated: EXPORTED
M128_N64_w16 default canonical: EXPORTED
M128_N64_w16 default single: EXPORTED
M128_N64_w16 default repeated: EXPORTED
M128_N64_w16 4 canonical: EXPORTED
M128_N64_w16 4 single: EXPORTED
M128_N64_w16 4 repeated: EXPORTED
M256_N128_w16 default canonical: EXPORTED
M256_N128_w16 default single: EXPORTED
M256_N128_w16 default repeated: EXPORTED
M256_N128_w16 4 canonical: EXPORTED
M256_N128_w16 4 single: EXPORTED
M256_N128_w16 4 repeated: EXPORTED
M256_N16_w16 default canonical: EXPORTED
M256_N16_w16 default single: EXPORTED
M256_N16_w16 default repeated: EXPORTED
M256_N16_w16 4 canonical: EXPORTED
M256_N16_w16 4 single: EXPORTED
M256_N16_w16 4 repeated: EXPORTED
M256_N32_w16 default canonical: EXPORTED
M256_N32_w16 default single: EXPORTED
M256_N32_w16 default repeated: EXPORTED
M256_N32_w16 4 canonical: EXPORTED
M256_N32_w16 4 single: EXPORTED
M256_N32_w16 4 repeated: EXPORTED
M256_N64_w16 default canonical: EXPORTED
M256_N64_w16 default single: EXPORTED
M256_N64_w16 default repeated: EXPORTED
M256_N64_w16 4 canonical: EXPORTED
M256_N64_w16 4 single: EXPORTED
M256_N64_w16 4 repeated: EXPORTED
M32_N128_w16 default canonical: EXPORTED
M32_N128_w16 default single: EXPORTED
M32_N128_w16 default repeated: EXPORTED
M32_N128_w16 4 canonical: EXPORTED
M32_N128_w16 4 single: EXPORTED
M32_N128_w16 4 repeated: EXPORTED
M512_N128_w16 default canonical: EXPORTED
M512_N128_w16 default single: EXPORTED
M512_N128_w16 default repeated: EXPORTED
M512_N128_w16 4 canonical: EXPORTED
M512_N128_w16 4 single: EXPORTED
M512_N128_w16 4 repeated: EXPORTED
M512_N16_w16 default canonical: EXPORTED
M512_N16_w16 default single: EXPORTED
M512_N16_w16 default repeated: EXPORTED
M512_N16_w16 4 canonical: EXPORTED
M512_N16_w16 4 single: EXPORTED
M512_N16_w16 4 repeated: EXPORTED
M512_N32_w16 default canonical: EXPORTED
M512_N32_w16 default single: EXPORTED
M512_N32_w16 default repeated: EXPORTED
M512_N32_w16 4 canonical: EXPORTED
M512_N32_w16 4 single: EXPORTED
M512_N32_w16 4 repeated: EXPORTED
M512_N64_w16 default canonical: EXPORTED
M512_N64_w16 default single: EXPORTED
M512_N64_w16 default repeated: EXPORTED
M512_N64_w16 4 canonical: EXPORTED
M512_N64_w16 4 single: EXPORTED
M512_N64_w16 4 repeated: EXPORTED
M64_N128_w16 default canonical: EXPORTED
M64_N128_w16 default single: EXPORTED
M64_N128_w16 default repeated: EXPORTED
M64_N128_w16 4 canonical: EXPORTED
M64_N128_w16 4 single: EXPORTED
M64_N128_w16 4 repeated: EXPORTED
M64_N64_w16 default canonical: EXPORTED
M64_N64_w16 default single: EXPORTED
M64_N64_w16 default repeated: EXPORTED
M64_N64_w16 4 canonical: EXPORTED
M64_N64_w16 4 single: EXPORTED
M64_N64_w16 4 repeated: EXPORTED
Fresh artifacts retained: 108 binary attempts; no performance observations
Stopping app - local entrypoint completed.
✓ App completed. View run at 
https://modal.com/apps/chenmiaoming/main/ap-mTZLgsW3VBOtLf0NSatdh2
