✓ Initialized. View run at 
https://modal.com/apps/chenmiaoming/main/ap-rHoPHbs4J06aCNynxGm0c5
Building image im-DB12lvYho1pSxZsSh7OLxw

=> Step 0: FROM base

=> Step 1: COPY . /
Saving image...
Image saved, took 1.30s

Built image im-DB12lvYho1pSxZsSh7OLxw in 4.40s


✓ Created objects.
├── ✓ Uploaded /home/chenmiaoming/triton-exp
├── ✓ Uploaded PythonPackage:experiments
└── ✓ Created Function benchmark.

==========
== CUDA ==
==========

CUDA Version 12.6.3

Container image Copyright (c) 2016-2023, NVIDIA CORPORATION & AFFILIATES. All rights reserved.

This container image and its contents are governed by the NVIDIA Deep Learning Container License.
By pulling and using the container, you accept the terms and conditions of this license:
https://developer.nvidia.com/ngc/nvidia-deep-learning-container-license

A copy of this license is made available in this container at /NGC-DL-CONTAINER-LICENSE for your convenience.
/opt/nvidia/entrypoint.d/50-gpu-driver-check.sh: line 5: ldconfig: command not found

WARNING: The NVIDIA Driver was not detected.  GPU functionality will not be available.
   Use the NVIDIA Container Toolkit to start this container with GPU support; see
   https://docs.nvidia.com/datacenter/cloud-native/ .

Invocation 1: completed frozen round 1/10
Invocation 1: completed frozen round 2/10
Invocation 1: completed frozen round 3/10
Invocation 1: completed frozen round 4/10
Invocation 1: completed frozen round 5/10
Invocation 1: completed frozen round 6/10
Invocation 1: completed frozen round 7/10
Invocation 1: completed frozen round 8/10
Invocation 1: completed frozen round 9/10
Invocation 1: completed frozen round 10/10
Validated invocation 1; 27000 scalar samples

==========
== CUDA ==
==========

CUDA Version 12.6.3

Container image Copyright (c) 2016-2023, NVIDIA CORPORATION & AFFILIATES. All rights reserved.

This container image and its contents are governed by the NVIDIA Deep Learning Container License.
By pulling and using the container, you accept the terms and conditions of this license:
https://developer.nvidia.com/ngc/nvidia-deep-learning-container-license

A copy of this license is made available in this container at /NGC-DL-CONTAINER-LICENSE for your convenience.
/opt/nvidia/entrypoint.d/50-gpu-driver-check.sh: line 5: ldconfig: command not found

WARNING: The NVIDIA Driver was not detected.  GPU functionality will not be available.
   Use the NVIDIA Container Toolkit to start this container with GPU support; see
   https://docs.nvidia.com/datacenter/cloud-native/ .

Invocation 2: completed frozen round 1/10
Invocation 2: completed frozen round 2/10
Invocation 2: completed frozen round 3/10
Invocation 2: completed frozen round 4/10
Invocation 2: completed frozen round 5/10
Invocation 2: completed frozen round 6/10
Invocation 2: completed frozen round 7/10
Invocation 2: completed frozen round 8/10
Invocation 2: completed frozen round 9/10
Invocation 2: completed frozen round 10/10
Validated invocation 2; 27000 scalar samples

==========
== CUDA ==
==========

CUDA Version 12.6.3

Container image Copyright (c) 2016-2023, NVIDIA CORPORATION & AFFILIATES. All rights reserved.

This container image and its contents are governed by the NVIDIA Deep Learning Container License.
By pulling and using the container, you accept the terms and conditions of this license:
https://developer.nvidia.com/ngc/nvidia-deep-learning-container-license

A copy of this license is made available in this container at /NGC-DL-CONTAINER-LICENSE for your convenience.
/opt/nvidia/entrypoint.d/50-gpu-driver-check.sh: line 5: ldconfig: command not found

WARNING: The NVIDIA Driver was not detected.  GPU functionality will not be available.
   Use the NVIDIA Container Toolkit to start this container with GPU support; see
   https://docs.nvidia.com/datacenter/cloud-native/ .

Invocation 3: completed frozen round 1/10
Invocation 3: completed frozen round 2/10
Invocation 3: completed frozen round 3/10
Invocation 3: completed frozen round 4/10
Invocation 3: completed frozen round 5/10
Invocation 3: completed frozen round 6/10
Invocation 3: completed frozen round 7/10
Invocation 3: completed frozen round 8/10
Invocation 3: completed frozen round 9/10
Invocation 3: completed frozen round 10/10
Validated invocation 3; 27000 scalar samples
Three complete raw invocations retained. Freeze manifest after CLI logs close; no hypothesis analysis here.
Stopping app - local entrypoint completed.
✓ App completed. View run at 
https://modal.com/apps/chenmiaoming/main/ap-rHoPHbs4J06aCNynxGm0c5
