✓ Initialized. View run at 
https://modal.com/apps/chenmiaoming/main/ap-lrlASpJI1TPQvGrwYJRCsL
Building image im-p7rczdztxt17wCKNh9SkDX

=> Step 0: FROM base

=> Step 1: ENV PYTHONPATH=/opt/triton-src

=> Step 2: ENV PATH=/opt/phase9-cuda-tools/bin:/usr/local/cuda/bin:/usr/local/bin:/usr/bin:/bin
Saving image...
Image saved, took 811.38ms

Built image im-p7rczdztxt17wCKNh9SkDX in 2.31s


Building image im-bEJVUynRINamN1UQcyI72c

=> Step 0: FROM base

=> Step 1: COPY . /
Saving image...
Image saved, took 952.54ms

Built image im-bEJVUynRINamN1UQcyI72c in 3.00s


Building image im-wB1dyyzt5ax46jEUvB0SP6

=> Step 0: FROM base

=> Step 1: COPY . /
Saving image...
Image saved, took 1.80s

Built image im-wB1dyyzt5ax46jEUvB0SP6 in 4.94s


Building image im-sjYjgBI3fJQ7o9D47mhagO

=> Step 0: FROM base

=> Step 1: COPY . /
Saving image...
Image saved, took 566.87ms

Built image im-sjYjgBI3fJQ7o9D47mhagO in 2.13s


Building image im-qzTUZumWu2JXjWic8K82cZ

=> Step 0: FROM base

=> Step 1: RUN python3 /opt/phase10-build.py
autoconf_test   0
bad_compiler_arguments  0
bad_input_file  0
bad_output_file 0
cache_miss      946
cache_size_kibibyte     388820
called_for_link 0
called_for_preprocessing        0
cleanups_performed      0
compile_failed  0
compiler_check_failed   0
compiler_produced_empty_output  0
compiler_produced_no_output     0
compiler_produced_stdout        0
could_not_find_compiler 0
could_not_use_modules   0
could_not_use_precompiled_header        0
direct_cache_hit        1160
direct_cache_miss       998
disabled        0
error_hashing_extra_file        0
files_in_cache  1713
internal_error  0
local_storage_hit       1212
local_storage_miss      946
local_storage_read_hit  2597
local_storage_read_miss 1719
local_storage_write     1944
max_cache_size_kibibyte 19531250
max_files_in_cache      0
missing_cache_file      0
modified_input_file     0
multiple_source_files   0
no_input_file   0
output_to_stdout        0
preprocessed_cache_hit  52
preprocessed_cache_miss 946
preprocessor_error      0
recache 0
remote_storage_error    0
remote_storage_hit      0
remote_storage_miss     0
remote_storage_read_hit 0
remote_storage_read_miss        0
remote_storage_timeout  0
remote_storage_write    0
stats_updated_timestamp 1791195764
stats_zeroed_timestamp  0
unsupported_code_directive      0
unsupported_compiler_option     0
unsupported_environment_variable        0
unsupported_source_language     0

Cacheable calls:   2158 / 2158 (100.0%)
  Hits:            1212 / 2158 (56.16%)
    Direct:        1160 / 1212 (95.71%)
    Preprocessed:    52 / 1212 ( 4.29%)
  Misses:           946 / 2158 (43.84%)
Local storage:
  Cache size (GB):  0.4 / 20.0 ( 1.99%)
  Hits:            1212 / 2158 (56.16%)
  Misses:           946 / 2158 (43.84%)

Saving image...
Image saved, took 5.20s

Built image im-qzTUZumWu2JXjWic8K82cZ in 1255.42s


Building image im-5lVsC6pDyaDJftcuAHshQF

=> Step 0: FROM base

=> Step 1: ENV PYTHONPATH=/opt/triton-src

=> Step 2: ENV PATH=/opt/phase9-cuda-tools/bin:/usr/local/cuda/bin:/usr/local/bin:/usr/bin:/bin
Saving image...
Image saved, took 833.46ms

Built image im-5lVsC6pDyaDJftcuAHshQF in 3.99s


Stopping app - uncaught exception raised locally: ExecutionError('/home/chenmiaoming/triton-exp/experiments/tma_reduction_layout/phase10/compiler_prototype.patch was modified during build process.').
[modal-client] 2026-10-05T18:23:57+0800 Loop attempt for _run_app.<locals>.heartbeat failed
Traceback (most recent call last):
  File "/home/chenmiaoming/triton-exp/.venv/lib/python3.12/site-packages/modal/_utils/async_utils.py", line 588, in loop_coro
    await asyncio.wait_for(async_f(), timeout=timeout)
  File "/home/chenmiaoming/miniforge3/lib/python3.12/asyncio/tasks.py", line 520, in wait_for
    return await fut
           ^^^^^^^^^
  File "/home/chenmiaoming/triton-exp/.venv/lib/python3.12/site-packages/modal/runner.py", line 66, in _heartbeat
    await client._stub.AppHeartbeat(request, retry=Retry(attempt_timeout=HEARTBEAT_TIMEOUT))
modal.exception.ConflictError: App state is APP_STATE_STOPPED
╭─ Error ──────────────────────────────────────────────────────────────────────╮
│ /home/chenmiaoming/triton-exp/experiments/tma_reduction_layout/phase10/compi │
│ ler_prototype.patch was modified during build process.                       │
╰──────────────────────────────────────────────────────────────────────────────╯
