✓ Initialized. View run at 
https://modal.com/apps/chenmiaoming/main/ap-l3h0vtUPyl0Qyiax868rEB
Building image im-pwlbu5qo5tKg4kErj4sy43

=> Step 0: FROM base

=> Step 1: COPY . /
Saving image...
Image saved, took 1.33s

Built image im-pwlbu5qo5tKg4kErj4sy43 in 4.03s


✓ Created objects.
├── ✓ Uploaded /tmp/tma-phase10-stage-a-repaired-scripts/experiments
├── ✓ Created Function timing_sm90.
├── ✓ Created Function timing_sm100.
└── ✓ Created Function timing_sm120.

==========
== CUDA ==
==========

CUDA Version 12.6.3

Container image Copyright (c) 2016-2023, NVIDIA CORPORATION & AFFILIATES. All rights reserved.

This container image and its contents are governed by the NVIDIA Deep Learning Container License.
By pulling and using the container, you accept the terms and conditions of this license:
https://developer.nvidia.com/ngc/nvidia-deep-learning-container-license

A copy of this license is made available in this container at /NGC-DL-CONTAINER-LICENSE for your convenience.
/opt/nvidia/entrypoint.d/50-gpu-driver-check.sh: line 5: ldconfig: command not found

WARNING: The NVIDIA Driver was not detected.  GPU functionality will not be available.
   Use the NVIDIA Container Toolkit to start this container with GPU support; see
   https://docs.nvidia.com/datacenter/cloud-native/ .

sm100 invocation1 round1/10
sm100 invocation1 round2/10
sm100 invocation1 round3/10
sm100 invocation1 round4/10
sm100 invocation1 round5/10
sm100 invocation1 round6/10
sm100 invocation1 round7/10
sm100 invocation1 round8/10
sm100 invocation1 round9/10
sm100 invocation1 round10/10
Accepted sm100 1

==========
== CUDA ==
==========

CUDA Version 12.6.3

Container image Copyright (c) 2016-2023, NVIDIA CORPORATION & AFFILIATES. All rights reserved.

This container image and its contents are governed by the NVIDIA Deep Learning Container License.
By pulling and using the container, you accept the terms and conditions of this license:
https://developer.nvidia.com/ngc/nvidia-deep-learning-container-license

A copy of this license is made available in this container at /NGC-DL-CONTAINER-LICENSE for your convenience.
/opt/nvidia/entrypoint.d/50-gpu-driver-check.sh: line 5: ldconfig: command not found

WARNING: The NVIDIA Driver was not detected.  GPU functionality will not be available.
   Use the NVIDIA Container Toolkit to start this container with GPU support; see
   https://docs.nvidia.com/datacenter/cloud-native/ .

sm100 invocation2 round1/10
sm100 invocation2 round2/10
sm100 invocation2 round3/10
sm100 invocation2 round4/10
sm100 invocation2 round5/10
sm100 invocation2 round6/10
sm100 invocation2 round7/10
sm100 invocation2 round8/10
sm100 invocation2 round9/10
sm100 invocation2 round10/10
Accepted sm100 2

==========
== CUDA ==
==========

CUDA Version 12.6.3

Container image Copyright (c) 2016-2023, NVIDIA CORPORATION & AFFILIATES. All rights reserved.

This container image and its contents are governed by the NVIDIA Deep Learning Container License.
By pulling and using the container, you accept the terms and conditions of this license:
https://developer.nvidia.com/ngc/nvidia-deep-learning-container-license

A copy of this license is made available in this container at /NGC-DL-CONTAINER-LICENSE for your convenience.
/opt/nvidia/entrypoint.d/50-gpu-driver-check.sh: line 5: ldconfig: command not found

WARNING: The NVIDIA Driver was not detected.  GPU functionality will not be available.
   Use the NVIDIA Container Toolkit to start this container with GPU support; see
   https://docs.nvidia.com/datacenter/cloud-native/ .

sm100 invocation3 round1/10
sm100 invocation3 round2/10
sm100 invocation3 round3/10
sm100 invocation3 round4/10
sm100 invocation3 round5/10
sm100 invocation3 round6/10
sm100 invocation3 round7/10
sm100 invocation3 round8/10
sm100 invocation3 round9/10
sm100 invocation3 round10/10
Accepted sm100 3

==========
== CUDA ==
==========

CUDA Version 12.6.3

Container image Copyright (c) 2016-2023, NVIDIA CORPORATION & AFFILIATES. All rights reserved.

This container image and its contents are governed by the NVIDIA Deep Learning Container License.
By pulling and using the container, you accept the terms and conditions of this license:
https://developer.nvidia.com/ngc/nvidia-deep-learning-container-license

A copy of this license is made available in this container at /NGC-DL-CONTAINER-LICENSE for your convenience.
/opt/nvidia/entrypoint.d/50-gpu-driver-check.sh: line 5: ldconfig: command not found

WARNING: The NVIDIA Driver was not detected.  GPU functionality will not be available.
   Use the NVIDIA Container Toolkit to start this container with GPU support; see
   https://docs.nvidia.com/datacenter/cloud-native/ .

sm120 invocation1 round1/10
sm120 invocation1 round2/10
sm120 invocation1 round3/10
sm120 invocation1 round4/10
sm120 invocation1 round5/10
sm120 invocation1 round6/10
sm120 invocation1 round7/10
sm120 invocation1 round8/10
sm120 invocation1 round9/10
sm120 invocation1 round10/10
Accepted sm120 1

==========
== CUDA ==
==========

CUDA Version 12.6.3

Container image Copyright (c) 2016-2023, NVIDIA CORPORATION & AFFILIATES. All rights reserved.

This container image and its contents are governed by the NVIDIA Deep Learning Container License.
By pulling and using the container, you accept the terms and conditions of this license:
https://developer.nvidia.com/ngc/nvidia-deep-learning-container-license

A copy of this license is made available in this container at /NGC-DL-CONTAINER-LICENSE for your convenience.
/opt/nvidia/entrypoint.d/50-gpu-driver-check.sh: line 5: ldconfig: command not found

WARNING: The NVIDIA Driver was not detected.  GPU functionality will not be available.
   Use the NVIDIA Container Toolkit to start this container with GPU support; see
   https://docs.nvidia.com/datacenter/cloud-native/ .

sm120 invocation2 round1/10
sm120 invocation2 round2/10
sm120 invocation2 round3/10
sm120 invocation2 round4/10
sm120 invocation2 round5/10
sm120 invocation2 round6/10
sm120 invocation2 round7/10
sm120 invocation2 round8/10
sm120 invocation2 round9/10
sm120 invocation2 round10/10
Accepted sm120 2

==========
== CUDA ==
==========

CUDA Version 12.6.3

Container image Copyright (c) 2016-2023, NVIDIA CORPORATION & AFFILIATES. All rights reserved.

This container image and its contents are governed by the NVIDIA Deep Learning Container License.
By pulling and using the container, you accept the terms and conditions of this license:
https://developer.nvidia.com/ngc/nvidia-deep-learning-container-license

A copy of this license is made available in this container at /NGC-DL-CONTAINER-LICENSE for your convenience.
/opt/nvidia/entrypoint.d/50-gpu-driver-check.sh: line 5: ldconfig: command not found

WARNING: The NVIDIA Driver was not detected.  GPU functionality will not be available.
   Use the NVIDIA Container Toolkit to start this container with GPU support; see
   https://docs.nvidia.com/datacenter/cloud-native/ .

sm120 invocation3 round1/10
sm120 invocation3 round2/10
sm120 invocation3 round3/10
sm120 invocation3 round4/10
sm120 invocation3 round5/10
sm120 invocation3 round6/10
sm120 invocation3 round7/10
sm120 invocation3 round8/10
sm120 invocation3 round9/10
sm120 invocation3 round10/10
Accepted sm120 3

==========
== CUDA ==
==========

CUDA Version 12.6.3

Container image Copyright (c) 2016-2023, NVIDIA CORPORATION & AFFILIATES. All rights reserved.

This container image and its contents are governed by the NVIDIA Deep Learning Container License.
By pulling and using the container, you accept the terms and conditions of this license:
https://developer.nvidia.com/ngc/nvidia-deep-learning-container-license

A copy of this license is made available in this container at /NGC-DL-CONTAINER-LICENSE for your convenience.
/opt/nvidia/entrypoint.d/50-gpu-driver-check.sh: line 5: ldconfig: command not found

WARNING: The NVIDIA Driver was not detected.  GPU functionality will not be available.
   Use the NVIDIA Container Toolkit to start this container with GPU support; see
   https://docs.nvidia.com/datacenter/cloud-native/ .

sm90 invocation1 round1/10
sm90 invocation1 round2/10
sm90 invocation1 round3/10
sm90 invocation1 round4/10
sm90 invocation1 round5/10
sm90 invocation1 round6/10
sm90 invocation1 round7/10
sm90 invocation1 round8/10
sm90 invocation1 round9/10
sm90 invocation1 round10/10
Accepted sm90 1

==========
== CUDA ==
==========

CUDA Version 12.6.3

Container image Copyright (c) 2016-2023, NVIDIA CORPORATION & AFFILIATES. All rights reserved.

This container image and its contents are governed by the NVIDIA Deep Learning Container License.
By pulling and using the container, you accept the terms and conditions of this license:
https://developer.nvidia.com/ngc/nvidia-deep-learning-container-license

A copy of this license is made available in this container at /NGC-DL-CONTAINER-LICENSE for your convenience.
/opt/nvidia/entrypoint.d/50-gpu-driver-check.sh: line 5: ldconfig: command not found

WARNING: The NVIDIA Driver was not detected.  GPU functionality will not be available.
   Use the NVIDIA Container Toolkit to start this container with GPU support; see
   https://docs.nvidia.com/datacenter/cloud-native/ .

sm90 invocation2 round1/10
sm90 invocation2 round2/10
sm90 invocation2 round3/10
sm90 invocation2 round4/10
sm90 invocation2 round5/10
sm90 invocation2 round6/10
sm90 invocation2 round7/10
sm90 invocation2 round8/10
sm90 invocation2 round9/10
sm90 invocation2 round10/10
Accepted sm90 2

==========
== CUDA ==
==========

CUDA Version 12.6.3

Container image Copyright (c) 2016-2023, NVIDIA CORPORATION & AFFILIATES. All rights reserved.

This container image and its contents are governed by the NVIDIA Deep Learning Container License.
By pulling and using the container, you accept the terms and conditions of this license:
https://developer.nvidia.com/ngc/nvidia-deep-learning-container-license

A copy of this license is made available in this container at /NGC-DL-CONTAINER-LICENSE for your convenience.
/opt/nvidia/entrypoint.d/50-gpu-driver-check.sh: line 5: ldconfig: command not found

WARNING: The NVIDIA Driver was not detected.  GPU functionality will not be available.
   Use the NVIDIA Container Toolkit to start this container with GPU support; see
   https://docs.nvidia.com/datacenter/cloud-native/ .

sm90 invocation3 round1/10
sm90 invocation3 round2/10
sm90 invocation3 round3/10
sm90 invocation3 round4/10
sm90 invocation3 round5/10
sm90 invocation3 round6/10
sm90 invocation3 round7/10
sm90 invocation3 round8/10
sm90 invocation3 round9/10
sm90 invocation3 round10/10
Accepted sm90 3
Stopping app - local entrypoint completed.
✓ App completed. View run at 
https://modal.com/apps/chenmiaoming/main/ap-l3h0vtUPyl0Qyiax868rEB
