✓ Initialized. View run at 
https://modal.com/apps/chenmiaoming/main/ap-XLEWJuxzPP7NpLagZPL60o
Building image im-RsXVIGo7mwggaASXAvGJEg

=> Step 0: FROM base

=> Step 1: COPY . /
Saving image...
Building image im-z8iaZxOogJO8z5wDEggXkt
Image saved, took 726.45ms

Built image im-RsXVIGo7mwggaASXAvGJEg in 2.20s



=> Step 0: FROM base

=> Step 1: COPY . /
Saving image...
Image saved, took 745.17ms

Built image im-z8iaZxOogJO8z5wDEggXkt in 2.47s


✓ Created objects.
├── ✓ Uploaded 
│   /home/chenmiaoming/triton-exp/experiments/tma_reduction_layout/results/phase
│   10/stage_a/upstream_source.tar
├── ✓ Uploaded /tmp/tma-phase10-stage-a-scripts/experiments
├── ✓ Uploaded 
│   /home/chenmiaoming/triton-exp/experiments/tma_reduction_layout/phase10/build
│   _native.py
├── ✓ Uploaded PythonPackage:experiments
├── ✓ Created Function main_sm100.
├── ✓ Created Function main_sm90.
├── ✓ Created Function research_sm100.
├── ✓ Created Function research_sm120.
├── ✓ Created Function research_sm90.
└── ✓ Created Function main_sm120.
Disconnecting from Modal - This will terminate your Modal app in a few seconds.

Stopping app - keyboard interrupt received. Use `modal run --detach` to prevent KeyboardInterrupts from killing apps.
✓ App aborted. View run at 
https://modal.com/apps/chenmiaoming/main/ap-XLEWJuxzPP7NpLagZPL60o
