✓ Initialized. View run at 
https://modal.com/apps/chenmiaoming/main/ap-mtfm54XxsSo4jvOnhEGaqe
Building image im-OwbkbE7vrAnsyF5CqUjAtC

=> Step 0: FROM base

=> Step 1: COPY . /
Saving image...
Image saved, took 687.56ms

Built image im-OwbkbE7vrAnsyF5CqUjAtC in 2.25s


Building image im-w0J3tXTW9UJjSdSWXmsOJr

=> Step 0: FROM base

=> Step 1: COPY . /
Saving image...
Image saved, took 582.11ms

Built image im-w0J3tXTW9UJjSdSWXmsOJr in 2.40s


Building image im-VWusWYYOZfbARECPo3o1Mm

=> Step 0: FROM base

=> Step 1: COPY . /
Saving image...
Image saved, took 782.50ms

Built image im-VWusWYYOZfbARECPo3o1Mm in 3.17s


Building image im-V9uOK7FCv9nduO4XYXBZbA

=> Step 0: FROM base

=> Step 1: COPY . /
Saving image...
Image saved, took 1.51s

Built image im-V9uOK7FCv9nduO4XYXBZbA in 3.41s


Building image im-i4EsqzuoTsIT6WahsbT5AD

=> Step 0: FROM base

=> Step 1: RUN python3 /opt/phase10-prototype-build.py
ninja -C /opt/triton-src/build/cmake.linux-x86_64-cpython-3.12
ninja: Entering directory `/opt/triton-src/build/cmake.linux-x86_64-cpython-3.12'
[1/22] Linking CXX shared library /opt/triton-src/python/triton/_C/libproton.so
[2/22] Linking CXX executable third_party/proton/test/unittest/Backend/BackendRegistration
[3/22] Linking CXX executable third_party/proton/test/unittest/TraceDataIO/TraceDataIO
[4/22] Linking CXX shared library /opt/triton-src/python/triton/instrumentation/libGPUInstrumentationTestLib.so
[5/22] Linking CXX executable unittest/Tools/LLVMOptions
[6/22] Linking CXX executable unittest/Tools/LinearLayout
[7/22] Building CXX object lib/Dialect/TritonGPU/Transforms/CMakeFiles/TritonGPUTransforms.dir/OptimizeThreadLocality.cpp.o
[8/22] Linking CXX static library test/lib/Analysis/libTritonTestAnalysis.a
[9/22] Linking CXX executable unittest/Dialect/TritonGPU/Dialect
[10/22] Linking CXX executable unittest/Dialect/TritonGPU/LinearLayoutConversions
[11/22] Linking CXX executable unittest/Dialect/TritonGPU/TestSwizzling
[12/22] Linking CXX executable unittest/Dialect/TritonGPU/DumpLayoutTest
[13/22] Linking CXX executable unittest/Dialect/TritonGPU/TestPaddedSharedLayout
[14/22] Linking CXX executable unittest/Dialect/TritonNvidiaGPU/NvmmaSmemAttrsTest
[15/22] Linking CXX executable unittest/Analysis/TestTritonAnalysis
[16/22] Linking CXX executable third_party/nvidia/unittest/Conversion/TritonGPUToLLVM/TestPtxAsmFormat
[17/22] Linking CXX executable bin/triton-llvm-opt
[18/22] Linking CXX shared library /opt/triton-src/python/triton/_C/libtriton.so
[19/22] Linking CXX executable bin/triton-tensor-layout
[20/22] Linking CXX executable bin/triton-reduce
[21/22] Linking CXX executable bin/triton-lsp
[22/22] Linking CXX executable bin/triton-opt
ninja -C /opt/triton-src/build/cmake.linux-x86_64-cpython-3.12 triton-opt
ninja: Entering directory `/opt/triton-src/build/cmake.linux-x86_64-cpython-3.12'
ninja: no work to do.
Saving image...
Image saved, took 9.09s

Built image im-i4EsqzuoTsIT6WahsbT5AD in 67.90s


Building image im-psLS5YbsByBmL2g7fQ344M

=> Step 0: FROM base

=> Step 1: COPY --from=ghcr.io/astral-sh/uv:latest /uv /.uv/uv
Getting image source signatures
Copying blob sha256:dcd00f4c468462b2a68c19a552a5b67c3fd23b41967f8622f7f1620cad1d105d
Copying blob sha256:f3f7502ac07c10bd911c63b27afb9b3f5902b8554ccbe381bde627178ad1915b
Copying config sha256:2832daefdfaee215fd647b8bc850821ece2a4c4f7703a11895c6d4631ef0858e
Writing manifest to image destination
Unpacking OCI image
   • unpacking rootfs ...     
   • ... done                 
   • unpacked image rootfs: /tmp/task-data/ta-01M45VE3CBQP2FXVG2TCAETDSB/registry-unpackmfQ6k2

=> Step 2: RUN /.uv/uv pip install --python $(command -v python) --compile-bytecode pytest pytest-instafail pytest-xdist
Using Python 3.12.1 environment at: /usr/local
Resolved 8 packages in 42ms
Downloading pygments (1.2MiB)
 Downloaded pygments
Prepared 7 packages in 64ms
Installed 7 packages in 52ms
Bytecode compiled 472 files in 230ms
 + execnet==2.1.2
 + iniconfig==2.3.0
 + pluggy==1.6.0
 + pygments==2.21.0
 + pytest==9.1.1
 + pytest-instafail==0.5.0
 + pytest-xdist==3.8.0
Saving image...
Image saved, took 688.60ms

Built image im-psLS5YbsByBmL2g7fQ344M in 4.75s


Building image im-CJNHDy9EKUBgGlo0u4fKoA

=> Step 0: FROM base

=> Step 1: ENV PYTHONPATH=/opt/triton-src

=> Step 2: ENV PATH=/opt/phase9-cuda-tools/bin:/usr/local/cuda/bin:/usr/local/bin:/usr/bin:/bin
Saving image...
Image saved, took 805.02ms

Built image im-CJNHDy9EKUBgGlo0u4fKoA in 3.25s


Building image im-KaEq6823Uj1qypGzBbwFr9

=> Step 0: FROM base

=> Step 1: COPY . /
Saving image...
Image saved, took 2.76s

Built image im-KaEq6823Uj1qypGzBbwFr9 in 6.25s


✓ Created objects.
├── ✓ Uploaded 
│   /tmp/tma-phase10-prototype-source-4/lib/Dialect/TritonGPU/Transforms/Optimiz
│   eThreadLocality.cpp
├── ✓ Uploaded 
│   /tmp/tma-phase10-prototype-source-4/test/TritonGPU/optimize-locality.mlir
├── ✓ Uploaded 
│   /tmp/tma-phase10-prototype-source-4/python/test/unit/cuda/test_tensor_descri
│   ptor_cuda.py
├── ✓ Uploaded 
│   /home/chenmiaoming/triton-exp/experiments/tma_reduction_layout/phase10/build
│   _prototype.py
├── ✓ Uploaded /tmp/tma-phase10-prototype-scripts-4/experiments
├── ✓ Created Function check.
└── ✓ Created Function check_gpu.

==========
== CUDA ==
==========

CUDA Version 12.6.3

Container image Copyright (c) 2016-2023, NVIDIA CORPORATION & AFFILIATES. All rights reserved.

This container image and its contents are governed by the NVIDIA Deep Learning Container License.
By pulling and using the container, you accept the terms and conditions of this license:
https://developer.nvidia.com/ngc/nvidia-deep-learning-container-license

A copy of this license is made available in this container at /NGC-DL-CONTAINER-LICENSE for your convenience.
/opt/nvidia/entrypoint.d/50-gpu-driver-check.sh: line 5: ldconfig: command not found

WARNING: The NVIDIA Driver was not detected.  GPU functionality will not be available.
   Use the NVIDIA Container Toolkit to start this container with GPU support; see
   https://docs.nvidia.com/datacenter/cloud-native/ .

-- Testing: 1 tests, 1 workers --
PASS: TRITON :: TritonGPU/optimize-locality.mlir (1 of 1)

Testing Time: 0.21s

Total Discovered Tests: 1
  Passed: 1 (100.00%)

-- Testing: 1 tests, 1 workers --
PASS: TRITON :: TritonGPU/coalesce.mlir (1 of 1)

Testing Time: 0.11s

Total Discovered Tests: 1
  Passed: 1 (100.00%)

[1/4] Linking CXX executable bin/triton-llvm-opt
[2/4] Linking CXX executable bin/triton-tensor-layout
[3/4] Linking CXX executable bin/triton-opt
[3/4] Running the triton regression tests
-- Testing: 305 tests, 17 workers --
Testing:  0.. 10.. 20.. 30.. 40.. 50.. 60.. 70.. 80.. 90.. 

Testing Time: 16.25s

Total Discovered Tests: 305
  Unsupported:   2 (0.66%)
  Passed     : 303 (99.34%)


==========
== CUDA ==
==========

CUDA Version 12.6.3

Container image Copyright (c) 2016-2023, NVIDIA CORPORATION & AFFILIATES. All rights reserved.

This container image and its contents are governed by the NVIDIA Deep Learning Container License.
By pulling and using the container, you accept the terms and conditions of this license:
https://developer.nvidia.com/ngc/nvidia-deep-learning-container-license

A copy of this license is made available in this container at /NGC-DL-CONTAINER-LICENSE for your convenience.
/opt/nvidia/entrypoint.d/50-gpu-driver-check.sh: line 5: ldconfig: command not found

WARNING: The NVIDIA Driver was not detected.  GPU functionality will not be available.
   Use the NVIDIA Container Toolkit to start this container with GPU support; see
   https://docs.nvidia.com/datacenter/cloud-native/ .

============================= test session starts ==============================
platform linux -- Python 3.12.1, pytest-9.1.1, pluggy-1.6.0
rootdir: /opt/triton-src
configfile: pytest.ini
plugins: xdist-3.8.0, instafail-0.5.0
collected 54 items

python/test/unit/cuda/test_tensor_descriptor_cuda.py ......................................................

============================= 54 passed in 11.49s ==============================

Stopping app - local entrypoint completed.
✓ App completed. View run at 
https://modal.com/apps/chenmiaoming/main/ap-mtfm54XxsSo4jvOnhEGaqe
