✓ Initialized. View run at 
https://modal.com/apps/chenmiaoming/main/ap-HqqXwCQ62eaPyyG2ydz92G
Building image im-uF5dtQKmLGQnakTcBGDNUM

=> Step 0: FROM base

=> Step 1: COPY . /
Saving image...
Image saved, took 627.74ms

Built image im-uF5dtQKmLGQnakTcBGDNUM in 2.07s


✓ Created objects.
├── ✓ Uploaded 
│   /tmp/triton-tma-current-main/python/test/unit/cuda/test_tensor_descriptor_cu
│   da.py
├── ✓ Uploaded 
│   /home/chenmiaoming/triton-exp/experiments/tma_reduction_layout/phase10/check
│   _final_python.py
└── ✓ Created Function check.

==========
== CUDA ==
==========

CUDA Version 12.6.3

Container image Copyright (c) 2016-2023, NVIDIA CORPORATION & AFFILIATES. All rights reserved.

This container image and its contents are governed by the NVIDIA Deep Learning Container License.
By pulling and using the container, you accept the terms and conditions of this license:
https://developer.nvidia.com/ngc/nvidia-deep-learning-container-license

A copy of this license is made available in this container at /NGC-DL-CONTAINER-LICENSE for your convenience.
/opt/nvidia/entrypoint.d/50-gpu-driver-check.sh: line 5: ldconfig: command not found

WARNING: The NVIDIA Driver was not detected.  GPU functionality will not be available.
   Use the NVIDIA Container Toolkit to start this container with GPU support; see
   https://docs.nvidia.com/datacenter/cloud-native/ .

============================= test session starts ==============================
platform linux -- Python 3.12.1, pytest-9.1.1, pluggy-1.6.0
rootdir: /opt/triton-src
configfile: pytest.ini
plugins: instafail-0.5.0, xdist-3.8.0
collected 54 items

python/test/unit/cuda/test_tensor_descriptor_cuda.py ......................................................

============================= 54 passed in 11.88s ==============================

Stopping app - local entrypoint completed.
✓ App completed. View run at 
https://modal.com/apps/chenmiaoming/main/ap-HqqXwCQ62eaPyyG2ydz92G
