✓ Initialized. View run at 
https://modal.com/apps/chenmiaoming/main/ap-BU6trX1KcaN5Ue8tuNaQSq
Building image im-HOIsoNrJsjam73lZ80BnOk

=> Step 0: FROM base

=> Step 1: RUN mkdir -p /cache/ccache /cache/triton-home /opt/phase6-build-evidence

=> Step 2: RUN ccache --version > /opt/phase6-build-evidence/ccache_version.txt

=> Step 3: RUN ccache --print-stats > /opt/phase6-build-evidence/ccache_before.txt

=> Step 4: RUN python3 -m pip uninstall -y triton pytorch-triton || true
WARNING: Skipping triton as it is not installed.
WARNING: Skipping pytorch-triton as it is not installed.

=> Step 5: RUN cd /opt/triton-src && python3 -m pip install -r python/requirements.txt
Looking in indexes: http://pypi-mirror.modal.local:5555/simple
Requirement already satisfied: setuptools>=40.8.0 in /usr/local/lib/python3.12/site-packages (from -r python/requirements.txt (line 1)) (84.0.0)
Requirement already satisfied: wheel in /usr/local/lib/python3.12/site-packages (from -r python/requirements.txt (line 2)) (0.48.0)
Requirement already satisfied: cmake<4.0,>=3.20 in /usr/local/lib/python3.12/site-packages (from -r python/requirements.txt (line 3)) (3.31.10)
Requirement already satisfied: ninja>=1.11.1 in /usr/local/lib/python3.12/site-packages (from -r python/requirements.txt (line 4)) (1.13.2)
Requirement already satisfied: nanobind==2.10.2 in /usr/local/lib/python3.12/site-packages (from -r python/requirements.txt (line 5)) (2.10.2)
Requirement already satisfied: lit in /usr/local/lib/python3.12/site-packages (from -r python/requirements.txt (line 6)) (23.1.2)
Requirement already satisfied: packaging>=24.0 in /usr/local/lib/python3.12/site-packages (from wheel->-r python/requirements.txt (line 2)) (26.3)

[notice] A new release of pip is available: 23.3.2 -> 26.2.1
[notice] To update, run: pip install --upgrade pip

=> Step 6: RUN cd /opt/triton-src && TRITON_BUILD_WITH_CLANG_LLD=true TRITON_BUILD_WITH_CCACHE=true python3 -m pip install -e . --no-build-isolation -v
Using pip 23.3.2 from /usr/local/lib/python3.12/site-packages/pip (python 3.12)
Looking in indexes: http://pypi-mirror.modal.local:5555/simple
Obtaining file:///opt/triton-src
  Checking if build backend supports build_editable: started
  Running command Checking if build backend supports build_editable
  Checking if build backend supports build_editable: finished with status 'done'
  Preparing editable metadata (pyproject.toml): started
  Running command Preparing editable metadata (pyproject.toml)
  running dist_info
  creating /tmp/pip-modern-metadata-wf__9ify/triton.egg-info
  writing /tmp/pip-modern-metadata-wf__9ify/triton.egg-info/PKG-INFO
  writing dependency_links to /tmp/pip-modern-metadata-wf__9ify/triton.egg-info/dependency_links.txt
  writing entry points to /tmp/pip-modern-metadata-wf__9ify/triton.egg-info/entry_points.txt
  writing requirements to /tmp/pip-modern-metadata-wf__9ify/triton.egg-info/requires.txt
  writing top-level names to /tmp/pip-modern-metadata-wf__9ify/triton.egg-info/top_level.txt
  writing manifest file '/tmp/pip-modern-metadata-wf__9ify/triton.egg-info/SOURCES.txt'
  reading manifest file '/tmp/pip-modern-metadata-wf__9ify/triton.egg-info/SOURCES.txt'
  reading manifest template 'MANIFEST.in'
  warning: no previously-included files matching '__pycache__' found anywhere in distribution
  warning: no previously-included files matching '__pycache__/*' found anywhere in distribution
  warning: no previously-included files matching '*.py[cod]' found anywhere in distribution
  adding license file 'LICENSE'
  writing manifest file '/tmp/pip-modern-metadata-wf__9ify/triton.egg-info/SOURCES.txt'
  creating '/tmp/pip-modern-metadata-wf__9ify/triton-3.9.0.dist-info'
  Preparing editable metadata (pyproject.toml): finished with status 'done'
Building wheels for collected packages: triton
  Building editable for triton (pyproject.toml): started
  Running command Building editable for triton (pyproject.toml)
  running editable_wheel
  creating symlink: /opt/triton-src/python/triton/backends/nvidia -> third_party/nvidia/backend
  creating symlink: /opt/triton-src/python/triton/language/extra/cuda -> third_party/nvidia/language/cuda
  creating symlink: /opt/triton-src/python/triton/tools/extra/cuda -> third_party/nvidia/tools/cuda
  creating symlink: /opt/triton-src/python/triton/backends/amd -> third_party/amd/backend
  creating symlink: /opt/triton-src/python/triton/language/extra/hip -> third_party/amd/language/hip
  creating symlink: /opt/triton-src/python/triton/tools/extra/hip -> third_party/amd/tools/hip
  creating symlink: /opt/triton-src/python/triton/profiler -> /opt/triton-src/third_party/proton/proton
  creating /tmp/pip-wheel-z3m3joc5/.tmp-te5fu6ck/triton.egg-info
  writing /tmp/pip-wheel-z3m3joc5/.tmp-te5fu6ck/triton.egg-info/PKG-INFO
  writing dependency_links to /tmp/pip-wheel-z3m3joc5/.tmp-te5fu6ck/triton.egg-info/dependency_links.txt
  writing entry points to /tmp/pip-wheel-z3m3joc5/.tmp-te5fu6ck/triton.egg-info/entry_points.txt
  writing requirements to /tmp/pip-wheel-z3m3joc5/.tmp-te5fu6ck/triton.egg-info/requires.txt
  writing top-level names to /tmp/pip-wheel-z3m3joc5/.tmp-te5fu6ck/triton.egg-info/top_level.txt
  writing manifest file '/tmp/pip-wheel-z3m3joc5/.tmp-te5fu6ck/triton.egg-info/SOURCES.txt'
  reading manifest file '/tmp/pip-wheel-z3m3joc5/.tmp-te5fu6ck/triton.egg-info/SOURCES.txt'
  reading manifest template 'MANIFEST.in'
  warning: no previously-included files matching '__pycache__' found anywhere in distribution
  warning: no previously-included files matching '__pycache__/*' found anywhere in distribution
  warning: no previously-included files matching '*.py[cod]' found anywhere in distribution
  adding license file 'LICENSE'
  writing manifest file '/tmp/pip-wheel-z3m3joc5/.tmp-te5fu6ck/triton.egg-info/SOURCES.txt'
  creating '/tmp/pip-wheel-z3m3joc5/.tmp-te5fu6ck/triton-3.9.0.dist-info'
  creating /tmp/pip-wheel-z3m3joc5/.tmp-te5fu6ck/triton-3.9.0.dist-info/WHEEL
  running build_py
  running build_ext
  CMake Deprecation Warning at CMakeLists.txt:6 (cmake_policy):
    The OLD behavior for policy CMP0116 will be removed from a future version
    of CMake.

    The cmake-policies(7) manual explains that the OLD behaviors of all
    policies are deprecated and that a policy should be set to OLD only under
    specific short-term circumstances.  Projects should be ported to the NEW
    behavior and not rely on setting a policy to OLD.


  -- The CXX compiler identification is Clang 18.1.3
  -- The C compiler identification is Clang 18.1.3
  -- Detecting CXX compiler ABI info
  -- Detecting CXX compiler ABI info - done
  -- Check for working CXX compiler: /usr/bin/clang++ - skipped
  -- Detecting CXX compile features
  -- Detecting CXX compile features - done
  -- Detecting C compiler ABI info
  -- Detecting C compiler ABI info - done
  -- Check for working C compiler: /usr/bin/clang - skipped
  -- Detecting C compile features
  -- Detecting C compile features - done
  -- Found Python3: /usr/local/bin/python3 (found version "3.12.1") found components: Interpreter
  creating symlink: /cache/triton-home/.triton/llvm/llvm-ubuntu-x64 -> /cache/triton-home/.triton/llvm/llvm-b010a18d-ubuntu-x64-1
  copy /cache/triton-home/.triton/amd/amd-codegen-6bc4aaf6-ubuntu-x64-1/lib/libtriton_amd_codegen.so to /opt/triton-src/third_party/amd/backend/lib/libtriton_amd_codegen.so ...
  copy /cache/triton-home/.triton/nvidia/nvcc/cuda_nvcc-linux-x86_64-12.9.86-archive/bin/ptxas to /opt/triton-src/third_party/nvidia/backend/bin/ptxas ...
  copy /cache/triton-home/.triton/nvidia/nvcc-blackwell/cuda_nvcc-linux-x86_64-13.4.59-archive/bin/ptxas to /opt/triton-src/third_party/nvidia/backend/bin/ptxas-blackwell ...
  copy /cache/triton-home/.triton/nvidia/cuobjdump/cuda_cuobjdump-linux-x86_64-13.1.80-archive/bin/cuobjdump to /opt/triton-src/third_party/nvidia/backend/bin/cuobjdump ...
  copy /cache/triton-home/.triton/nvidia/nvdisasm/cuda_nvdisasm-linux-x86_64-13.1.80-archive/bin/nvdisasm to /opt/triton-src/third_party/nvidia/backend/bin/nvdisasm ...
  copy /cache/triton-home/.triton/nvidia/nvcc-crt/cuda_crt-linux-x86_64-13.1.80-archive/include to /opt/triton-src/third_party/nvidia/backend/include ...
  copy /cache/triton-home/.triton/nvidia/cudart/cuda_cudart-linux-x86_64-13.1.80-archive/include to /opt/triton-src/third_party/nvidia/backend/include ...
  copy /cache/triton-home/.triton/nvidia/cupti/cuda_cupti-linux-x86_64-12.8.90-archive/include to /opt/triton-src/third_party/nvidia/backend/include ...
  copy /cache/triton-home/.triton/nvidia/cupti/cuda_cupti-linux-x86_64-12.8.90-archive/lib to /opt/triton-src/third_party/nvidia/backend/lib/cupti ...
  copy /cache/triton-home/.triton/nvidia/cupti-blackwell/cuda_cupti-linux-x86_64-13.3.35-archive/lib to /opt/triton-src/third_party/nvidia/backend/lib/cupti-blackwell ...
  -- Performing Test CMAKE_HAVE_LIBC_PTHREAD
  -- Performing Test CMAKE_HAVE_LIBC_PTHREAD - Success
  -- Found Threads: TRUE
  -- Found ZLIB: /usr/lib/x86_64-linux-gnu/libz.so (found version "1.3")
  -- Found LibXml2: /usr/lib/x86_64-linux-gnu/libxml2.so (found version "2.9.14")
  -- Linker detection: unknown
  -- Adding Python module
  -- Found Python3: /usr/local/bin/python3 (found version "3.12.1") found components: Development.Module Interpreter
  -- Found LLD distro-package @ /cache/triton-home/.triton/llvm/llvm-b010a18d-ubuntu-x64-1/lib/cmake/lld and LLD include dirs @ /__modal/volumes/vo-UFi3Xs0ZVhMnjeILXm4LG6/triton-home/.triton/llvm/llvm-b010a18d-ubuntu-x64-1/include
  -- Performing Test PROTON_ROCPROFILER_SDK_HAS_HIP_GRAPH
  -- Performing Test PROTON_ROCPROFILER_SDK_HAS_HIP_GRAPH - Failed
  -- Proton ROCProfiler-SDK HIP graph tracing: disabled
  -- Proton ROCProfiler-SDK PC sampling: disabled
  -- Proton ROCProfiler-SDK code object source locations: disabled
  -- Found Python3: /usr/local/bin/python3 (found version "3.12.1") found components: Interpreter Development.Module
  -- Collecting object files from ProtonTraceDataIO
  -- Collecting object files from Proton
  -- Collecting object files from ProtonBackend
  -- Collecting object files from ProtonContext
  -- Collecting object files from ProtonData
  -- Collecting object files from ProtonUtility
  -- Collecting object files from ProtonDriver
  -- Collecting object files from ProtonRuntime
  -- Collecting object files from ProtonProfiler
  -- Collecting object files from ProtonSession
  -- Triton backends tuple: nvidia,amd,proton
  -- Configuring done (7.9s)
  -- Generating done (1.3s)
  CMake Warning:
    Manually-specified variables were not used by the project:

      LLVM_ENABLE_WERROR


  -- Build files have been written to: /opt/triton-src/build/cmake.linux-x86_64-cpython-3.12
  creating symlink: /opt/triton-src/compile_commands.json -> /opt/triton-src/build/cmake.linux-x86_64-cpython-3.12/compile_commands.json
  [1/547] Building Dialect.cpp.inc...
  [2/547] Building Dialect.h.inc...
  [3/547] Building Ops.h.inc...
  [4/547] Building Ops.cpp.inc...
  [5/547] Building Types.h.inc...
  [6/547] Building Types.cpp.inc...
  [7/547] Building Dialect.cpp.inc...
  [8/547] Building Dialect.h.inc...
  [9/547] Building AttrDefs.cpp.inc...
  [10/547] Building AttrDefs.h.inc...
  [11/547] Building AttrInterfaces.cpp.inc...
  [12/547] Building AttrInterfaces.h.inc...
  [13/547] Building Ops.cpp.inc...
  [14/547] Building Dialect.cpp.inc...
  [15/547] Building OpsEnums.cpp.inc...
  [16/547] Building OpsEnums.h.inc...
  [17/547] Building Ops.h.inc...
  [18/547] Building CGAEncodingAttr.h.inc...
  [19/547] Building Dialect.h.inc...
  [20/547] Building Types.cpp.inc...
  [21/547] Building Ops.cpp.inc...
  [22/547] Building Types.h.inc...
  [23/547] Building TypeInterfaces.cpp.inc...
  [24/547] Building TypeInterfaces.h.inc...
  [25/547] Building OpsEnums.cpp.inc...
  [26/547] Building OpsEnums.h.inc...
  [27/547] Building Ops.h.inc...
  [28/547] Building TritonNvidiaGPUAttrDefs.cpp.inc...
  [29/547] Building TritonNvidiaGPUAttrDefs.h.inc...
  [30/547] Building Types.cpp.inc...
  [31/547] Building Types.h.inc...
  [32/547] Building Dialect.h.inc...
  [33/547] Building Dialect.cpp.inc...
  [34/547] Building Ops.cpp.inc...
  [35/547] Building Ops.h.inc...
  [36/547] Building Dialect.cpp.inc...
  [37/547] Building Dialect.h.inc...
  [38/547] Building Ops.h.inc...
  [39/547] Building Ops.cpp.inc...
  [40/547] Building Passes.h.inc...
  [41/547] Building AttrDefs.cpp.inc...
  [42/547] Building AttrDefs.h.inc...
  [43/547] Building AttrInterfaces.cpp.inc...
  [44/547] Building AttrInterfaces.h.inc...
  [45/547] Building Dialect.cpp.inc...
  [46/547] Building Dialect.h.inc...
  [47/547] Building OpInterfaces.cpp.inc...
  [48/547] Building OpInterfaces.h.inc...
  [49/547] Building OpsEnums.cpp.inc...
  [50/547] Building Ops.h.inc...
  [51/547] Building Ops.cpp.inc...
  [52/547] Building OpsEnums.h.inc...
  [53/547] Building TypeInterfaces.cpp.inc...
  [54/547] Building TypeInterfaces.h.inc...
  [55/547] Building Types.cpp.inc...
  [56/547] Building Types.h.inc...
  [57/547] Building TypesEnums.cpp.inc...
  [58/547] Building Passes.h.inc...
  [59/547] Building TypesEnums.h.inc...
  [60/547] Building OpInterfaces.cpp.inc...
  [61/547] Building Passes.h.inc...
  [62/547] Building OpInterfaces.h.inc...
  [63/547] Building Passes.h.inc...
  [64/547] Building TritonNvidiaGPUOpInterfaces.cpp.inc...
  [65/547] Building TritonNvidiaGPUOpInterfaces.h.inc...
  [66/547] Building Dialect.cpp.inc...
  [67/547] Building Dialect.h.inc...
  [68/547] Building OpsEnums.cpp.inc...
  [69/547] Building Ops.cpp.inc...
  [70/547] Building Passes.h.inc...
  [71/547] Building Ops.h.inc...
  [72/547] Building OpsEnums.h.inc...
  [73/547] Building Dialect.cpp.inc...
  [74/547] Building Dialect.h.inc...
  [75/547] Building GluonAttrDefs.cpp.inc...
  [76/547] Building GluonAttrDefs.h.inc...
  [77/547] Building Ops.cpp.inc...
  [78/547] Building Ops.h.inc...
  [79/547] Building TritonCanonicalize.inc...
  [80/547] Building Dialect.cpp.inc...
  [81/547] Building Dialect.h.inc...
  [82/547] Building Ops.cpp.inc...
  [83/547] Building CXX object _deps/googletest-build/googletest/CMakeFiles/gtest.dir/src/gtest-all.cc.o
  [84/547] Building TritonCombine.inc...
  [85/547] Building OpsConversions.inc...
  [86/547] Building Ops.h.inc...
  [87/547] Building NVWSAttrDefs.cpp.inc...
  [88/547] Building NVWSAttrDefs.h.inc...
  [89/547] Building OpsEnums.cpp.inc...
  [90/547] Building OpsEnums.h.inc...
  [91/547] Building NVWSAttrEnums.cpp.inc...
  [92/547] Building NVWSAttrEnums.h.inc...
  [93/547] Building NVWSOpInterfaces.cpp.inc...
  [94/547] Building Passes.h.inc...
  [95/547] Building NVWSOpInterfaces.h.inc...
  [96/547] Building Dialect.cpp.inc...
  [97/547] Building Dialect.h.inc...
  [98/547] Building Ops.h.inc...
  [99/547] Building Ops.cpp.inc...
  [100/547] Building AttrDefs.cpp.inc...
  [101/547] Building AttrDefs.h.inc...
  [102/547] Building OpsEnums.cpp.inc...
  [103/547] Building OpsEnums.h.inc...
  [104/547] Building OpsConversions.inc...
  [105/547] Building AttrDefs.cpp.inc...
  [106/547] Building AttrDefs.h.inc...
  [107/547] Building OpsEnums.cpp.inc...
  [108/547] Building Passes.h.inc...
  [109/547] Building OpsEnums.h.inc...
  [110/547] Building CXX object CMakeFiles/nanobind-static.dir/usr/local/lib/python3.12/site-packages/nanobind/src/nb_type.cpp.o
  [111/547] Building CXX object CMakeFiles/nanobind-static.dir/usr/local/lib/python3.12/site-packages/nanobind/src/nb_enum.cpp.o
  [112/547] Building CXX object CMakeFiles/nanobind-static.dir/usr/local/lib/python3.12/site-packages/nanobind/src/nb_func.cpp.o
  [113/547] Building CXX object CMakeFiles/nanobind-static.dir/usr/local/lib/python3.12/site-packages/nanobind/src/nb_internals.cpp.o
  [114/547] Building CXX object CMakeFiles/nanobind-static.dir/usr/local/lib/python3.12/site-packages/nanobind/src/nb_static_property.cpp.o
  [115/547] Building CXX object CMakeFiles/nanobind-static.dir/usr/local/lib/python3.12/site-packages/nanobind/src/common.cpp.o
  [116/547] Building CXX object CMakeFiles/nanobind-static.dir/usr/local/lib/python3.12/site-packages/nanobind/src/nb_ft.cpp.o
  [117/547] Building CXX object CMakeFiles/nanobind-static.dir/usr/local/lib/python3.12/site-packages/nanobind/src/nb_ndarray.cpp.o
  [118/547] Building CXX object CMakeFiles/nanobind-static.dir/usr/local/lib/python3.12/site-packages/nanobind/src/error.cpp.o
  [119/547] Building CXX object CMakeFiles/nanobind-static.dir/usr/local/lib/python3.12/site-packages/nanobind/src/trampoline.cpp.o
  [120/547] Linking CXX static library lib/libgtest.a
  [121/547] Building Passes.h.inc...
  [122/547] Building Passes.h.inc...
  [123/547] Building Passes.h.inc...
  [124/547] Building CXX object _deps/googletest-build/googlemock/CMakeFiles/gmock.dir/src/gmock-all.cc.o
  [125/547] Building CXX object CMakeFiles/nanobind-static.dir/usr/local/lib/python3.12/site-packages/nanobind/src/implicit.cpp.o
  [126/547] Building CXX object _deps/googletest-build/googletest/CMakeFiles/gtest_main.dir/src/gtest_main.cc.o
  [127/547] Building CXX object lib/Analysis/CMakeFiles/TritonAnalysis.dir/BufferRegion.cpp.o
  [128/547] Building CXX object lib/Analysis/CMakeFiles/TritonAnalysis.dir/Allocation.cpp.o
  [129/547] Building CXX object lib/Analysis/CMakeFiles/TritonAnalysis.dir/BufferIndexAnalysis.cpp.o
  [130/547] Building CXX object lib/Analysis/CMakeFiles/TritonAnalysis.dir/AxisInfo.cpp.o
  [131/547] Building CXX object lib/Analysis/CMakeFiles/TritonAnalysis.dir/Alias.cpp.o
  [132/547] Building CXX object lib/Analysis/CMakeFiles/TritonAnalysis.dir/Utility.cpp.o
  [133/547] Building CXX object lib/Analysis/CMakeFiles/TritonAnalysis.dir/Membar.cpp.o
  [134/547] Building CXX object lib/Dialect/Triton/IR/CMakeFiles/TritonIR.dir/Dialect.cpp.o
  [135/547] Building CXX object lib/Dialect/Triton/IR/CMakeFiles/TritonIR.dir/DiscardableAttributes.cpp.o
  [136/547] Building CXX object lib/Dialect/Triton/IR/CMakeFiles/TritonIR.dir/Ops.cpp.o
  [137/547] Building CXX object lib/Dialect/Triton/IR/CMakeFiles/TritonIR.dir/Traits.cpp.o
  [138/547] Building CXX object lib/Dialect/Triton/IR/CMakeFiles/TritonIR.dir/Types.cpp.o
  [139/547] Building CXX object lib/Dialect/Triton/IR/CMakeFiles/TritonIR.dir/OpInterfaces.cpp.o
  [140/547] Building CXX object lib/Dialect/Triton/IR/CMakeFiles/TritonIR.dir/Utility.cpp.o
  [141/547] Building CXX object lib/Dialect/Triton/Transforms/CMakeFiles/TritonTransforms.dir/LoopAwareCSE.cpp.o
  [142/547] Building CXX object lib/Dialect/Triton/Transforms/CMakeFiles/TritonTransforms.dir/Combine.cpp.o
  [143/547] Building CXX object lib/Dialect/Triton/Transforms/CMakeFiles/TritonTransforms.dir/LoopInvariantCodeMotion.cpp.o
  [144/547] Building CXX object lib/Dialect/Triton/Transforms/CMakeFiles/TritonTransforms.dir/LoopPeeling.cpp.o
  [145/547] Building CXX object lib/Dialect/Triton/Transforms/CMakeFiles/TritonTransforms.dir/RewriteTensorDescriptorToPointer.cpp.o
  [146/547] Building CXX object lib/Dialect/Triton/Transforms/CMakeFiles/TritonTransforms.dir/LoopUnroll.cpp.o
  [147/547] Building CXX object lib/Dialect/Triton/Transforms/CMakeFiles/TritonTransforms.dir/ArithTypeConversion.cpp.o
  [148/547] Building CXX object lib/Dialect/Triton/Transforms/CMakeFiles/TritonTransforms.dir/ReorderBroadcast.cpp.o
  [149/547] Building CXX object lib/Dialect/Triton/Transforms/CMakeFiles/TritonTransforms.dir/FunctionTypeConversion.cpp.o
  [150/547] Building CXX object lib/Dialect/TritonGPU/IR/CMakeFiles/TritonGPUIR.dir/Partitioning.cpp.o
  [151/547] Building CXX object lib/Dialect/TritonGPU/IR/CMakeFiles/TritonGPUIR.dir/Types.cpp.o
  [152/547] Building CXX object lib/Dialect/TritonGPU/IR/CMakeFiles/TritonGPUIR.dir/LinearLayoutConversions.cpp.o
  [153/547] Building CXX object lib/Dialect/TritonGPU/IR/CMakeFiles/TritonGPUIR.dir/Traits.cpp.o
  [154/547] Building CXX object lib/Dialect/TritonGPU/IR/CMakeFiles/TritonGPUIR.dir/Ops.cpp.o
  [155/547] Building CXX object lib/Dialect/TritonGPU/IR/CMakeFiles/TritonGPUIR.dir/Dialect.cpp.o
  [156/547] Building CXX object lib/Dialect/TritonNvidiaGPU/IR/CMakeFiles/TritonNvidiaGPUIR.dir/TensorMemoryUtils.cpp.o
  [157/547] Building CXX object lib/Dialect/TritonNvidiaGPU/IR/CMakeFiles/TritonNvidiaGPUIR.dir/NvmmaSmemAttrs.cpp.o
  [158/547] Building CXX object lib/Dialect/TritonNvidiaGPU/IR/CMakeFiles/TritonNvidiaGPUIR.dir/Dialect.cpp.o
  [159/547] Building CXX object lib/Dialect/TritonInstrument/IR/CMakeFiles/TritonInstrumentIR.dir/Dialect.cpp.o
  [160/547] Building CXX object lib/Dialect/TritonInstrument/IR/CMakeFiles/TritonInstrumentIR.dir/FunctionBuilder.cpp.o
  [161/547] Building CXX object lib/Dialect/TritonNvidiaGPU/IR/CMakeFiles/TritonNvidiaGPUIR.dir/Ops.cpp.o
  [162/547] Building CXX object lib/Dialect/TritonInstrument/IR/CMakeFiles/TritonInstrumentIR.dir/Utility.cpp.o
  [163/547] Building CXX object lib/Dialect/Gluon/IR/CMakeFiles/GluonIR.dir/Dialect.cpp.o
  [164/547] Building CXX object lib/Dialect/TritonInstrument/IR/CMakeFiles/TritonInstrumentIR.dir/Ops.cpp.o
  [165/547] Building CXX object lib/Tools/CMakeFiles/TritonTools.dir/GenericSwizzling.cpp.o
  [166/547] Building CXX object lib/Tools/CMakeFiles/TritonTools.dir/LLVMOptions.cpp.o
  [167/547] Building GSan runtime
  [168/547] Building NVGPUAttrDefs.cpp.inc...
  [169/547] Building NVGPUAttrDefs.h.inc...
  [170/547] Building Passes.h.inc...
  [171/547] Building Passes.h.inc...
  [172/547] Building CXX object lib/Tools/CMakeFiles/TritonTools.dir/LayoutUtils.cpp.o
  [173/547] Building CXX object lib/Tools/CMakeFiles/TritonTools.dir/LinearLayout.cpp.o
  [174/547] Building CXX object lib/Tools/CMakeFiles/TritonTools.dir/PluginUtils.cpp.o
  [175/547] Building CXX object third_party/nvidia/lib/Dialect/NVWS/IR/CMakeFiles/NVWSIR.dir/Dialect.cpp.o
  [176/547] Building CXX object third_party/nvidia/lib/Dialect/NVWS/Transforms/CMakeFiles/NVWSTransforms.dir/LowerWarpGroup.cpp.o
  [177/547] Building CXX object third_party/nvidia/lib/Dialect/NVWS/IR/CMakeFiles/NVWSIR.dir/Ops.cpp.o
  [178/547] Building CXX object third_party/nvidia/lib/Dialect/NVWS/Transforms/CMakeFiles/NVWSTransforms.dir/LowerAref.cpp.o
  [179/547] Building CXX object third_party/nvidia/lib/Dialect/NVWS/Transforms/CMakeFiles/NVWSTransforms.dir/Utilities.cpp.o
  [180/547] Building CXX object third_party/nvidia/lib/Dialect/NVWS/Transforms/CMakeFiles/NVWSTransforms.dir/InsertAref.cpp.o
  [181/547] Building Passes.h.inc...
  [182/547] Building TritonAMDGPUAttrDefs.cpp.inc...
  [183/547] Building TritonAMDGPUAttrDefs.h.inc...
  [184/547] Building TritonAMDGPUEnums.cpp.inc...
  [185/547] Building TritonAMDGPUEnums.h.inc...
  [186/547] Building TritonAMDGPUOpInterfaces.cpp.inc...
  [187/547] Building TritonAMDGPUOpInterfaces.h.inc...
  [188/547] Building Passes.h.inc...
  [189/547] Building Passes.h.inc...
  [190/547] Building CXX object third_party/nvidia/lib/Dialect/NVWS/Transforms/CMakeFiles/NVWSTransforms.dir/AssignStagePhase.cpp.o
  [191/547] Building CXX object third_party/nvidia/lib/Dialect/NVWS/Transforms/CMakeFiles/NVWSTransforms.dir/InsertTmemAref.cpp.o
  [192/547] Building CXX object third_party/nvidia/lib/Dialect/NVWS/Transforms/CMakeFiles/NVWSTransforms.dir/HoistTmemStore.cpp.o
  [193/547] Building CXX object third_party/amd/test/lib/Analysis/CMakeFiles/TritonAMDGPUTestAnalysis.dir/TestAMDGPUMembar.cpp.o
  [194/547] Building CXX object third_party/amd/test/lib/Analysis/CMakeFiles/TritonAMDGPUTestAnalysis.dir/TestAMDRangeAnalysis.cpp.o
  [195/547] Building CXX object third_party/amd/test/lib/Analysis/CMakeFiles/TritonAMDGPUTestAnalysis.dir/TestAxisInfo.cpp.o
  [196/547] Building CXX object lib/Conversion/TritonToTritonGPU/CMakeFiles/TritonToTritonGPU.dir/RelayoutTritonGPU.cpp.o
  [197/547] Building CXX object lib/Conversion/TritonToTritonGPU/CMakeFiles/TritonToTritonGPU.dir/TritonGPUConversion.cpp.o
  [198/547] Building CXX object lib/Dialect/TritonGPU/Transforms/CMakeFiles/TritonGPUTransforms.dir/AccelerateMatmul.cpp.o
  [199/547] Building CXX object lib/Dialect/TritonGPU/Transforms/CMakeFiles/TritonGPUTransforms.dir/F32DotTC.cpp.o
  [200/547] Building CXX object lib/Dialect/TritonGPU/Transforms/CMakeFiles/TritonGPUTransforms.dir/Coalesce.cpp.o
Aborting app initialization...

Stopping app - keyboard interrupt received. Use `modal run --detach` to prevent KeyboardInterrupts from killing apps.

Aborted!
