✓ Initialized. View run at 
https://modal.com/apps/chenmiaoming/main/ap-CUqhXjE6s4XnFuVWhfW4ch
Building image im-cKQUVGFOl0NlLQI9qnXNRy

=> Step 0: FROM base

=> Step 1: COPY . /
Saving image...
Image saved, took 1.16s

Built image im-cKQUVGFOl0NlLQI9qnXNRy in 4.25s


✓ Created objects.
├── ✓ Uploaded /home/chenmiaoming/triton-exp
├── ✓ Uploaded PythonPackage:experiments
├── ✓ Created Function benchmark_sm90.
├── ✓ Created Function benchmark_sm100.
└── ✓ Created Function benchmark_sm120.

==========
== CUDA ==
==========

CUDA Version 12.6.3

Container image Copyright (c) 2016-2023, NVIDIA CORPORATION & AFFILIATES. All rights reserved.

This container image and its contents are governed by the NVIDIA Deep Learning Container License.
By pulling and using the container, you accept the terms and conditions of this license:
https://developer.nvidia.com/ngc/nvidia-deep-learning-container-license

A copy of this license is made available in this container at /NGC-DL-CONTAINER-LICENSE for your convenience.
/opt/nvidia/entrypoint.d/50-gpu-driver-check.sh: line 5: ldconfig: command not found

WARNING: The NVIDIA Driver was not detected.  GPU functionality will not be available.
   Use the NVIDIA Container Toolkit to start this container with GPU support; see
   https://docs.nvidia.com/datacenter/cloud-native/ .

sm90 invocation1: frozen round1/10
sm90 invocation1: frozen round2/10
sm90 invocation1: frozen round3/10
sm90 invocation1: frozen round4/10
sm90 invocation1: frozen round5/10
sm90 invocation1: frozen round6/10
sm90 invocation1: frozen round7/10
sm90 invocation1: frozen round8/10
sm90 invocation1: frozen round9/10
sm90 invocation1: frozen round10/10
Accepted sm90 invocation1; complete original retained

==========
== CUDA ==
==========

CUDA Version 12.6.3

Container image Copyright (c) 2016-2023, NVIDIA CORPORATION & AFFILIATES. All rights reserved.

This container image and its contents are governed by the NVIDIA Deep Learning Container License.
By pulling and using the container, you accept the terms and conditions of this license:
https://developer.nvidia.com/ngc/nvidia-deep-learning-container-license

A copy of this license is made available in this container at /NGC-DL-CONTAINER-LICENSE for your convenience.
/opt/nvidia/entrypoint.d/50-gpu-driver-check.sh: line 5: ldconfig: command not found

WARNING: The NVIDIA Driver was not detected.  GPU functionality will not be available.
   Use the NVIDIA Container Toolkit to start this container with GPU support; see
   https://docs.nvidia.com/datacenter/cloud-native/ .

sm90 invocation2: frozen round1/10
sm90 invocation2: frozen round2/10
sm90 invocation2: frozen round3/10
sm90 invocation2: frozen round4/10
sm90 invocation2: frozen round5/10
sm90 invocation2: frozen round6/10
sm90 invocation2: frozen round7/10
sm90 invocation2: frozen round8/10
sm90 invocation2: frozen round9/10
sm90 invocation2: frozen round10/10
Accepted sm90 invocation2; complete original retained

==========
== CUDA ==
==========

CUDA Version 12.6.3

Container image Copyright (c) 2016-2023, NVIDIA CORPORATION & AFFILIATES. All rights reserved.

This container image and its contents are governed by the NVIDIA Deep Learning Container License.
By pulling and using the container, you accept the terms and conditions of this license:
https://developer.nvidia.com/ngc/nvidia-deep-learning-container-license

A copy of this license is made available in this container at /NGC-DL-CONTAINER-LICENSE for your convenience.
/opt/nvidia/entrypoint.d/50-gpu-driver-check.sh: line 5: ldconfig: command not found

WARNING: The NVIDIA Driver was not detected.  GPU functionality will not be available.
   Use the NVIDIA Container Toolkit to start this container with GPU support; see
   https://docs.nvidia.com/datacenter/cloud-native/ .

sm90 invocation3: frozen round1/10
sm90 invocation3: frozen round2/10
sm90 invocation3: frozen round3/10
sm90 invocation3: frozen round4/10
sm90 invocation3: frozen round5/10
sm90 invocation3: frozen round6/10
sm90 invocation3: frozen round7/10
sm90 invocation3: frozen round8/10
sm90 invocation3: frozen round9/10
sm90 invocation3: frozen round10/10
Accepted sm90 invocation3; complete original retained

==========
== CUDA ==
==========

CUDA Version 12.6.3

Container image Copyright (c) 2016-2023, NVIDIA CORPORATION & AFFILIATES. All rights reserved.

This container image and its contents are governed by the NVIDIA Deep Learning Container License.
By pulling and using the container, you accept the terms and conditions of this license:
https://developer.nvidia.com/ngc/nvidia-deep-learning-container-license

A copy of this license is made available in this container at /NGC-DL-CONTAINER-LICENSE for your convenience.
/opt/nvidia/entrypoint.d/50-gpu-driver-check.sh: line 5: ldconfig: command not found

WARNING: The NVIDIA Driver was not detected.  GPU functionality will not be available.
   Use the NVIDIA Container Toolkit to start this container with GPU support; see
   https://docs.nvidia.com/datacenter/cloud-native/ .

sm100 invocation1: frozen round1/10
sm100 invocation1: frozen round2/10
sm100 invocation1: frozen round3/10
sm100 invocation1: frozen round4/10
sm100 invocation1: frozen round5/10
sm100 invocation1: frozen round6/10
sm100 invocation1: frozen round7/10
sm100 invocation1: frozen round8/10
sm100 invocation1: frozen round9/10
sm100 invocation1: frozen round10/10
Accepted sm100 invocation1; complete original retained

==========
== CUDA ==
==========

CUDA Version 12.6.3

Container image Copyright (c) 2016-2023, NVIDIA CORPORATION & AFFILIATES. All rights reserved.

This container image and its contents are governed by the NVIDIA Deep Learning Container License.
By pulling and using the container, you accept the terms and conditions of this license:
https://developer.nvidia.com/ngc/nvidia-deep-learning-container-license

A copy of this license is made available in this container at /NGC-DL-CONTAINER-LICENSE for your convenience.
/opt/nvidia/entrypoint.d/50-gpu-driver-check.sh: line 5: ldconfig: command not found

WARNING: The NVIDIA Driver was not detected.  GPU functionality will not be available.
   Use the NVIDIA Container Toolkit to start this container with GPU support; see
   https://docs.nvidia.com/datacenter/cloud-native/ .

sm100 invocation2: frozen round1/10
sm100 invocation2: frozen round2/10
sm100 invocation2: frozen round3/10
sm100 invocation2: frozen round4/10
sm100 invocation2: frozen round5/10
sm100 invocation2: frozen round6/10
sm100 invocation2: frozen round7/10
sm100 invocation2: frozen round8/10
sm100 invocation2: frozen round9/10
sm100 invocation2: frozen round10/10
Accepted sm100 invocation2; complete original retained

==========
== CUDA ==
==========

CUDA Version 12.6.3

Container image Copyright (c) 2016-2023, NVIDIA CORPORATION & AFFILIATES. All rights reserved.

This container image and its contents are governed by the NVIDIA Deep Learning Container License.
By pulling and using the container, you accept the terms and conditions of this license:
https://developer.nvidia.com/ngc/nvidia-deep-learning-container-license

A copy of this license is made available in this container at /NGC-DL-CONTAINER-LICENSE for your convenience.
/opt/nvidia/entrypoint.d/50-gpu-driver-check.sh: line 5: ldconfig: command not found

WARNING: The NVIDIA Driver was not detected.  GPU functionality will not be available.
   Use the NVIDIA Container Toolkit to start this container with GPU support; see
   https://docs.nvidia.com/datacenter/cloud-native/ .

sm100 invocation3: frozen round1/10
sm100 invocation3: frozen round2/10
sm100 invocation3: frozen round3/10
sm100 invocation3: frozen round4/10
sm100 invocation3: frozen round5/10
sm100 invocation3: frozen round6/10
sm100 invocation3: frozen round7/10
sm100 invocation3: frozen round8/10
sm100 invocation3: frozen round9/10
sm100 invocation3: frozen round10/10
Accepted sm100 invocation3; complete original retained

==========
== CUDA ==
==========

CUDA Version 12.6.3

Container image Copyright (c) 2016-2023, NVIDIA CORPORATION & AFFILIATES. All rights reserved.

This container image and its contents are governed by the NVIDIA Deep Learning Container License.
By pulling and using the container, you accept the terms and conditions of this license:
https://developer.nvidia.com/ngc/nvidia-deep-learning-container-license

A copy of this license is made available in this container at /NGC-DL-CONTAINER-LICENSE for your convenience.
/opt/nvidia/entrypoint.d/50-gpu-driver-check.sh: line 5: ldconfig: command not found

WARNING: The NVIDIA Driver was not detected.  GPU functionality will not be available.
   Use the NVIDIA Container Toolkit to start this container with GPU support; see
   https://docs.nvidia.com/datacenter/cloud-native/ .

sm120 invocation1: frozen round1/10
sm120 invocation1: frozen round2/10
sm120 invocation1: frozen round3/10
sm120 invocation1: frozen round4/10
sm120 invocation1: frozen round5/10
sm120 invocation1: frozen round6/10
sm120 invocation1: frozen round7/10
sm120 invocation1: frozen round8/10
sm120 invocation1: frozen round9/10
sm120 invocation1: frozen round10/10
Accepted sm120 invocation1; complete original retained

==========
== CUDA ==
==========

CUDA Version 12.6.3

Container image Copyright (c) 2016-2023, NVIDIA CORPORATION & AFFILIATES. All rights reserved.

This container image and its contents are governed by the NVIDIA Deep Learning Container License.
By pulling and using the container, you accept the terms and conditions of this license:
https://developer.nvidia.com/ngc/nvidia-deep-learning-container-license

A copy of this license is made available in this container at /NGC-DL-CONTAINER-LICENSE for your convenience.
/opt/nvidia/entrypoint.d/50-gpu-driver-check.sh: line 5: ldconfig: command not found

WARNING: The NVIDIA Driver was not detected.  GPU functionality will not be available.
   Use the NVIDIA Container Toolkit to start this container with GPU support; see
   https://docs.nvidia.com/datacenter/cloud-native/ .

sm120 invocation2: frozen round1/10
sm120 invocation2: frozen round2/10
sm120 invocation2: frozen round3/10
sm120 invocation2: frozen round4/10
sm120 invocation2: frozen round5/10
sm120 invocation2: frozen round6/10
sm120 invocation2: frozen round7/10
sm120 invocation2: frozen round8/10
sm120 invocation2: frozen round9/10
sm120 invocation2: frozen round10/10
Accepted sm120 invocation2; complete original retained

==========
== CUDA ==
==========

CUDA Version 12.6.3

Container image Copyright (c) 2016-2023, NVIDIA CORPORATION & AFFILIATES. All rights reserved.

This container image and its contents are governed by the NVIDIA Deep Learning Container License.
By pulling and using the container, you accept the terms and conditions of this license:
https://developer.nvidia.com/ngc/nvidia-deep-learning-container-license

A copy of this license is made available in this container at /NGC-DL-CONTAINER-LICENSE for your convenience.
/opt/nvidia/entrypoint.d/50-gpu-driver-check.sh: line 5: ldconfig: command not found

WARNING: The NVIDIA Driver was not detected.  GPU functionality will not be available.
   Use the NVIDIA Container Toolkit to start this container with GPU support; see
   https://docs.nvidia.com/datacenter/cloud-native/ .

sm120 invocation3: frozen round1/10
sm120 invocation3: frozen round2/10
sm120 invocation3: frozen round3/10
sm120 invocation3: frozen round4/10
sm120 invocation3: frozen round5/10
sm120 invocation3: frozen round6/10
sm120 invocation3: frozen round7/10
sm120 invocation3: frozen round8/10
sm120 invocation3: frozen round9/10
sm120 invocation3: frozen round10/10
Accepted sm120 invocation3; complete original retained
Raw timing complete. Close CLI logs before freezing; no outcome analysis in worker.
Stopping app - local entrypoint completed.
✓ App completed. View run at 
https://modal.com/apps/chenmiaoming/main/ap-CUqhXjE6s4XnFuVWhfW4ch
