✓ Initialized. View run at 
https://modal.com/apps/chenmiaoming/main/ap-lZGMNZvmilT3dQkbP94ioc
✓ Created objects.
├── ✓ Uploaded /home/chenmiaoming/triton-exp
├── ✓ Uploaded /home/chenmiaoming/triton-exp
├── ✓ Uploaded PythonPackage:experiments
├── ✓ Uploaded 
│   /home/chenmiaoming/triton-exp/experiments/tma_reduction_layout/phase6/build_
│   native.py
└── ✓ Created Function collect.

==========
== CUDA ==
==========

CUDA Version 12.6.3

Container image Copyright (c) 2016-2023, NVIDIA CORPORATION & AFFILIATES. All rights reserved.

This container image and its contents are governed by the NVIDIA Deep Learning Container License.
By pulling and using the container, you accept the terms and conditions of this license:
https://developer.nvidia.com/ngc/nvidia-deep-learning-container-license

A copy of this license is made available in this container at /NGC-DL-CONTAINER-LICENSE for your convenience.
/opt/nvidia/entrypoint.d/50-gpu-driver-check.sh: line 5: ldconfig: command not found

WARNING: The NVIDIA Driver was not detected.  GPU functionality will not be available.
   Use the NVIDIA Container Toolkit to start this container with GPU support; see
   https://docs.nvidia.com/datacenter/cloud-native/ .

M1024_N128_w4 default canonical: FAILED_DETERMINISTIC
M1024_N128_w4 default host_native: FAILED_DETERMINISTIC
M1024_N128_w4 default host_canonical: FAILED_DETERMINISTIC
M1024_N128_w4 default device_native: FAILED_DETERMINISTIC
M1024_N128_w4 default device_canonical: FAILED_DETERMINISTIC
M1024_N128_w4 4 canonical: FAILED_DETERMINISTIC
M1024_N128_w4 4 host_native: FAILED_DETERMINISTIC
M1024_N128_w4 4 host_canonical: FAILED_DETERMINISTIC
M1024_N128_w4 4 device_native: FAILED_DETERMINISTIC
M1024_N128_w4 4 device_canonical: FAILED_DETERMINISTIC
M1024_N128_w8 default canonical: FAILED_DETERMINISTIC
M1024_N128_w8 default host_native: FAILED_DETERMINISTIC
M1024_N128_w8 default host_canonical: FAILED_DETERMINISTIC
M1024_N128_w8 default device_native: FAILED_DETERMINISTIC
M1024_N128_w8 default device_canonical: FAILED_DETERMINISTIC
M1024_N128_w8 4 canonical: FAILED_DETERMINISTIC
M1024_N128_w8 4 host_native: FAILED_DETERMINISTIC
M1024_N128_w8 4 host_canonical: FAILED_DETERMINISTIC
M1024_N128_w8 4 device_native: FAILED_DETERMINISTIC
M1024_N128_w8 4 device_canonical: FAILED_DETERMINISTIC
M1024_N16_w4 default canonical: EXPORTED
M1024_N16_w4 default host_native: EXPORTED
M1024_N16_w4 default host_canonical: EXPORTED
M1024_N16_w4 default device_native: EXPORTED
M1024_N16_w4 default device_canonical: EXPORTED
M1024_N16_w4 4 canonical: EXPORTED
M1024_N16_w4 4 host_native: EXPORTED
M1024_N16_w4 4 host_canonical: EXPORTED
M1024_N16_w4 4 device_native: EXPORTED
M1024_N16_w4 4 device_canonical: EXPORTED
M1024_N16_w8 default canonical: EXPORTED
M1024_N16_w8 default host_native: EXPORTED
M1024_N16_w8 default host_canonical: EXPORTED
M1024_N16_w8 default device_native: EXPORTED
M1024_N16_w8 default device_canonical: EXPORTED
M1024_N16_w8 4 canonical: EXPORTED
M1024_N16_w8 4 host_native: EXPORTED
M1024_N16_w8 4 host_canonical: EXPORTED
M1024_N16_w8 4 device_native: EXPORTED
M1024_N16_w8 4 device_canonical: EXPORTED
M1024_N32_w16 default canonical: EXPORTED
M1024_N32_w16 default host_native: EXPORTED
M1024_N32_w16 default host_canonical: EXPORTED
M1024_N32_w16 default device_native: EXPORTED
M1024_N32_w16 default device_canonical: EXPORTED
M1024_N32_w16 4 canonical: EXPORTED
M1024_N32_w16 4 host_native: EXPORTED
M1024_N32_w16 4 host_canonical: EXPORTED
M1024_N32_w16 4 device_native: EXPORTED
M1024_N32_w16 4 device_canonical: EXPORTED
M1024_N32_w4 default canonical: EXPORTED
M1024_N32_w4 default host_native: EXPORTED
M1024_N32_w4 default host_canonical: EXPORTED
M1024_N32_w4 default device_native: EXPORTED
M1024_N32_w4 default device_canonical: EXPORTED
M1024_N32_w4 4 canonical: EXPORTED
M1024_N32_w4 4 host_native: EXPORTED
M1024_N32_w4 4 host_canonical: EXPORTED
M1024_N32_w4 4 device_native: EXPORTED
M1024_N32_w4 4 device_canonical: EXPORTED
M1024_N32_w8 default canonical: EXPORTED
M1024_N32_w8 default host_native: EXPORTED
M1024_N32_w8 default host_canonical: EXPORTED
M1024_N32_w8 default device_native: EXPORTED
M1024_N32_w8 default device_canonical: EXPORTED
M1024_N32_w8 4 canonical: EXPORTED
M1024_N32_w8 4 host_native: EXPORTED
M1024_N32_w8 4 host_canonical: EXPORTED
M1024_N32_w8 4 device_native: EXPORTED
M1024_N32_w8 4 device_canonical: EXPORTED
M1024_N64_w16 default canonical: EXPORTED
M1024_N64_w16 default host_native: EXPORTED
M1024_N64_w16 default host_canonical: EXPORTED
M1024_N64_w16 default device_native: EXPORTED
M1024_N64_w16 default device_canonical: EXPORTED
M1024_N64_w16 4 canonical: EXPORTED
M1024_N64_w16 4 host_native: EXPORTED
M1024_N64_w16 4 host_canonical: EXPORTED
M1024_N64_w16 4 device_native: EXPORTED
M1024_N64_w16 4 device_canonical: EXPORTED
M1024_N64_w4 default canonical: EXPORTED
M1024_N64_w4 default host_native: EXPORTED
M1024_N64_w4 default host_canonical: EXPORTED
M1024_N64_w4 default device_native: EXPORTED
M1024_N64_w4 default device_canonical: EXPORTED
M1024_N64_w4 4 canonical: EXPORTED
M1024_N64_w4 4 host_native: EXPORTED
M1024_N64_w4 4 host_canonical: EXPORTED
M1024_N64_w4 4 device_native: EXPORTED
M1024_N64_w4 4 device_canonical: EXPORTED
M1024_N64_w8 default canonical: EXPORTED
M1024_N64_w8 default host_native: EXPORTED
M1024_N64_w8 default host_canonical: EXPORTED
M1024_N64_w8 default device_native: EXPORTED
M1024_N64_w8 default device_canonical: EXPORTED
M1024_N64_w8 4 canonical: EXPORTED
M1024_N64_w8 4 host_native: EXPORTED
M1024_N64_w8 4 host_canonical: EXPORTED
M1024_N64_w8 4 device_native: EXPORTED
M1024_N64_w8 4 device_canonical: EXPORTED
M128_N32_w16 default canonical: EXPORTED
M128_N32_w16 default host_native: EXPORTED
M128_N32_w16 default host_canonical: EXPORTED
M128_N32_w16 default device_native: EXPORTED
M128_N32_w16 default device_canonical: EXPORTED
M128_N32_w16 4 canonical: EXPORTED
M128_N32_w16 4 host_native: EXPORTED
M128_N32_w16 4 host_canonical: EXPORTED
M128_N32_w16 4 device_native: EXPORTED
M128_N32_w16 4 device_canonical: EXPORTED
M128_N64_w16 default canonical: EXPORTED
M128_N64_w16 default host_native: EXPORTED
M128_N64_w16 default host_canonical: EXPORTED
M128_N64_w16 default device_native: EXPORTED
M128_N64_w16 default device_canonical: EXPORTED
M128_N64_w16 4 canonical: EXPORTED
M128_N64_w16 4 host_native: EXPORTED
M128_N64_w16 4 host_canonical: EXPORTED
M128_N64_w16 4 device_native: EXPORTED
M128_N64_w16 4 device_canonical: EXPORTED
M2048_N128_w16 default canonical: FAILED_DETERMINISTIC
M2048_N128_w16 default host_native: FAILED_DETERMINISTIC
M2048_N128_w16 default host_canonical: FAILED_DETERMINISTIC
M2048_N128_w16 default device_native: FAILED_DETERMINISTIC
M2048_N128_w16 default device_canonical: FAILED_DETERMINISTIC
M2048_N128_w16 4 canonical: FAILED_DETERMINISTIC
M2048_N128_w16 4 host_native: FAILED_DETERMINISTIC
M2048_N128_w16 4 host_canonical: FAILED_DETERMINISTIC
M2048_N128_w16 4 device_native: FAILED_DETERMINISTIC
M2048_N128_w16 4 device_canonical: FAILED_DETERMINISTIC
M2048_N128_w4 default canonical: FAILED_DETERMINISTIC
M2048_N128_w4 default host_native: FAILED_DETERMINISTIC
M2048_N128_w4 default host_canonical: FAILED_DETERMINISTIC
M2048_N128_w4 default device_native: FAILED_DETERMINISTIC
M2048_N128_w4 default device_canonical: FAILED_DETERMINISTIC
M2048_N128_w4 4 canonical: FAILED_DETERMINISTIC
M2048_N128_w4 4 host_native: FAILED_DETERMINISTIC
M2048_N128_w4 4 host_canonical: FAILED_DETERMINISTIC
M2048_N128_w4 4 device_native: FAILED_DETERMINISTIC
M2048_N128_w4 4 device_canonical: FAILED_DETERMINISTIC
M2048_N128_w8 default canonical: FAILED_DETERMINISTIC
M2048_N128_w8 default host_native: FAILED_DETERMINISTIC
M2048_N128_w8 default host_canonical: FAILED_DETERMINISTIC
M2048_N128_w8 default device_native: FAILED_DETERMINISTIC
M2048_N128_w8 default device_canonical: FAILED_DETERMINISTIC
M2048_N128_w8 4 canonical: FAILED_DETERMINISTIC
M2048_N128_w8 4 host_native: FAILED_DETERMINISTIC
M2048_N128_w8 4 host_canonical: FAILED_DETERMINISTIC
M2048_N128_w8 4 device_native: FAILED_DETERMINISTIC
M2048_N128_w8 4 device_canonical: FAILED_DETERMINISTIC
M2048_N16_w16 default canonical: EXPORTED
M2048_N16_w16 default host_native: EXPORTED
M2048_N16_w16 default host_canonical: EXPORTED
M2048_N16_w16 default device_native: EXPORTED
M2048_N16_w16 default device_canonical: EXPORTED
M2048_N16_w16 4 canonical: EXPORTED
M2048_N16_w16 4 host_native: EXPORTED
M2048_N16_w16 4 host_canonical: EXPORTED
M2048_N16_w16 4 device_native: EXPORTED
M2048_N16_w16 4 device_canonical: EXPORTED
M2048_N16_w4 default canonical: EXPORTED
M2048_N16_w4 default host_native: EXPORTED
M2048_N16_w4 default host_canonical: EXPORTED
M2048_N16_w4 default device_native: EXPORTED
M2048_N16_w4 default device_canonical: EXPORTED
M2048_N16_w4 4 canonical: EXPORTED
M2048_N16_w4 4 host_native: EXPORTED
M2048_N16_w4 4 host_canonical: EXPORTED
M2048_N16_w4 4 device_native: EXPORTED
M2048_N16_w4 4 device_canonical: EXPORTED
M2048_N16_w8 default canonical: EXPORTED
M2048_N16_w8 default host_native: EXPORTED
M2048_N16_w8 default host_canonical: EXPORTED
M2048_N16_w8 default device_native: EXPORTED
M2048_N16_w8 default device_canonical: EXPORTED
M2048_N16_w8 4 canonical: EXPORTED
M2048_N16_w8 4 host_native: EXPORTED
M2048_N16_w8 4 host_canonical: EXPORTED
M2048_N16_w8 4 device_native: EXPORTED
M2048_N16_w8 4 device_canonical: EXPORTED
M2048_N32_w16 default canonical: EXPORTED
M2048_N32_w16 default host_native: EXPORTED
M2048_N32_w16 default host_canonical: EXPORTED
M2048_N32_w16 default device_native: EXPORTED
M2048_N32_w16 default device_canonical: EXPORTED
M2048_N32_w16 4 canonical: EXPORTED
M2048_N32_w16 4 host_native: EXPORTED
M2048_N32_w16 4 host_canonical: EXPORTED
M2048_N32_w16 4 device_native: EXPORTED
M2048_N32_w16 4 device_canonical: EXPORTED
M2048_N32_w4 default canonical: EXPORTED
M2048_N32_w4 default host_native: EXPORTED
M2048_N32_w4 default host_canonical: EXPORTED
M2048_N32_w4 default device_native: EXPORTED
M2048_N32_w4 default device_canonical: EXPORTED
M2048_N32_w4 4 canonical: EXPORTED
M2048_N32_w4 4 host_native: EXPORTED
M2048_N32_w4 4 host_canonical: EXPORTED
M2048_N32_w4 4 device_native: EXPORTED
M2048_N32_w4 4 device_canonical: EXPORTED
M2048_N32_w8 default canonical: EXPORTED
M2048_N32_w8 default host_native: EXPORTED
M2048_N32_w8 default host_canonical: EXPORTED
M2048_N32_w8 default device_native: EXPORTED
M2048_N32_w8 default device_canonical: EXPORTED
M2048_N32_w8 4 canonical: EXPORTED
M2048_N32_w8 4 host_native: EXPORTED
M2048_N32_w8 4 host_canonical: EXPORTED
M2048_N32_w8 4 device_native: EXPORTED
M2048_N32_w8 4 device_canonical: EXPORTED
M2048_N64_w16 default canonical: FAILED_DETERMINISTIC
M2048_N64_w16 default host_native: FAILED_DETERMINISTIC
M2048_N64_w16 default host_canonical: FAILED_DETERMINISTIC
M2048_N64_w16 default device_native: FAILED_DETERMINISTIC
M2048_N64_w16 default device_canonical: FAILED_DETERMINISTIC
M2048_N64_w16 4 canonical: FAILED_DETERMINISTIC
M2048_N64_w16 4 host_native: FAILED_DETERMINISTIC
M2048_N64_w16 4 host_canonical: FAILED_DETERMINISTIC
M2048_N64_w16 4 device_native: FAILED_DETERMINISTIC
M2048_N64_w16 4 device_canonical: FAILED_DETERMINISTIC
M2048_N64_w4 default canonical: FAILED_DETERMINISTIC
M2048_N64_w4 default host_native: FAILED_DETERMINISTIC
M2048_N64_w4 default host_canonical: FAILED_DETERMINISTIC
M2048_N64_w4 default device_native: FAILED_DETERMINISTIC
M2048_N64_w4 default device_canonical: FAILED_DETERMINISTIC
M2048_N64_w4 4 canonical: FAILED_DETERMINISTIC
M2048_N64_w4 4 host_native: FAILED_DETERMINISTIC
M2048_N64_w4 4 host_canonical: FAILED_DETERMINISTIC
M2048_N64_w4 4 device_native: FAILED_DETERMINISTIC
M2048_N64_w4 4 device_canonical: FAILED_DETERMINISTIC
M2048_N64_w8 default canonical: FAILED_DETERMINISTIC
M2048_N64_w8 default host_native: FAILED_DETERMINISTIC
M2048_N64_w8 default host_canonical: FAILED_DETERMINISTIC
M2048_N64_w8 default device_native: FAILED_DETERMINISTIC
M2048_N64_w8 default device_canonical: FAILED_DETERMINISTIC
M2048_N64_w8 4 canonical: FAILED_DETERMINISTIC
M2048_N64_w8 4 host_native: FAILED_DETERMINISTIC
M2048_N64_w8 4 host_canonical: FAILED_DETERMINISTIC
M2048_N64_w8 4 device_native: FAILED_DETERMINISTIC
M2048_N64_w8 4 device_canonical: FAILED_DETERMINISTIC
M256_N32_w16 default canonical: EXPORTED
M256_N32_w16 default host_native: EXPORTED
M256_N32_w16 default host_canonical: EXPORTED
M256_N32_w16 default device_native: EXPORTED
M256_N32_w16 default device_canonical: EXPORTED
M256_N32_w16 4 canonical: EXPORTED
M256_N32_w16 4 host_native: EXPORTED
M256_N32_w16 4 host_canonical: EXPORTED
M256_N32_w16 4 device_native: EXPORTED
M256_N32_w16 4 device_canonical: EXPORTED
M256_N64_w16 default canonical: EXPORTED
M256_N64_w16 default host_native: EXPORTED
M256_N64_w16 default host_canonical: EXPORTED
M256_N64_w16 default device_native: EXPORTED
M256_N64_w16 default device_canonical: EXPORTED
M256_N64_w16 4 canonical: EXPORTED
M256_N64_w16 4 host_native: EXPORTED
M256_N64_w16 4 host_canonical: EXPORTED
M256_N64_w16 4 device_native: EXPORTED
M256_N64_w16 4 device_canonical: EXPORTED
M512_N32_w16 default canonical: EXPORTED
M512_N32_w16 default host_native: EXPORTED
M512_N32_w16 default host_canonical: EXPORTED
M512_N32_w16 default device_native: EXPORTED
M512_N32_w16 default device_canonical: EXPORTED
M512_N32_w16 4 canonical: EXPORTED
M512_N32_w16 4 host_native: EXPORTED
M512_N32_w16 4 host_canonical: EXPORTED
M512_N32_w16 4 device_native: EXPORTED
M512_N32_w16 4 device_canonical: EXPORTED
M512_N64_w16 default canonical: EXPORTED
M512_N64_w16 default host_native: EXPORTED
M512_N64_w16 default host_canonical: EXPORTED
M512_N64_w16 default device_native: EXPORTED
M512_N64_w16 default device_canonical: EXPORTED
M512_N64_w16 4 canonical: EXPORTED
M512_N64_w16 4 host_native: EXPORTED
M512_N64_w16 4 host_canonical: EXPORTED
M512_N64_w16 4 device_native: EXPORTED
M512_N64_w16 4 device_canonical: EXPORTED
M64_N64_w16 default canonical: EXPORTED
M64_N64_w16 default host_native: EXPORTED
M64_N64_w16 default host_canonical: EXPORTED
M64_N64_w16 default device_native: EXPORTED
M64_N64_w16 default device_canonical: EXPORTED
M64_N64_w16 4 canonical: EXPORTED
M64_N64_w16 4 host_native: EXPORTED
M64_N64_w16 4 host_canonical: EXPORTED
M64_N64_w16 4 device_native: EXPORTED
M64_N64_w16 4 device_canonical: EXPORTED
Fresh artifacts retained: 290 binary attempts; no performance observations
Stopping app - local entrypoint completed.
✓ App completed. View run at 
https://modal.com/apps/chenmiaoming/main/ap-lZGMNZvmilT3dQkbP94ioc
