✓ Initialized. View run at 
https://modal.com/apps/chenmiaoming/main/ap-MbKpf6rOWQF8FArmXfYEuX
Building image im-O1mFm1EtsVsAn6aTsitZPg

=> Step 0: FROM base

=> Step 1: COPY . /
Saving image...
Image saved, took 707.33ms

Built image im-O1mFm1EtsVsAn6aTsitZPg in 2.21s


Building image im-5BgvnrBykhfAnSLankBGuQ

=> Step 0: FROM base

=> Step 1: RUN python3 /opt/phase9-install-tools.py
CUDA13.0.85 cuobjdump/nvdisasm installed with verified official archive hashes; no native build
Saving image...
Image saved, took 804.62ms

Built image im-5BgvnrBykhfAnSLankBGuQ in 3.90s


Building image im-1IDQxHY3NeVW9O4TqDJZQc

=> Step 0: FROM base

=> Step 1: ENV PYTHONPATH=/opt/triton-src

=> Step 2: ENV PATH=/opt/phase9-cuda-tools/bin:/usr/local/cuda/bin:/usr/local/bin:/usr/bin:/bin
Saving image...
Image saved, took 1.32s

Built image im-1IDQxHY3NeVW9O4TqDJZQc in 3.70s


✓ Created objects.
├── ✓ Uploaded /home/chenmiaoming/triton-exp
├── ✓ Uploaded /home/chenmiaoming/triton-exp
├── ✓ Uploaded 
│   /home/chenmiaoming/triton-exp/experiments/tma_reduction_layout/phase6/build_
│   native.py
├── ✓ Uploaded 
│   /home/chenmiaoming/triton-exp/experiments/tma_reduction_layout/phase9/instal
│   l_tools.py
├── ✓ Uploaded PythonPackage:experiments
├── ✓ Created Function collect_sm120.
├── ✓ Created Function collect_sm100.
└── ✓ Created Function collect_sm90.

==========
== CUDA ==
==========

CUDA Version 12.6.3

Container image Copyright (c) 2016-2023, NVIDIA CORPORATION & AFFILIATES. All rights reserved.

This container image and its contents are governed by the NVIDIA Deep Learning Container License.
By pulling and using the container, you accept the terms and conditions of this license:
https://developer.nvidia.com/ngc/nvidia-deep-learning-container-license

A copy of this license is made available in this container at /NGC-DL-CONTAINER-LICENSE for your convenience.
/opt/nvidia/entrypoint.d/50-gpu-driver-check.sh: line 5: ldconfig: command not found

WARNING: The NVIDIA Driver was not detected.  GPU functionality will not be available.
   Use the NVIDIA Container Toolkit to start this container with GPU support; see
   https://docs.nvidia.com/datacenter/cloud-native/ .

sm90 M32_N64_w8 reduction default: EXPORTED
sm90 M32_N64_w8 reduction 4: EXPORTED
sm90 M32_N64_w8 load_copy default: EXPORTED
sm90 M32_N64_w8 load_copy 4: EXPORTED
sm90 M32_N64_w8 store_copy default: EXPORTED
sm90 M32_N64_w8 store_copy 4: EXPORTED
sm90 M32_N128_w4 reduction default: EXPORTED
sm90 M32_N128_w4 reduction 4: EXPORTED
sm90 M32_N16_w4 reduction default: EXPORTED
sm90 M32_N16_w4 reduction 4: EXPORTED
sm90 M32_N256_w4 reduction default: EXPORTED
sm90 M32_N256_w4 reduction 4: EXPORTED
sm90 M32_N256_w4 load_copy default: EXPORTED
sm90 M32_N256_w4 load_copy 4: EXPORTED
sm90 M32_N256_w4 store_copy default: EXPORTED
sm90 M32_N256_w4 store_copy 4: EXPORTED
sm90 M256_N64_w8 reduction default: EXPORTED
sm90 M256_N64_w8 reduction 4: EXPORTED
sm90 M512_N64_w8 reduction default: EXPORTED
sm90 M512_N64_w8 reduction 4: EXPORTED
sm90 M128_N32_w16 reduction default: EXPORTED
sm90 M128_N32_w16 reduction 4: EXPORTED
sm90 M128_N32_w16 load_copy default: EXPORTED
sm90 M128_N32_w16 load_copy 4: EXPORTED
sm90 M128_N32_w16 store_copy default: EXPORTED
sm90 M128_N32_w16 store_copy 4: EXPORTED
sm90 M1024_N32_w16 reduction default: EXPORTED
sm90 M1024_N32_w16 reduction 4: EXPORTED
sm90 M2048_N32_w16 reduction default: EXPORTED
sm90 M2048_N32_w16 reduction 4: EXPORTED
sm90 M128_N64_w32 reduction default: EXPORTED
sm90 M128_N64_w32 reduction 4: EXPORTED
sm90 M512_N128_w32 reduction default: EXPORTED
sm90 M512_N128_w32 reduction 4: EXPORTED
sm90 M32_N128_w8 reduction default: EXPORTED
sm90 M32_N128_w8 reduction 4: EXPORTED
Original sm90 compiler export retained: 10593266 bytes

==========
== CUDA ==
==========

CUDA Version 12.6.3

Container image Copyright (c) 2016-2023, NVIDIA CORPORATION & AFFILIATES. All rights reserved.

This container image and its contents are governed by the NVIDIA Deep Learning Container License.
By pulling and using the container, you accept the terms and conditions of this license:
https://developer.nvidia.com/ngc/nvidia-deep-learning-container-license

A copy of this license is made available in this container at /NGC-DL-CONTAINER-LICENSE for your convenience.
/opt/nvidia/entrypoint.d/50-gpu-driver-check.sh: line 5: ldconfig: command not found

WARNING: The NVIDIA Driver was not detected.  GPU functionality will not be available.
   Use the NVIDIA Container Toolkit to start this container with GPU support; see
   https://docs.nvidia.com/datacenter/cloud-native/ .

sm100 M32_N64_w8 reduction default: EXPORTED
sm100 M32_N64_w8 reduction 4: EXPORTED
sm100 M32_N64_w8 load_copy default: EXPORTED
sm100 M32_N64_w8 load_copy 4: EXPORTED
sm100 M32_N64_w8 store_copy default: EXPORTED
sm100 M32_N64_w8 store_copy 4: EXPORTED
sm100 M32_N128_w4 reduction default: EXPORTED
sm100 M32_N128_w4 reduction 4: EXPORTED
sm100 M32_N16_w4 reduction default: EXPORTED
sm100 M32_N16_w4 reduction 4: EXPORTED
sm100 M32_N256_w4 reduction default: EXPORTED
sm100 M32_N256_w4 reduction 4: EXPORTED
sm100 M32_N256_w4 load_copy default: EXPORTED
sm100 M32_N256_w4 load_copy 4: EXPORTED
sm100 M32_N256_w4 store_copy default: EXPORTED
sm100 M32_N256_w4 store_copy 4: EXPORTED
sm100 M256_N64_w8 reduction default: EXPORTED
sm100 M256_N64_w8 reduction 4: EXPORTED
sm100 M512_N64_w8 reduction default: EXPORTED
sm100 M512_N64_w8 reduction 4: EXPORTED
sm100 M128_N32_w16 reduction default: EXPORTED
sm100 M128_N32_w16 reduction 4: EXPORTED
sm100 M128_N32_w16 load_copy default: EXPORTED
sm100 M128_N32_w16 load_copy 4: EXPORTED
sm100 M128_N32_w16 store_copy default: EXPORTED
sm100 M128_N32_w16 store_copy 4: EXPORTED
sm100 M1024_N32_w16 reduction default: EXPORTED
sm100 M1024_N32_w16 reduction 4: EXPORTED
sm100 M2048_N32_w16 reduction default: EXPORTED
sm100 M2048_N32_w16 reduction 4: EXPORTED
sm100 M128_N64_w32 reduction default: EXPORTED
sm100 M128_N64_w32 reduction 4: EXPORTED
sm100 M512_N128_w32 reduction default: EXPORTED
sm100 M512_N128_w32 reduction 4: EXPORTED
sm100 M32_N128_w8 reduction default: EXPORTED
sm100 M32_N128_w8 reduction 4: EXPORTED
Original sm100 compiler export retained: 10618113 bytes

==========
== CUDA ==
==========

CUDA Version 12.6.3

Container image Copyright (c) 2016-2023, NVIDIA CORPORATION & AFFILIATES. All rights reserved.

This container image and its contents are governed by the NVIDIA Deep Learning Container License.
By pulling and using the container, you accept the terms and conditions of this license:
https://developer.nvidia.com/ngc/nvidia-deep-learning-container-license

A copy of this license is made available in this container at /NGC-DL-CONTAINER-LICENSE for your convenience.
/opt/nvidia/entrypoint.d/50-gpu-driver-check.sh: line 5: ldconfig: command not found

WARNING: The NVIDIA Driver was not detected.  GPU functionality will not be available.
   Use the NVIDIA Container Toolkit to start this container with GPU support; see
   https://docs.nvidia.com/datacenter/cloud-native/ .

sm120 M32_N64_w8 reduction default: EXPORTED
sm120 M32_N64_w8 reduction 4: EXPORTED
sm120 M32_N64_w8 load_copy default: EXPORTED
sm120 M32_N64_w8 load_copy 4: EXPORTED
sm120 M32_N64_w8 store_copy default: EXPORTED
sm120 M32_N64_w8 store_copy 4: EXPORTED
sm120 M32_N128_w4 reduction default: EXPORTED
sm120 M32_N128_w4 reduction 4: EXPORTED
sm120 M32_N16_w4 reduction default: EXPORTED
sm120 M32_N16_w4 reduction 4: EXPORTED
sm120 M32_N256_w4 reduction default: EXPORTED
sm120 M32_N256_w4 reduction 4: EXPORTED
sm120 M32_N256_w4 load_copy default: EXPORTED
sm120 M32_N256_w4 load_copy 4: EXPORTED
sm120 M32_N256_w4 store_copy default: EXPORTED
sm120 M32_N256_w4 store_copy 4: EXPORTED
sm120 M256_N64_w8 reduction default: EXPORTED
sm120 M256_N64_w8 reduction 4: EXPORTED
sm120 M512_N64_w8 reduction default: EXPORTED
sm120 M512_N64_w8 reduction 4: EXPORTED
sm120 M128_N32_w16 reduction default: EXPORTED
sm120 M128_N32_w16 reduction 4: EXPORTED
sm120 M128_N32_w16 load_copy default: EXPORTED
sm120 M128_N32_w16 load_copy 4: EXPORTED
sm120 M128_N32_w16 store_copy default: EXPORTED
sm120 M128_N32_w16 store_copy 4: EXPORTED
sm120 M1024_N32_w16 reduction default: EXPORTED
sm120 M1024_N32_w16 reduction 4: EXPORTED
sm120 M2048_N32_w16 reduction default: FAILED
sm120 M2048_N32_w16 reduction 4: FAILED
sm120 M128_N64_w32 reduction default: EXPORTED
sm120 M128_N64_w32 reduction 4: EXPORTED
sm120 M512_N128_w32 reduction default: FAILED
sm120 M512_N128_w32 reduction 4: FAILED
sm120 M32_N128_w8 reduction default: EXPORTED
sm120 M32_N128_w8 reduction 4: EXPORTED
Original sm120 compiler export retained: 10650182 bytes
Stopping app - local entrypoint completed.
✓ App completed. View run at 
https://modal.com/apps/chenmiaoming/main/ap-MbKpf6rOWQF8FArmXfYEuX
