✓ Initialized. View run at 
https://modal.com/apps/chenmiaoming/main/ap-2sEEBUy6wvcd0l5AzmWpPc
Building image im-ZFrnPQwwxLLQeOm74v8vmG

=> Step 0: FROM nvidia/cuda:12.6.3-devel-ubuntu24.04
Getting image source signatures
Copying blob sha256:f636ae76142c29ff2c92b8147b1d6aa598698ea40d02a6f794d91a8433dcf3ad
Copying blob sha256:95c4042ee7b43d473bcc80f264a4d7c6e8634d18cb2e3dba58277b7b5645840f
Copying blob sha256:afad30e59d72d5c8df4023014c983e457f21818971775c4224163595ec20b69f
Copying blob sha256:bd06d3ff253296357a1a441787d5026e6f69aadadf9296fd6ae3fc3b11fd1cbc
Copying blob sha256:77b0ceda29ac0c8b985431cc5a073a2e45f89103d83877451694b5e13be7c794
Copying blob sha256:3b176c2fc716d64847e7a75a3572297f05a2f4d7f8d649ce1dd1c687350f9ef4
Copying blob sha256:8c0575e6ec2e0dccea3445e36b0cd99d4c237c136d86e2400b710de22f1e6460
Copying blob sha256:9cccfd001630953db088596f7925cc5a4d0a4f7d973b73cf5b4a152bc6b336c0
Copying blob sha256:6fd18a5204307c56c8849e2653f9b154d15c95c565e05d93d2b407af98b620aa
Copying blob sha256:150ae9de14cf67d192ab855eb94172865ba70f5b4b2e832ffed3e8f1df6307f5
Copying blob sha256:f0b57e25b80acbd2ac4678759ac604db39617cb60beb8251216fb1826eca461f
Copying config sha256:9daebe4291d996c342b4ae0003bc97026bd635ff394f7baca217d30dd658d892
Writing manifest to image destination
Unpacking OCI image
   • unpacking rootfs ...     
   • ... done                 
   • unpacked image rootfs: /tmp/task-data/ta-01M4253TWK5KVRS6Y4JHZQ6QKB/registry-unpackwOgp3O
Copied image in 2.67s

=> Step 1: COPY /python/. /usr/local

=> Step 2: RUN ln -s /usr/local/bin/python3 /usr/local/bin/python

=> Step 3: ENV TERMINFO_DIRS=/etc/terminfo:/lib/terminfo:/usr/share/terminfo:/usr/lib/terminfo
Saving image...
Image saved, took 8.34s

Built image im-ZFrnPQwwxLLQeOm74v8vmG in 66.62s


Building image im-5kkduab81gJoUtxjcTXMFn

=> Step 0: FROM base

=> Step 1: RUN apt-get update
Get:1 http://security.ubuntu.com/ubuntu noble-security InRelease [126 kB]
Get:2 https://developer.download.nvidia.com/compute/cuda/repos/ubuntu2404/x86_64  InRelease [1578 B]
Get:3 http://archive.ubuntu.com/ubuntu noble InRelease [256 kB]
Get:4 http://security.ubuntu.com/ubuntu noble-security/multiverse amd64 Packages [50.0 kB]
Get:5 http://security.ubuntu.com/ubuntu noble-security/main amd64 Packages [1318 kB]
Get:6 http://security.ubuntu.com/ubuntu noble-security/universe amd64 Packages [1543 kB]
Get:7 http://security.ubuntu.com/ubuntu noble-security/restricted amd64 Packages [1943 kB]
Get:8 https://developer.download.nvidia.com/compute/cuda/repos/ubuntu2404/x86_64  Packages [1884 kB]
Get:9 http://archive.ubuntu.com/ubuntu noble-updates InRelease [126 kB]
Get:10 http://archive.ubuntu.com/ubuntu noble-backports InRelease [126 kB]
Get:11 http://archive.ubuntu.com/ubuntu noble/universe amd64 Packages [19.3 MB]
Get:12 http://archive.ubuntu.com/ubuntu noble/multiverse amd64 Packages [331 kB]
Get:13 http://archive.ubuntu.com/ubuntu noble/main amd64 Packages [1808 kB]
Get:14 http://archive.ubuntu.com/ubuntu noble/restricted amd64 Packages [117 kB]
Get:15 http://archive.ubuntu.com/ubuntu noble-updates/universe amd64 Packages [2162 kB]
Get:16 http://archive.ubuntu.com/ubuntu noble-updates/restricted amd64 Packages [2127 kB]
Get:17 http://archive.ubuntu.com/ubuntu noble-updates/main amd64 Packages [1688 kB]
Get:18 http://archive.ubuntu.com/ubuntu noble-updates/multiverse amd64 Packages [56.2 kB]
Get:19 http://archive.ubuntu.com/ubuntu noble-backports/multiverse amd64 Packages [671 B]
Get:20 http://archive.ubuntu.com/ubuntu noble-backports/main amd64 Packages [49.0 kB]
Get:21 http://archive.ubuntu.com/ubuntu noble-backports/universe amd64 Packages [36.0 kB]
Fetched 35.1 MB in 3s (12.2 MB/s)
Reading package lists...
W: https://developer.download.nvidia.com/compute/cuda/repos/ubuntu2404/x86_64/InRelease: Key is stored in legacy trusted.gpg keyring (/etc/apt/trusted.gpg), see the DEPRECATION section in apt-key(8) for details.

=> Step 2: RUN apt-get install -y build-essential git clang lld ccache ninja-build cmake pkg-config zlib1g-dev curl
Reading package lists...
Building dependency tree...
Reading state information...
build-essential is already the newest version (12.10ubuntu1).
build-essential set to manually installed.
The following additional packages will be installed:
  binfmt-support clang-18 cmake-data cpp-13 cpp-13-x86-64-linux-gnu g++-13
  g++-13-x86-64-linux-gnu gcc-13 gcc-13-base gcc-13-x86-64-linux-gnu
  gcc-14-base git-man icu-devtools krb5-locales less lib32gcc-s1 lib32stdc++6
  libarchive13t64 libasan8 libatomic1 libbrotli1 libbsd0 libc-bin libc-dev-bin
  libc6 libc6-dev libc6-i386 libcbor0.10 libcc1-0 libclang-common-18-dev
  libclang-cpp18 libclang-rt-18-dev libclang1-18 libcurl3t64-gnutls
  libcurl4t64 libedit2 liberror-perl libexpat1 libffi-dev libfido2-1 libgc1
  libgcc-13-dev libgcc-s1 libgomp1 libgpm2 libgssapi-krb5-2 libhiredis1.1.0
  libhwasan0 libicu-dev libicu74 libitm1 libjsoncpp25 libk5crypto3
  libkeyutils1 libkrb5-3 libkrb5support0 libllvm18 liblsan0 libncurses-dev
  libncurses6 libncursesw6 libnghttp2-14 libobjc-13-dev libobjc4 libpfm4
  libpipeline1 libpkgconf3 libpsl5t64 libpython3-stdlib libpython3.12-minimal
  libpython3.12-stdlib libquadmath0 librhash0 librtmp1 libssh-4
  libstdc++-13-dev libstdc++6 libtinfo6 libtsan2 libubsan1 libuv1t64 libx11-6
  libx11-data libxau6 libxcb1 libxdmcp6 libxext6 libxml2 libxml2-dev libxmuu1
  libyaml-0-2 libz3-4 libz3-dev lld-18 llvm-18 llvm-18-dev
  llvm-18-linker-tools llvm-18-runtime llvm-18-tools media-types ncurses-base
  ncurses-bin netbase openssh-client pkgconf pkgconf-bin publicsuffix python3
  python3-minimal python3-pkg-resources python3-pygments python3-yaml
  python3.12 python3.12-minimal tzdata xauth zlib1g
Suggested packages:
  distcc | icecc clang-18-doc wasi-libc cmake-doc cmake-format elpa-cmake-mode
  gcc-13-locales cpp-13-doc g++-13-multilib gcc-13-doc gcc-13-multilib
  gettext-base git-daemon-run | git-daemon-sysvinit git-doc git-email git-gui
  gitk gitweb git-cvs git-mediawiki git-svn lrzip manpages glibc-doc locales
  libnss-nis libnss-nisplus manpages-dev gpm krb5-doc krb5-user icu-doc
  ncurses-doc libstdc++-13-doc llvm-18-doc keychain libpam-ssh monkeysphere
  ssh-askpass python3-doc python3-tk python3-venv python3-setuptools
  python-pygments-doc ttf-bitstream-vera python3.12-venv python3.12-doc
Recommended packages:
  manpages manpages-dev libc-devtools
The following NEW packages will be installed:
  binfmt-support ccache clang clang-18 cmake cmake-data curl git git-man
  icu-devtools krb5-locales less lib32gcc-s1 lib32stdc++6 libarchive13t64
  libbrotli1 libbsd0 libc6-i386 libcbor0.10 libclang-common-18-dev
  libclang-cpp18 libclang-rt-18-dev libclang1-18 libcurl3t64-gnutls
  libcurl4t64 libedit2 liberror-perl libexpat1 libffi-dev libfido2-1 libgc1
  libgpm2 libgssapi-krb5-2 libhiredis1.1.0 libicu-dev libicu74 libjsoncpp25
  libk5crypto3 libkeyutils1 libkrb5-3 libkrb5support0 libllvm18 libncurses-dev
  libncurses6 libnghttp2-14 libobjc-13-dev libobjc4 libpfm4 libpipeline1
  libpkgconf3 libpsl5t64 libpython3-stdlib libpython3.12-minimal
  libpython3.12-stdlib librhash0 librtmp1 libssh-4 libuv1t64 libx11-6
  libx11-data libxau6 libxcb1 libxdmcp6 libxext6 libxml2 libxml2-dev libxmuu1
  libyaml-0-2 libz3-4 libz3-dev lld lld-18 llvm-18 llvm-18-dev
  llvm-18-linker-tools llvm-18-runtime llvm-18-tools media-types netbase
  ninja-build openssh-client pkg-config pkgconf pkgconf-bin publicsuffix
  python3 python3-minimal python3-pkg-resources python3-pygments python3-yaml
  python3.12 python3.12-minimal tzdata xauth zlib1g-dev
The following packages will be upgraded:
  cpp-13 cpp-13-x86-64-linux-gnu g++-13 g++-13-x86-64-linux-gnu gcc-13
  gcc-13-base gcc-13-x86-64-linux-gnu gcc-14-base libasan8 libatomic1 libc-bin
  libc-dev-bin libc6 libc6-dev libcc1-0 libgcc-13-dev libgcc-s1 libgomp1
  libhwasan0 libitm1 liblsan0 libncursesw6 libquadmath0 libstdc++-13-dev
  libstdc++6 libtinfo6 libtsan2 libubsan1 ncurses-base ncurses-bin zlib1g
31 upgraded, 95 newly installed, 0 to remove and 81 not upgraded.
Need to get 263 MB of archives.
After this operation, 991 MB of additional disk space will be used.
Get:1 http://archive.ubuntu.com/ubuntu noble-updates/main amd64 ncurses-bin amd64 6.4+20240113-1ubuntu2.2 [188 kB]
Get:2 http://archive.ubuntu.com/ubuntu noble-updates/main amd64 libc6-dev amd64 2.39-0ubuntu8.9 [2126 kB]
Get:3 http://archive.ubuntu.com/ubuntu noble-updates/main amd64 libc-dev-bin amd64 2.39-0ubuntu8.9 [20.4 kB]
Get:4 http://archive.ubuntu.com/ubuntu noble-updates/main amd64 libasan8 amd64 14.2.0-4ubuntu2~24.04.1 [3027 kB]
Get:5 http://archive.ubuntu.com/ubuntu noble-updates/main amd64 libubsan1 amd64 14.2.0-4ubuntu2~24.04.1 [1184 kB]
Get:6 http://archive.ubuntu.com/ubuntu noble-updates/main amd64 cpp-13 amd64 13.3.0-6ubuntu2~24.04.1 [1042 B]
Get:7 http://archive.ubuntu.com/ubuntu noble-updates/main amd64 cpp-13-x86-64-linux-gnu amd64 13.3.0-6ubuntu2~24.04.1 [10.7 MB]
Get:8 http://archive.ubuntu.com/ubuntu noble-updates/main amd64 g++-13 amd64 13.3.0-6ubuntu2~24.04.1 [16.0 kB]
Get:9 http://archive.ubuntu.com/ubuntu noble-updates/main amd64 gcc-13 amd64 13.3.0-6ubuntu2~24.04.1 [494 kB]
Get:10 http://archive.ubuntu.com/ubuntu noble-updates/main amd64 gcc-13-x86-64-linux-gnu amd64 13.3.0-6ubuntu2~24.04.1 [21.1 MB]
Get:11 http://archive.ubuntu.com/ubuntu noble-updates/main amd64 g++-13-x86-64-linux-gnu amd64 13.3.0-6ubuntu2~24.04.1 [12.2 MB]
Get:12 http://archive.ubuntu.com/ubuntu noble-updates/main amd64 libstdc++-13-dev amd64 13.3.0-6ubuntu2~24.04.1 [2420 kB]
Get:13 http://archive.ubuntu.com/ubuntu noble-updates/main amd64 gcc-13-base amd64 13.3.0-6ubuntu2~24.04.1 [51.6 kB]
Get:14 http://archive.ubuntu.com/ubuntu noble-updates/main amd64 libgcc-13-dev amd64 13.3.0-6ubuntu2~24.04.1 [2681 kB]
Get:15 http://archive.ubuntu.com/ubuntu noble-updates/main amd64 libtsan2 amd64 14.2.0-4ubuntu2~24.04.1 [2772 kB]
Get:16 http://archive.ubuntu.com/ubuntu noble-updates/main amd64 libquadmath0 amd64 14.2.0-4ubuntu2~24.04.1 [153 kB]
Get:17 http://archive.ubuntu.com/ubuntu noble-updates/main amd64 liblsan0 amd64 14.2.0-4ubuntu2~24.04.1 [1322 kB]
Get:18 http://archive.ubuntu.com/ubuntu noble-updates/main amd64 libitm1 amd64 14.2.0-4ubuntu2~24.04.1 [29.7 kB]
Get:19 http://archive.ubuntu.com/ubuntu noble-updates/main amd64 libhwasan0 amd64 14.2.0-4ubuntu2~24.04.1 [1641 kB]
Get:20 http://archive.ubuntu.com/ubuntu noble-updates/main amd64 libgomp1 amd64 14.2.0-4ubuntu2~24.04.1 [148 kB]
Get:21 http://archive.ubuntu.com/ubuntu noble-updates/main amd64 gcc-14-base amd64 14.2.0-4ubuntu2~24.04.1 [51.0 kB]
Get:22 http://archive.ubuntu.com/ubuntu noble-updates/main amd64 libgcc-s1 amd64 14.2.0-4ubuntu2~24.04.1 [78.4 kB]
Get:23 http://archive.ubuntu.com/ubuntu noble-updates/main amd64 libcc1-0 amd64 14.2.0-4ubuntu2~24.04.1 [48.0 kB]
Get:24 http://archive.ubuntu.com/ubuntu noble-updates/main amd64 libatomic1 amd64 14.2.0-4ubuntu2~24.04.1 [10.5 kB]
Get:25 http://archive.ubuntu.com/ubuntu noble-updates/main amd64 libstdc++6 amd64 14.2.0-4ubuntu2~24.04.1 [792 kB]
Get:26 http://archive.ubuntu.com/ubuntu noble-updates/main amd64 zlib1g amd64 1:1.3.dfsg-3.1ubuntu2.2 [63.0 kB]
Get:27 http://archive.ubuntu.com/ubuntu noble-updates/main amd64 libc6 amd64 2.39-0ubuntu8.9 [3264 kB]
Get:28 http://archive.ubuntu.com/ubuntu noble-updates/main amd64 libc-bin amd64 2.39-0ubuntu8.9 [682 kB]
Get:29 http://archive.ubuntu.com/ubuntu noble-updates/main amd64 ncurses-base all 6.4+20240113-1ubuntu2.2 [25.8 kB]
Get:30 http://archive.ubuntu.com/ubuntu noble-updates/main amd64 libpython3.12-minimal amd64 3.12.3-1ubuntu0.17 [839 kB]
Get:31 http://archive.ubuntu.com/ubuntu noble-updates/main amd64 libexpat1 amd64 2.6.1-2ubuntu0.6 [98.9 kB]
Get:32 http://archive.ubuntu.com/ubuntu noble-updates/main amd64 python3.12-minimal amd64 3.12.3-1ubuntu0.17 [2335 kB]
Get:33 http://archive.ubuntu.com/ubuntu noble-updates/main amd64 python3-minimal amd64 3.12.3-0ubuntu2.1 [27.4 kB]
Get:34 http://archive.ubuntu.com/ubuntu noble/main amd64 media-types all 10.1.0 [27.5 kB]
Get:35 http://archive.ubuntu.com/ubuntu noble/main amd64 netbase all 6.4 [13.1 kB]
Get:36 http://archive.ubuntu.com/ubuntu noble-updates/main amd64 tzdata all 2026c-0ubuntu0.24.04.1 [280 kB]
Get:37 http://archive.ubuntu.com/ubuntu noble-updates/main amd64 libncursesw6 amd64 6.4+20240113-1ubuntu2.2 [148 kB]
Get:38 http://archive.ubuntu.com/ubuntu noble-updates/main amd64 libtinfo6 amd64 6.4+20240113-1ubuntu2.2 [108 kB]
Get:39 http://archive.ubuntu.com/ubuntu noble-updates/main amd64 libpython3.12-stdlib amd64 3.12.3-1ubuntu0.17 [2071 kB]
Get:40 http://archive.ubuntu.com/ubuntu noble-updates/main amd64 python3.12 amd64 3.12.3-1ubuntu0.17 [651 kB]
Get:41 http://archive.ubuntu.com/ubuntu noble-updates/main amd64 libpython3-stdlib amd64 3.12.3-0ubuntu2.1 [10.1 kB]
Get:42 http://archive.ubuntu.com/ubuntu noble-updates/main amd64 python3 amd64 3.12.3-0ubuntu2.1 [23.0 kB]
Get:43 http://archive.ubuntu.com/ubuntu noble/main amd64 libpipeline1 amd64 1.5.7-2 [23.6 kB]
Get:44 http://archive.ubuntu.com/ubuntu noble/universe amd64 binfmt-support amd64 2.2.2-7 [56.2 kB]
Get:45 http://archive.ubuntu.com/ubuntu noble-updates/main amd64 krb5-locales all 1.20.1-6ubuntu2.10 [15.3 kB]
Get:46 http://archive.ubuntu.com/ubuntu noble-updates/main amd64 less amd64 590-2ubuntu2.1 [142 kB]
Get:47 http://archive.ubuntu.com/ubuntu noble-updates/main amd64 libbsd0 amd64 0.12.1-1build1.1 [41.2 kB]
Get:48 http://archive.ubuntu.com/ubuntu noble-updates/main amd64 libkrb5support0 amd64 1.20.1-6ubuntu2.10 [34.9 kB]
Get:49 http://archive.ubuntu.com/ubuntu noble-updates/main amd64 libk5crypto3 amd64 1.20.1-6ubuntu2.10 [81.9 kB]
Get:50 http://archive.ubuntu.com/ubuntu noble/main amd64 libkeyutils1 amd64 1.6.3-3build1 [9490 B]
Get:51 http://archive.ubuntu.com/ubuntu noble-updates/main amd64 libkrb5-3 amd64 1.20.1-6ubuntu2.10 [348 kB]
Get:52 http://archive.ubuntu.com/ubuntu noble-updates/main amd64 libgssapi-krb5-2 amd64 1.20.1-6ubuntu2.10 [143 kB]
Get:53 http://archive.ubuntu.com/ubuntu noble-updates/main amd64 libicu74 amd64 74.2-1ubuntu3.1 [10.9 MB]
Get:54 http://archive.ubuntu.com/ubuntu noble-updates/main amd64 libxml2 amd64 2.9.14+dfsg-1.3ubuntu3.9 [765 kB]
Get:55 http://archive.ubuntu.com/ubuntu noble/main amd64 libyaml-0-2 amd64 0.2.5-1build1 [51.5 kB]
Get:56 http://archive.ubuntu.com/ubuntu noble-updates/main amd64 python3-pkg-resources all 68.1.2-2ubuntu1.2 [168 kB]
Get:57 http://archive.ubuntu.com/ubuntu noble/main amd64 python3-pygments all 2.17.2+dfsg-1 [819 kB]
Get:58 http://archive.ubuntu.com/ubuntu noble/main amd64 python3-yaml amd64 6.0.1-2build2 [123 kB]
Get:59 http://archive.ubuntu.com/ubuntu noble/main amd64 libcbor0.10 amd64 0.10.2-1.2ubuntu2 [25.8 kB]
Get:60 http://archive.ubuntu.com/ubuntu noble/main amd64 libedit2 amd64 3.1-20230828-1build1 [97.6 kB]
Get:61 http://archive.ubuntu.com/ubuntu noble/main amd64 libfido2-1 amd64 1.14.0-1build3 [83.5 kB]
Get:62 http://archive.ubuntu.com/ubuntu noble/main amd64 libgpm2 amd64 1.20.7-11 [14.1 kB]
Get:63 http://archive.ubuntu.com/ubuntu noble-updates/main amd64 libncurses6 amd64 6.4+20240113-1ubuntu2.2 [112 kB]
Get:64 http://archive.ubuntu.com/ubuntu noble-updates/main amd64 libnghttp2-14 amd64 1.59.0-1ubuntu0.4 [74.6 kB]
Get:65 http://archive.ubuntu.com/ubuntu noble/main amd64 libpsl5t64 amd64 0.21.2-1.1build1 [57.1 kB]
Get:66 http://archive.ubuntu.com/ubuntu noble/main amd64 libuv1t64 amd64 1.48.0-1.1build1 [97.3 kB]
Get:67 http://archive.ubuntu.com/ubuntu noble/main amd64 libxau6 amd64 1:1.0.9-1build6 [7160 B]
Get:68 http://archive.ubuntu.com/ubuntu noble/main amd64 libxdmcp6 amd64 1:1.1.3-0ubuntu6 [10.3 kB]
Get:69 http://archive.ubuntu.com/ubuntu noble/main amd64 libxcb1 amd64 1.15-1ubuntu2 [47.7 kB]
Get:70 http://archive.ubuntu.com/ubuntu noble/main amd64 libx11-data all 2:1.8.7-1build1 [115 kB]
Get:71 http://archive.ubuntu.com/ubuntu noble/main amd64 libx11-6 amd64 2:1.8.7-1build1 [650 kB]
Get:72 http://archive.ubuntu.com/ubuntu noble/main amd64 libxext6 amd64 2:1.3.4-1build2 [30.4 kB]
Get:73 http://archive.ubuntu.com/ubuntu noble/main amd64 libxmuu1 amd64 2:1.1.3-3build2 [8958 B]
Get:74 http://archive.ubuntu.com/ubuntu noble-updates/main amd64 openssh-client amd64 1:9.6p1-3ubuntu13.19 [908 kB]
Get:75 http://archive.ubuntu.com/ubuntu noble/main amd64 publicsuffix all 20231001.0357-0.1 [129 kB]
Get:76 http://archive.ubuntu.com/ubuntu noble/main amd64 xauth amd64 1:1.1.2-1build1 [25.6 kB]
Get:77 http://archive.ubuntu.com/ubuntu noble/universe amd64 libhiredis1.1.0 amd64 1.2.0-6ubuntu3 [41.4 kB]
Get:78 http://archive.ubuntu.com/ubuntu noble/universe amd64 ccache amd64 4.9.1-1 [592 kB]
Get:79 http://archive.ubuntu.com/ubuntu noble-updates/main amd64 libllvm18 amd64 1:18.1.3-1ubuntu1 [27.5 MB]
Get:80 http://archive.ubuntu.com/ubuntu noble-updates/main amd64 libclang-cpp18 amd64 1:18.1.3-1ubuntu1 [13.5 MB]
Get:81 http://archive.ubuntu.com/ubuntu noble/main amd64 libgc1 amd64 1:8.2.6-1build1 [90.3 kB]
Get:82 http://archive.ubuntu.com/ubuntu noble-updates/universe amd64 libobjc4 amd64 14.2.0-4ubuntu2~24.04.1 [47.1 kB]
Get:83 http://archive.ubuntu.com/ubuntu noble-updates/universe amd64 libobjc-13-dev amd64 13.3.0-6ubuntu2~24.04.1 [194 kB]
Get:84 http://archive.ubuntu.com/ubuntu noble-updates/universe amd64 libclang-common-18-dev amd64 1:18.1.3-1ubuntu1 [736 kB]
Get:85 http://archive.ubuntu.com/ubuntu noble-updates/universe amd64 llvm-18-linker-tools amd64 1:18.1.3-1ubuntu1 [1314 kB]
Get:86 http://archive.ubuntu.com/ubuntu noble-updates/main amd64 libclang1-18 amd64 1:18.1.3-1ubuntu1 [7803 kB]
Get:87 http://archive.ubuntu.com/ubuntu noble-updates/universe amd64 clang-18 amd64 1:18.1.3-1ubuntu1 [80.0 kB]
Get:88 http://archive.ubuntu.com/ubuntu noble/universe amd64 clang amd64 1:18.0-59~exp2 [5846 B]
Get:89 http://archive.ubuntu.com/ubuntu noble-updates/main amd64 libarchive13t64 amd64 3.7.2-2ubuntu0.8 [383 kB]
Get:90 http://archive.ubuntu.com/ubuntu noble/main amd64 libbrotli1 amd64 1.1.0-2build2 [331 kB]
Get:91 http://archive.ubuntu.com/ubuntu noble/main amd64 librtmp1 amd64 2.4+20151223.gitfa8646d.1-2build7 [56.3 kB]
Get:92 http://archive.ubuntu.com/ubuntu noble-updates/main amd64 libssh-4 amd64 0.10.6-2ubuntu0.5 [191 kB]
Get:93 http://archive.ubuntu.com/ubuntu noble-updates/main amd64 libcurl4t64 amd64 8.5.0-2ubuntu10.15 [343 kB]
Get:94 http://archive.ubuntu.com/ubuntu noble/main amd64 libjsoncpp25 amd64 1.9.5-6build1 [82.8 kB]
Get:95 http://archive.ubuntu.com/ubuntu noble/main amd64 librhash0 amd64 1.4.3-3build1 [129 kB]
Get:96 http://archive.ubuntu.com/ubuntu noble/main amd64 cmake-data all 3.28.3-1build7 [2155 kB]
Get:97 http://archive.ubuntu.com/ubuntu noble/main amd64 cmake amd64 3.28.3-1build7 [11.2 MB]
Get:98 http://archive.ubuntu.com/ubuntu noble-updates/main amd64 curl amd64 8.5.0-2ubuntu10.15 [227 kB]
Get:99 http://archive.ubuntu.com/ubuntu noble-updates/main amd64 libcurl3t64-gnutls amd64 8.5.0-2ubuntu10.15 [336 kB]
Get:100 http://archive.ubuntu.com/ubuntu noble/main amd64 liberror-perl all 0.17029-2 [25.6 kB]
Get:101 http://archive.ubuntu.com/ubuntu noble-updates/main amd64 git-man all 1:2.43.0-1ubuntu7.3 [1100 kB]
Get:102 http://archive.ubuntu.com/ubuntu noble-updates/main amd64 git amd64 1:2.43.0-1ubuntu7.3 [3680 kB]
Get:103 http://archive.ubuntu.com/ubuntu noble-updates/main amd64 icu-devtools amd64 74.2-1ubuntu3.1 [212 kB]
Get:104 http://archive.ubuntu.com/ubuntu noble-updates/main amd64 libc6-i386 amd64 2.39-0ubuntu8.9 [2787 kB]
Get:105 http://archive.ubuntu.com/ubuntu noble-updates/main amd64 lib32gcc-s1 amd64 14.2.0-4ubuntu2~24.04.1 [92.3 kB]
Get:106 http://archive.ubuntu.com/ubuntu noble-updates/main amd64 lib32stdc++6 amd64 14.2.0-4ubuntu2~24.04.1 [814 kB]
Get:107 http://archive.ubuntu.com/ubuntu noble-updates/universe amd64 libclang-rt-18-dev amd64 1:18.1.3-1ubuntu1 [3772 kB]
Get:108 http://archive.ubuntu.com/ubuntu noble-updates/main amd64 libicu-dev amd64 74.2-1ubuntu3.1 [11.9 MB]
Get:109 http://archive.ubuntu.com/ubuntu noble-updates/main amd64 libncurses-dev amd64 6.4+20240113-1ubuntu2.2 [384 kB]
Get:110 http://archive.ubuntu.com/ubuntu noble/main amd64 libpkgconf3 amd64 1.8.1-2build1 [30.7 kB]
Get:111 http://archive.ubuntu.com/ubuntu noble-updates/main amd64 libxml2-dev amd64 2.9.14+dfsg-1.3ubuntu3.9 [781 kB]
Get:112 http://archive.ubuntu.com/ubuntu noble-updates/universe amd64 lld-18 amd64 1:18.1.3-1ubuntu1 [1372 kB]
Get:113 http://archive.ubuntu.com/ubuntu noble/universe amd64 lld amd64 1:18.0-59~exp2 [5494 B]
Get:114 http://archive.ubuntu.com/ubuntu noble-updates/universe amd64 llvm-18-runtime amd64 1:18.1.3-1ubuntu1 [538 kB]
Get:115 http://archive.ubuntu.com/ubuntu noble-updates/universe amd64 libpfm4 amd64 4.13.0+git32-g0d4ed0e-1ubuntu0.1 [408 kB]
Get:116 http://archive.ubuntu.com/ubuntu noble-updates/universe amd64 llvm-18 amd64 1:18.1.3-1ubuntu1 [25.3 MB]
Get:117 http://archive.ubuntu.com/ubuntu noble/main amd64 libffi-dev amd64 3.4.6-1build1 [62.8 kB]
Get:118 http://archive.ubuntu.com/ubuntu noble-updates/universe amd64 llvm-18-tools amd64 1:18.1.3-1ubuntu1 [534 kB]
Get:119 http://archive.ubuntu.com/ubuntu noble/universe amd64 libz3-4 amd64 4.8.12-3.1build1 [5836 kB]
Get:120 http://archive.ubuntu.com/ubuntu noble/universe amd64 libz3-dev amd64 4.8.12-3.1build1 [72.2 kB]
Get:121 http://archive.ubuntu.com/ubuntu noble-updates/universe amd64 llvm-18-dev amd64 1:18.1.3-1ubuntu1 [45.1 MB]
Get:122 http://archive.ubuntu.com/ubuntu noble/universe amd64 ninja-build amd64 1.11.1-2 [129 kB]
Get:123 http://archive.ubuntu.com/ubuntu noble/main amd64 pkgconf-bin amd64 1.8.1-2build1 [20.7 kB]
Get:124 http://archive.ubuntu.com/ubuntu noble/main amd64 pkgconf amd64 1.8.1-2build1 [16.8 kB]
Get:125 http://archive.ubuntu.com/ubuntu noble/main amd64 pkg-config amd64 1.8.1-2build1 [7264 B]
Get:126 http://archive.ubuntu.com/ubuntu noble-updates/main amd64 zlib1g-dev amd64 1:1.3.dfsg-3.1ubuntu2.2 [894 kB]
debconf: delaying package configuration, since apt-utils is not installed
Fetched 263 MB in 14s (19.4 MB/s)
(Reading database ... 
[1A(Reading database ... 5%
[1A(Reading database ... 10%
[1A(Reading database ... 15%
[1A(Reading database ... 20%
[1A(Reading database ... 25%
[1A(Reading database ... 30%
[1A(Reading database ... 35%(Reading database ... 40%
[1A(Reading database ... 45%(Reading database ... 50%(Reading database ... 55%(Reading database ... 60%(Reading database ... 65%(Reading database ... 70%(Reading database ... 75%
[1A(Reading database ... 80%(Reading database ... 85%(Reading database ... 90%(Reading database ... 95%(Reading database ... 100%(Reading database ... 15092 files and directories currently installed.)
Preparing to unpack .../ncurses-bin_6.4+20240113-1ubuntu2.2_amd64.deb ...
Unpacking ncurses-bin (6.4+20240113-1ubuntu2.2) over (6.4+20240113-1ubuntu2) ...
Setting up ncurses-bin (6.4+20240113-1ubuntu2.2) ...
(Reading database ... 
[1A(Reading database ... 5%
[1A(Reading database ... 10%
[1A(Reading database ... 15%
[1A(Reading database ... 20%
[1A(Reading database ... 25%
[1A(Reading database ... 30%
[1A(Reading database ... 35%
[1A(Reading database ... 40%(Reading database ... 45%(Reading database ... 50%(Reading database ... 55%(Reading database ... 60%(Reading database ... 65%(Reading database ... 70%(Reading database ... 75%(Reading database ... 80%(Reading database ... 85%(Reading database ... 90%(Reading database ... 95%
[1A(Reading database ... 100%(Reading database ... 15092 files and directories currently installed.)
Preparing to unpack .../00-libc6-dev_2.39-0ubuntu8.9_amd64.deb ...
Unpacking libc6-dev:amd64 (2.39-0ubuntu8.9) over (2.39-0ubuntu8.3) ...
Preparing to unpack .../01-libc-dev-bin_2.39-0ubuntu8.9_amd64.deb ...
Unpacking libc-dev-bin (2.39-0ubuntu8.9) over (2.39-0ubuntu8.3) ...
Preparing to unpack .../02-libasan8_14.2.0-4ubuntu2~24.04.1_amd64.deb ...
Unpacking libasan8:amd64 (14.2.0-4ubuntu2~24.04.1) over (14.2.0-4ubuntu2~24.04) ...
Preparing to unpack .../03-libubsan1_14.2.0-4ubuntu2~24.04.1_amd64.deb ...
Unpacking libubsan1:amd64 (14.2.0-4ubuntu2~24.04.1) over (14.2.0-4ubuntu2~24.04) ...
Preparing to unpack .../04-cpp-13_13.3.0-6ubuntu2~24.04.1_amd64.deb ...
Unpacking cpp-13 (13.3.0-6ubuntu2~24.04.1) over (13.2.0-23ubuntu4) ...
Preparing to unpack .../05-cpp-13-x86-64-linux-gnu_13.3.0-6ubuntu2~24.04.1_amd64.deb ...
Unpacking cpp-13-x86-64-linux-gnu (13.3.0-6ubuntu2~24.04.1) over (13.2.0-23ubuntu4) ...
Preparing to unpack .../06-g++-13_13.3.0-6ubuntu2~24.04.1_amd64.deb ...
Unpacking g++-13 (13.3.0-6ubuntu2~24.04.1) over (13.2.0-23ubuntu4) ...
Preparing to unpack .../07-gcc-13_13.3.0-6ubuntu2~24.04.1_amd64.deb ...
Unpacking gcc-13 (13.3.0-6ubuntu2~24.04.1) over (13.2.0-23ubuntu4) ...
Preparing to unpack .../08-gcc-13-x86-64-linux-gnu_13.3.0-6ubuntu2~24.04.1_amd64.deb ...
Unpacking gcc-13-x86-64-linux-gnu (13.3.0-6ubuntu2~24.04.1) over (13.2.0-23ubuntu4) ...
Preparing to unpack .../09-g++-13-x86-64-linux-gnu_13.3.0-6ubuntu2~24.04.1_amd64.deb ...
Unpacking g++-13-x86-64-linux-gnu (13.3.0-6ubuntu2~24.04.1) over (13.2.0-23ubuntu4) ...
Preparing to unpack .../10-libstdc++-13-dev_13.3.0-6ubuntu2~24.04.1_amd64.deb ...
Unpacking libstdc++-13-dev:amd64 (13.3.0-6ubuntu2~24.04.1) over (13.2.0-23ubuntu4) ...
Preparing to unpack .../11-gcc-13-base_13.3.0-6ubuntu2~24.04.1_amd64.deb ...
Unpacking gcc-13-base:amd64 (13.3.0-6ubuntu2~24.04.1) over (13.2.0-23ubuntu4) ...
Preparing to unpack .../12-libgcc-13-dev_13.3.0-6ubuntu2~24.04.1_amd64.deb ...
Unpacking libgcc-13-dev:amd64 (13.3.0-6ubuntu2~24.04.1) over (13.2.0-23ubuntu4) ...
Preparing to unpack .../13-libtsan2_14.2.0-4ubuntu2~24.04.1_amd64.deb ...
Unpacking libtsan2:amd64 (14.2.0-4ubuntu2~24.04.1) over (14.2.0-4ubuntu2~24.04) ...
Preparing to unpack .../14-libquadmath0_14.2.0-4ubuntu2~24.04.1_amd64.deb ...
Unpacking libquadmath0:amd64 (14.2.0-4ubuntu2~24.04.1) over (14.2.0-4ubuntu2~24.04) ...
Preparing to unpack .../15-liblsan0_14.2.0-4ubuntu2~24.04.1_amd64.deb ...
Unpacking liblsan0:amd64 (14.2.0-4ubuntu2~24.04.1) over (14.2.0-4ubuntu2~24.04) ...
Preparing to unpack .../16-libitm1_14.2.0-4ubuntu2~24.04.1_amd64.deb ...
Unpacking libitm1:amd64 (14.2.0-4ubuntu2~24.04.1) over (14.2.0-4ubuntu2~24.04) ...
Preparing to unpack .../17-libhwasan0_14.2.0-4ubuntu2~24.04.1_amd64.deb ...
Unpacking libhwasan0:amd64 (14.2.0-4ubuntu2~24.04.1) over (14.2.0-4ubuntu2~24.04) ...
Preparing to unpack .../18-libgomp1_14.2.0-4ubuntu2~24.04.1_amd64.deb ...
Unpacking libgomp1:amd64 (14.2.0-4ubuntu2~24.04.1) over (14.2.0-4ubuntu2~24.04) ...
Preparing to unpack .../19-gcc-14-base_14.2.0-4ubuntu2~24.04.1_amd64.deb ...
Unpacking gcc-14-base:amd64 (14.2.0-4ubuntu2~24.04.1) over (14.2.0-4ubuntu2~24.04) ...
Setting up gcc-14-base:amd64 (14.2.0-4ubuntu2~24.04.1) ...
(Reading database ... 
[1A(Reading database ... 5%
[1A(Reading database ... 10%
[1A(Reading database ... 15%
[1A(Reading database ... 20%
[1A(Reading database ... 25%
[1A(Reading database ... 30%
[1A(Reading database ... 35%(Reading database ... 40%
[1A(Reading database ... 45%(Reading database ... 50%(Reading database ... 55%(Reading database ... 60%(Reading database ... 65%(Reading database ... 70%(Reading database ... 75%(Reading database ... 80%(Reading database ... 85%(Reading database ... 90%(Reading database ... 95%
[1A(Reading database ... 100%(Reading database ... 15092 files and directories currently installed.)
Preparing to unpack .../libgcc-s1_14.2.0-4ubuntu2~24.04.1_amd64.deb ...
Unpacking libgcc-s1:amd64 (14.2.0-4ubuntu2~24.04.1) over (14.2.0-4ubuntu2~24.04) ...
Setting up libgcc-s1:amd64 (14.2.0-4ubuntu2~24.04.1) ...
(Reading database ... 
[1A(Reading database ... 5%
[1A(Reading database ... 10%
[1A(Reading database ... 15%
[1A(Reading database ... 20%
[1A(Reading database ... 25%
[1A(Reading database ... 30%
[1A(Reading database ... 35%
[1A(Reading database ... 40%(Reading database ... 45%(Reading database ... 50%(Reading database ... 55%(Reading database ... 60%(Reading database ... 65%(Reading database ... 70%
[1A(Reading database ... 75%(Reading database ... 80%(Reading database ... 85%(Reading database ... 90%(Reading database ... 95%(Reading database ... 100%(Reading database ... 15092 files and directories currently installed.)
Preparing to unpack .../libcc1-0_14.2.0-4ubuntu2~24.04.1_amd64.deb ...
Unpacking libcc1-0:amd64 (14.2.0-4ubuntu2~24.04.1) over (14.2.0-4ubuntu2~24.04) ...
Preparing to unpack .../libatomic1_14.2.0-4ubuntu2~24.04.1_amd64.deb ...
Unpacking libatomic1:amd64 (14.2.0-4ubuntu2~24.04.1) over (14.2.0-4ubuntu2~24.04) ...
Preparing to unpack .../libstdc++6_14.2.0-4ubuntu2~24.04.1_amd64.deb ...
Unpacking libstdc++6:amd64 (14.2.0-4ubuntu2~24.04.1) over (14.2.0-4ubuntu2~24.04) ...
Setting up libstdc++6:amd64 (14.2.0-4ubuntu2~24.04.1) ...
(Reading database ... 
[1A(Reading database ... 5%
[1A(Reading database ... 10%
[1A(Reading database ... 15%
[1A(Reading database ... 20%
[1A(Reading database ... 25%
[1A(Reading database ... 30%
[1A(Reading database ... 35%(Reading database ... 40%
[1A
[1A(Reading database ... 45%(Reading database ... 50%(Reading database ... 55%(Reading database ... 60%
[1A(Reading database ... 65%(Reading database ... 70%(Reading database ... 75%(Reading database ... 80%(Reading database ... 85%(Reading database ... 90%
[1A(Reading database ... 95%(Reading database ... 100%(Reading database ... 15092 files and directories currently installed.)
Preparing to unpack .../zlib1g_1%3a1.3.dfsg-3.1ubuntu2.2_amd64.deb ...
Unpacking zlib1g:amd64 (1:1.3.dfsg-3.1ubuntu2.2) over (1:1.3.dfsg-3.1ubuntu2.1) ...
Setting up zlib1g:amd64 (1:1.3.dfsg-3.1ubuntu2.2) ...
(Reading database ... 
[1A(Reading database ... 5%
[1A(Reading database ... 10%
[1A(Reading database ... 15%
[1A(Reading database ... 20%
[1A(Reading database ... 25%
[1A(Reading database ... 30%
[1A(Reading database ... 35%
[1A(Reading database ... 40%(Reading database ... 45%(Reading database ... 50%(Reading database ... 55%(Reading database ... 60%(Reading database ... 65%(Reading database ... 70%(Reading database ... 75%(Reading database ... 80%(Reading database ... 85%
[1A(Reading database ... 90%(Reading database ... 95%(Reading database ... 100%(Reading database ... 15092 files and directories currently installed.)
Preparing to unpack .../libc6_2.39-0ubuntu8.9_amd64.deb ...
debconf: unable to initialize frontend: Dialog
debconf: (No usable dialog-like program is installed, so the dialog based frontend cannot be used. at /usr/share/perl5/Debconf/FrontEnd/Dialog.pm line 79.)
debconf: falling back to frontend: Readline
debconf: unable to initialize frontend: Readline
debconf: (This frontend requires a controlling tty.)
debconf: falling back to frontend: Teletype
Unpacking libc6:amd64 (2.39-0ubuntu8.9) over (2.39-0ubuntu8.3) ...
Setting up libc6:amd64 (2.39-0ubuntu8.9) ...
debconf: unable to initialize frontend: Dialog
debconf: (No usable dialog-like program is installed, so the dialog based frontend cannot be used. at /usr/share/perl5/Debconf/FrontEnd/Dialog.pm line 79.)
debconf: falling back to frontend: Readline
debconf: unable to initialize frontend: Readline
debconf: (This frontend requires a controlling tty.)
debconf: falling back to frontend: Teletype
(Reading database ... 
[1A(Reading database ... 5%
[1A(Reading database ... 10%
[1A(Reading database ... 15%
[1A(Reading database ... 20%
[1A(Reading database ... 25%
[1A(Reading database ... 30%
[1A(Reading database ... 35%(Reading database ... 40%(Reading database ... 45%
[1A(Reading database ... 50%(Reading database ... 55%(Reading database ... 60%(Reading database ... 65%(Reading database ... 70%(Reading database ... 75%(Reading database ... 80%
[1A(Reading database ... 85%(Reading database ... 90%(Reading database ... 95%(Reading database ... 100%(Reading database ... 15091 files and directories currently installed.)
Preparing to unpack .../libc-bin_2.39-0ubuntu8.9_amd64.deb ...
Unpacking libc-bin (2.39-0ubuntu8.9) over (2.39-0ubuntu8.3) ...
Setting up libc-bin (2.39-0ubuntu8.9) ...
(Reading database ... 
[1A(Reading database ... 5%
[1A(Reading database ... 10%
[1A(Reading database ... 15%
[1A(Reading database ... 20%
[1A(Reading database ... 25%
[1A(Reading database ... 30%
[1A(Reading database ... 35%(Reading database ... 40%
[1A(Reading database ... 45%(Reading database ... 50%(Reading database ... 55%(Reading database ... 60%(Reading database ... 65%(Reading database ... 70%(Reading database ... 75%
[1A
[1A(Reading database ... 80%(Reading database ... 85%(Reading database ... 90%(Reading database ... 95%
[1A(Reading database ... 100%(Reading database ... 15090 files and directories currently installed.)
Preparing to unpack .../ncurses-base_6.4+20240113-1ubuntu2.2_all.deb ...
Unpacking ncurses-base (6.4+20240113-1ubuntu2.2) over (6.4+20240113-1ubuntu2) ...
Setting up ncurses-base (6.4+20240113-1ubuntu2.2) ...
Selecting previously unselected package libpython3.12-minimal:amd64.
(Reading database ... 
[1A(Reading database ... 5%
[1A(Reading database ... 10%
[1A(Reading database ... 15%
[1A(Reading database ... 20%
[1A(Reading database ... 25%
[1A(Reading database ... 30%
[1A(Reading database ... 35%(Reading database ... 40%(Reading database ... 45%(Reading database ... 50%(Reading database ... 55%(Reading database ... 60%(Reading database ... 65%(Reading database ... 70%(Reading database ... 75%(Reading database ... 80%(Reading database ... 85%
[1A(Reading database ... 90%(Reading database ... 95%(Reading database ... 100%(Reading database ... 15090 files and directories currently installed.)
Preparing to unpack .../libpython3.12-minimal_3.12.3-1ubuntu0.17_amd64.deb ...
Unpacking libpython3.12-minimal:amd64 (3.12.3-1ubuntu0.17) ...
Selecting previously unselected package libexpat1:amd64.
Preparing to unpack .../libexpat1_2.6.1-2ubuntu0.6_amd64.deb ...
Unpacking libexpat1:amd64 (2.6.1-2ubuntu0.6) ...
Selecting previously unselected package python3.12-minimal.
Preparing to unpack .../python3.12-minimal_3.12.3-1ubuntu0.17_amd64.deb ...
Unpacking python3.12-minimal (3.12.3-1ubuntu0.17) ...
Setting up libpython3.12-minimal:amd64 (3.12.3-1ubuntu0.17) ...
Setting up libexpat1:amd64 (2.6.1-2ubuntu0.6) ...
Setting up python3.12-minimal (3.12.3-1ubuntu0.17) ...
Selecting previously unselected package python3-minimal.
(Reading database ... 
[1A(Reading database ... 5%
[1A(Reading database ... 10%
[1A(Reading database ... 15%
[1A(Reading database ... 20%
[1A(Reading database ... 25%
[1A(Reading database ... 30%
[1A(Reading database ... 35%(Reading database ... 40%
[1A(Reading database ... 45%(Reading database ... 50%(Reading database ... 55%(Reading database ... 60%
[1A(Reading database ... 65%(Reading database ... 70%(Reading database ... 75%(Reading database ... 80%(Reading database ... 85%
[1A(Reading database ... 90%(Reading database ... 95%(Reading database ... 100%(Reading database ... 15409 files and directories currently installed.)
Preparing to unpack .../0-python3-minimal_3.12.3-0ubuntu2.1_amd64.deb ...
Unpacking python3-minimal (3.12.3-0ubuntu2.1) ...
Selecting previously unselected package media-types.
Preparing to unpack .../1-media-types_10.1.0_all.deb ...
Unpacking media-types (10.1.0) ...
Selecting previously unselected package netbase.
Preparing to unpack .../2-netbase_6.4_all.deb ...
Unpacking netbase (6.4) ...
Selecting previously unselected package tzdata.
Preparing to unpack .../3-tzdata_2026c-0ubuntu0.24.04.1_all.deb ...
Unpacking tzdata (2026c-0ubuntu0.24.04.1) ...
Preparing to unpack .../4-libncursesw6_6.4+20240113-1ubuntu2.2_amd64.deb ...
Unpacking libncursesw6:amd64 (6.4+20240113-1ubuntu2.2) over (6.4+20240113-1ubuntu2) ...
Preparing to unpack .../5-libtinfo6_6.4+20240113-1ubuntu2.2_amd64.deb ...
Unpacking libtinfo6:amd64 (6.4+20240113-1ubuntu2.2) over (6.4+20240113-1ubuntu2) ...
Setting up libtinfo6:amd64 (6.4+20240113-1ubuntu2.2) ...
Selecting previously unselected package libpython3.12-stdlib:amd64.
(Reading database ... 
[1A(Reading database ... 5%
[1A(Reading database ... 10%
[1A(Reading database ... 15%
[1A(Reading database ... 20%
[1A(Reading database ... 25%
[1A(Reading database ... 30%
[1A(Reading database ... 35%
[1A(Reading database ... 40%(Reading database ... 45%(Reading database ... 50%
[1A(Reading database ... 55%(Reading database ... 60%(Reading database ... 65%(Reading database ... 70%(Reading database ... 75%(Reading database ... 80%(Reading database ... 85%(Reading database ... 90%
[1A(Reading database ... 95%(Reading database ... 100%(Reading database ... 15972 files and directories currently installed.)
Preparing to unpack .../libpython3.12-stdlib_3.12.3-1ubuntu0.17_amd64.deb ...
Unpacking libpython3.12-stdlib:amd64 (3.12.3-1ubuntu0.17) ...
Selecting previously unselected package python3.12.
Preparing to unpack .../python3.12_3.12.3-1ubuntu0.17_amd64.deb ...
Unpacking python3.12 (3.12.3-1ubuntu0.17) ...
Selecting previously unselected package libpython3-stdlib:amd64.
Preparing to unpack .../libpython3-stdlib_3.12.3-0ubuntu2.1_amd64.deb ...
Unpacking libpython3-stdlib:amd64 (3.12.3-0ubuntu2.1) ...
Setting up python3-minimal (3.12.3-0ubuntu2.1) ...
Selecting previously unselected package python3.
(Reading database ... 
[1A(Reading database ... 5%
[1A(Reading database ... 10%
[1A(Reading database ... 15%
[1A(Reading database ... 20%
[1A(Reading database ... 25%
[1A(Reading database ... 30%
[1A(Reading database ... 35%(Reading database ... 40%
[1A(Reading database ... 45%(Reading database ... 50%(Reading database ... 55%(Reading database ... 60%
[1A(Reading database ... 65%(Reading database ... 70%(Reading database ... 75%(Reading database ... 80%(Reading database ... 85%(Reading database ... 90%(Reading database ... 95%(Reading database ... 100%
[1A(Reading database ... 16378 files and directories currently installed.)
Preparing to unpack .../00-python3_3.12.3-0ubuntu2.1_amd64.deb ...
Unpacking python3 (3.12.3-0ubuntu2.1) ...
Selecting previously unselected package libpipeline1:amd64.
Preparing to unpack .../01-libpipeline1_1.5.7-2_amd64.deb ...
Unpacking libpipeline1:amd64 (1.5.7-2) ...
Selecting previously unselected package binfmt-support.
Preparing to unpack .../02-binfmt-support_2.2.2-7_amd64.deb ...
Unpacking binfmt-support (2.2.2-7) ...
Selecting previously unselected package krb5-locales.
Preparing to unpack .../03-krb5-locales_1.20.1-6ubuntu2.10_all.deb ...
Unpacking krb5-locales (1.20.1-6ubuntu2.10) ...
Selecting previously unselected package less.
Preparing to unpack .../04-less_590-2ubuntu2.1_amd64.deb ...
Unpacking less (590-2ubuntu2.1) ...
Selecting previously unselected package libbsd0:amd64.
Preparing to unpack .../05-libbsd0_0.12.1-1build1.1_amd64.deb ...
Unpacking libbsd0:amd64 (0.12.1-1build1.1) ...
Selecting previously unselected package libkrb5support0:amd64.
Preparing to unpack .../06-libkrb5support0_1.20.1-6ubuntu2.10_amd64.deb ...
Unpacking libkrb5support0:amd64 (1.20.1-6ubuntu2.10) ...
Selecting previously unselected package libk5crypto3:amd64.
Preparing to unpack .../07-libk5crypto3_1.20.1-6ubuntu2.10_amd64.deb ...
Unpacking libk5crypto3:amd64 (1.20.1-6ubuntu2.10) ...
Selecting previously unselected package libkeyutils1:amd64.
Preparing to unpack .../08-libkeyutils1_1.6.3-3build1_amd64.deb ...
Unpacking libkeyutils1:amd64 (1.6.3-3build1) ...
Selecting previously unselected package libkrb5-3:amd64.
Preparing to unpack .../09-libkrb5-3_1.20.1-6ubuntu2.10_amd64.deb ...
Unpacking libkrb5-3:amd64 (1.20.1-6ubuntu2.10) ...
Selecting previously unselected package libgssapi-krb5-2:amd64.
Preparing to unpack .../10-libgssapi-krb5-2_1.20.1-6ubuntu2.10_amd64.deb ...
Unpacking libgssapi-krb5-2:amd64 (1.20.1-6ubuntu2.10) ...
Selecting previously unselected package libicu74:amd64.
Preparing to unpack .../11-libicu74_74.2-1ubuntu3.1_amd64.deb ...
Unpacking libicu74:amd64 (74.2-1ubuntu3.1) ...
Selecting previously unselected package libxml2:amd64.
Preparing to unpack .../12-libxml2_2.9.14+dfsg-1.3ubuntu3.9_amd64.deb ...
Unpacking libxml2:amd64 (2.9.14+dfsg-1.3ubuntu3.9) ...
Selecting previously unselected package libyaml-0-2:amd64.
Preparing to unpack .../13-libyaml-0-2_0.2.5-1build1_amd64.deb ...
Unpacking libyaml-0-2:amd64 (0.2.5-1build1) ...
Selecting previously unselected package python3-pkg-resources.
Preparing to unpack .../14-python3-pkg-resources_68.1.2-2ubuntu1.2_all.deb ...
Unpacking python3-pkg-resources (68.1.2-2ubuntu1.2) ...
Selecting previously unselected package python3-pygments.
Preparing to unpack .../15-python3-pygments_2.17.2+dfsg-1_all.deb ...
Unpacking python3-pygments (2.17.2+dfsg-1) ...
Selecting previously unselected package python3-yaml.
Preparing to unpack .../16-python3-yaml_6.0.1-2build2_amd64.deb ...
Unpacking python3-yaml (6.0.1-2build2) ...
Selecting previously unselected package libcbor0.10:amd64.
Preparing to unpack .../17-libcbor0.10_0.10.2-1.2ubuntu2_amd64.deb ...
Unpacking libcbor0.10:amd64 (0.10.2-1.2ubuntu2) ...
Selecting previously unselected package libedit2:amd64.
Preparing to unpack .../18-libedit2_3.1-20230828-1build1_amd64.deb ...
Unpacking libedit2:amd64 (3.1-20230828-1build1) ...
Selecting previously unselected package libfido2-1:amd64.
Preparing to unpack .../19-libfido2-1_1.14.0-1build3_amd64.deb ...
Unpacking libfido2-1:amd64 (1.14.0-1build3) ...
Selecting previously unselected package libgpm2:amd64.
Preparing to unpack .../20-libgpm2_1.20.7-11_amd64.deb ...
Unpacking libgpm2:amd64 (1.20.7-11) ...
Selecting previously unselected package libncurses6:amd64.
Preparing to unpack .../21-libncurses6_6.4+20240113-1ubuntu2.2_amd64.deb ...
Unpacking libncurses6:amd64 (6.4+20240113-1ubuntu2.2) ...
Selecting previously unselected package libnghttp2-14:amd64.
Preparing to unpack .../22-libnghttp2-14_1.59.0-1ubuntu0.4_amd64.deb ...
Unpacking libnghttp2-14:amd64 (1.59.0-1ubuntu0.4) ...
Selecting previously unselected package libpsl5t64:amd64.
Preparing to unpack .../23-libpsl5t64_0.21.2-1.1build1_amd64.deb ...
Unpacking libpsl5t64:amd64 (0.21.2-1.1build1) ...
Selecting previously unselected package libuv1t64:amd64.
Preparing to unpack .../24-libuv1t64_1.48.0-1.1build1_amd64.deb ...
Unpacking libuv1t64:amd64 (1.48.0-1.1build1) ...
Selecting previously unselected package libxau6:amd64.
Preparing to unpack .../25-libxau6_1%3a1.0.9-1build6_amd64.deb ...
Unpacking libxau6:amd64 (1:1.0.9-1build6) ...
Selecting previously unselected package libxdmcp6:amd64.
Preparing to unpack .../26-libxdmcp6_1%3a1.1.3-0ubuntu6_amd64.deb ...
Unpacking libxdmcp6:amd64 (1:1.1.3-0ubuntu6) ...
Selecting previously unselected package libxcb1:amd64.
Preparing to unpack .../27-libxcb1_1.15-1ubuntu2_amd64.deb ...
Unpacking libxcb1:amd64 (1.15-1ubuntu2) ...
Selecting previously unselected package libx11-data.
Preparing to unpack .../28-libx11-data_2%3a1.8.7-1build1_all.deb ...
Unpacking libx11-data (2:1.8.7-1build1) ...
Selecting previously unselected package libx11-6:amd64.
Preparing to unpack .../29-libx11-6_2%3a1.8.7-1build1_amd64.deb ...
Unpacking libx11-6:amd64 (2:1.8.7-1build1) ...
Selecting previously unselected package libxext6:amd64.
Preparing to unpack .../30-libxext6_2%3a1.3.4-1build2_amd64.deb ...
Unpacking libxext6:amd64 (2:1.3.4-1build2) ...
Selecting previously unselected package libxmuu1:amd64.
Preparing to unpack .../31-libxmuu1_2%3a1.1.3-3build2_amd64.deb ...
Unpacking libxmuu1:amd64 (2:1.1.3-3build2) ...
Selecting previously unselected package openssh-client.
Preparing to unpack .../32-openssh-client_1%3a9.6p1-3ubuntu13.19_amd64.deb ...
Unpacking openssh-client (1:9.6p1-3ubuntu13.19) ...
Selecting previously unselected package publicsuffix.
Preparing to unpack .../33-publicsuffix_20231001.0357-0.1_all.deb ...
Unpacking publicsuffix (20231001.0357-0.1) ...
Selecting previously unselected package xauth.
Preparing to unpack .../34-xauth_1%3a1.1.2-1build1_amd64.deb ...
Unpacking xauth (1:1.1.2-1build1) ...
Selecting previously unselected package libhiredis1.1.0:amd64.
Preparing to unpack .../35-libhiredis1.1.0_1.2.0-6ubuntu3_amd64.deb ...
Unpacking libhiredis1.1.0:amd64 (1.2.0-6ubuntu3) ...
Selecting previously unselected package ccache.
Preparing to unpack .../36-ccache_4.9.1-1_amd64.deb ...
Unpacking ccache (4.9.1-1) ...
Selecting previously unselected package libllvm18:amd64.
Preparing to unpack .../37-libllvm18_1%3a18.1.3-1ubuntu1_amd64.deb ...
Unpacking libllvm18:amd64 (1:18.1.3-1ubuntu1) ...
Selecting previously unselected package libclang-cpp18.
Preparing to unpack .../38-libclang-cpp18_1%3a18.1.3-1ubuntu1_amd64.deb ...
Unpacking libclang-cpp18 (1:18.1.3-1ubuntu1) ...
Selecting previously unselected package libgc1:amd64.
Preparing to unpack .../39-libgc1_1%3a8.2.6-1build1_amd64.deb ...
Unpacking libgc1:amd64 (1:8.2.6-1build1) ...
Selecting previously unselected package libobjc4:amd64.
Preparing to unpack .../40-libobjc4_14.2.0-4ubuntu2~24.04.1_amd64.deb ...
Unpacking libobjc4:amd64 (14.2.0-4ubuntu2~24.04.1) ...
Selecting previously unselected package libobjc-13-dev:amd64.
Preparing to unpack .../41-libobjc-13-dev_13.3.0-6ubuntu2~24.04.1_amd64.deb ...
Unpacking libobjc-13-dev:amd64 (13.3.0-6ubuntu2~24.04.1) ...
Selecting previously unselected package libclang-common-18-dev:amd64.
Preparing to unpack .../42-libclang-common-18-dev_1%3a18.1.3-1ubuntu1_amd64.deb ...
Unpacking libclang-common-18-dev:amd64 (1:18.1.3-1ubuntu1) ...
Selecting previously unselected package llvm-18-linker-tools.
Preparing to unpack .../43-llvm-18-linker-tools_1%3a18.1.3-1ubuntu1_amd64.deb ...
Unpacking llvm-18-linker-tools (1:18.1.3-1ubuntu1) ...
Selecting previously unselected package libclang1-18.
Preparing to unpack .../44-libclang1-18_1%3a18.1.3-1ubuntu1_amd64.deb ...
Unpacking libclang1-18 (1:18.1.3-1ubuntu1) ...
Selecting previously unselected package clang-18.
Preparing to unpack .../45-clang-18_1%3a18.1.3-1ubuntu1_amd64.deb ...
Unpacking clang-18 (1:18.1.3-1ubuntu1) ...
Selecting previously unselected package clang.
Preparing to unpack .../46-clang_1%3a18.0-59~exp2_amd64.deb ...
Unpacking clang (1:18.0-59~exp2) ...
Selecting previously unselected package libarchive13t64:amd64.
Preparing to unpack .../47-libarchive13t64_3.7.2-2ubuntu0.8_amd64.deb ...
Unpacking libarchive13t64:amd64 (3.7.2-2ubuntu0.8) ...
Selecting previously unselected package libbrotli1:amd64.
Preparing to unpack .../48-libbrotli1_1.1.0-2build2_amd64.deb ...
Unpacking libbrotli1:amd64 (1.1.0-2build2) ...
Selecting previously unselected package librtmp1:amd64.
Preparing to unpack .../49-librtmp1_2.4+20151223.gitfa8646d.1-2build7_amd64.deb ...
Unpacking librtmp1:amd64 (2.4+20151223.gitfa8646d.1-2build7) ...
Selecting previously unselected package libssh-4:amd64.
Preparing to unpack .../50-libssh-4_0.10.6-2ubuntu0.5_amd64.deb ...
Unpacking libssh-4:amd64 (0.10.6-2ubuntu0.5) ...
Selecting previously unselected package libcurl4t64:amd64.
Preparing to unpack .../51-libcurl4t64_8.5.0-2ubuntu10.15_amd64.deb ...
Unpacking libcurl4t64:amd64 (8.5.0-2ubuntu10.15) ...
Selecting previously unselected package libjsoncpp25:amd64.
Preparing to unpack .../52-libjsoncpp25_1.9.5-6build1_amd64.deb ...
Unpacking libjsoncpp25:amd64 (1.9.5-6build1) ...
Selecting previously unselected package librhash0:amd64.
Preparing to unpack .../53-librhash0_1.4.3-3build1_amd64.deb ...
Unpacking librhash0:amd64 (1.4.3-3build1) ...
Selecting previously unselected package cmake-data.
Preparing to unpack .../54-cmake-data_3.28.3-1build7_all.deb ...
Unpacking cmake-data (3.28.3-1build7) ...
Selecting previously unselected package cmake.
Preparing to unpack .../55-cmake_3.28.3-1build7_amd64.deb ...
Unpacking cmake (3.28.3-1build7) ...
Selecting previously unselected package curl.
Preparing to unpack .../56-curl_8.5.0-2ubuntu10.15_amd64.deb ...
Unpacking curl (8.5.0-2ubuntu10.15) ...
Selecting previously unselected package libcurl3t64-gnutls:amd64.
Preparing to unpack .../57-libcurl3t64-gnutls_8.5.0-2ubuntu10.15_amd64.deb ...
Unpacking libcurl3t64-gnutls:amd64 (8.5.0-2ubuntu10.15) ...
Selecting previously unselected package liberror-perl.
Preparing to unpack .../58-liberror-perl_0.17029-2_all.deb ...
Unpacking liberror-perl (0.17029-2) ...
Selecting previously unselected package git-man.
Preparing to unpack .../59-git-man_1%3a2.43.0-1ubuntu7.3_all.deb ...
Unpacking git-man (1:2.43.0-1ubuntu7.3) ...
Selecting previously unselected package git.
Preparing to unpack .../60-git_1%3a2.43.0-1ubuntu7.3_amd64.deb ...
Unpacking git (1:2.43.0-1ubuntu7.3) ...
Selecting previously unselected package icu-devtools.
Preparing to unpack .../61-icu-devtools_74.2-1ubuntu3.1_amd64.deb ...
Unpacking icu-devtools (74.2-1ubuntu3.1) ...
Selecting previously unselected package libc6-i386.
Preparing to unpack .../62-libc6-i386_2.39-0ubuntu8.9_amd64.deb ...
Unpacking libc6-i386 (2.39-0ubuntu8.9) ...
Selecting previously unselected package lib32gcc-s1.
Preparing to unpack .../63-lib32gcc-s1_14.2.0-4ubuntu2~24.04.1_amd64.deb ...
Unpacking lib32gcc-s1 (14.2.0-4ubuntu2~24.04.1) ...
Selecting previously unselected package lib32stdc++6.
Preparing to unpack .../64-lib32stdc++6_14.2.0-4ubuntu2~24.04.1_amd64.deb ...
Unpacking lib32stdc++6 (14.2.0-4ubuntu2~24.04.1) ...
Selecting previously unselected package libclang-rt-18-dev:amd64.
Preparing to unpack .../65-libclang-rt-18-dev_1%3a18.1.3-1ubuntu1_amd64.deb ...
Unpacking libclang-rt-18-dev:amd64 (1:18.1.3-1ubuntu1) ...
Selecting previously unselected package libicu-dev:amd64.
Preparing to unpack .../66-libicu-dev_74.2-1ubuntu3.1_amd64.deb ...
Unpacking libicu-dev:amd64 (74.2-1ubuntu3.1) ...
Selecting previously unselected package libncurses-dev:amd64.
Preparing to unpack .../67-libncurses-dev_6.4+20240113-1ubuntu2.2_amd64.deb ...
Unpacking libncurses-dev:amd64 (6.4+20240113-1ubuntu2.2) ...
Selecting previously unselected package libpkgconf3:amd64.
Preparing to unpack .../68-libpkgconf3_1.8.1-2build1_amd64.deb ...
Unpacking libpkgconf3:amd64 (1.8.1-2build1) ...
Selecting previously unselected package libxml2-dev:amd64.
Preparing to unpack .../69-libxml2-dev_2.9.14+dfsg-1.3ubuntu3.9_amd64.deb ...
Unpacking libxml2-dev:amd64 (2.9.14+dfsg-1.3ubuntu3.9) ...
Selecting previously unselected package lld-18.
Preparing to unpack .../70-lld-18_1%3a18.1.3-1ubuntu1_amd64.deb ...
Unpacking lld-18 (1:18.1.3-1ubuntu1) ...
Selecting previously unselected package lld:amd64.
Preparing to unpack .../71-lld_1%3a18.0-59~exp2_amd64.deb ...
Unpacking lld:amd64 (1:18.0-59~exp2) ...
Selecting previously unselected package llvm-18-runtime.
Preparing to unpack .../72-llvm-18-runtime_1%3a18.1.3-1ubuntu1_amd64.deb ...
Unpacking llvm-18-runtime (1:18.1.3-1ubuntu1) ...
Selecting previously unselected package libpfm4:amd64.
Preparing to unpack .../73-libpfm4_4.13.0+git32-g0d4ed0e-1ubuntu0.1_amd64.deb ...
Unpacking libpfm4:amd64 (4.13.0+git32-g0d4ed0e-1ubuntu0.1) ...
Selecting previously unselected package llvm-18.
Preparing to unpack .../74-llvm-18_1%3a18.1.3-1ubuntu1_amd64.deb ...
Unpacking llvm-18 (1:18.1.3-1ubuntu1) ...
Selecting previously unselected package libffi-dev:amd64.
Preparing to unpack .../75-libffi-dev_3.4.6-1build1_amd64.deb ...
Unpacking libffi-dev:amd64 (3.4.6-1build1) ...
Selecting previously unselected package llvm-18-tools.
Preparing to unpack .../76-llvm-18-tools_1%3a18.1.3-1ubuntu1_amd64.deb ...
Unpacking llvm-18-tools (1:18.1.3-1ubuntu1) ...
Selecting previously unselected package libz3-4:amd64.
Preparing to unpack .../77-libz3-4_4.8.12-3.1build1_amd64.deb ...
Unpacking libz3-4:amd64 (4.8.12-3.1build1) ...
Selecting previously unselected package libz3-dev:amd64.
Preparing to unpack .../78-libz3-dev_4.8.12-3.1build1_amd64.deb ...
Unpacking libz3-dev:amd64 (4.8.12-3.1build1) ...
Selecting previously unselected package llvm-18-dev.
Preparing to unpack .../79-llvm-18-dev_1%3a18.1.3-1ubuntu1_amd64.deb ...
Unpacking llvm-18-dev (1:18.1.3-1ubuntu1) ...
Selecting previously unselected package ninja-build.
Preparing to unpack .../80-ninja-build_1.11.1-2_amd64.deb ...
Unpacking ninja-build (1.11.1-2) ...
Selecting previously unselected package pkgconf-bin.
Preparing to unpack .../81-pkgconf-bin_1.8.1-2build1_amd64.deb ...
Unpacking pkgconf-bin (1.8.1-2build1) ...
Selecting previously unselected package pkgconf:amd64.
Preparing to unpack .../82-pkgconf_1.8.1-2build1_amd64.deb ...
Unpacking pkgconf:amd64 (1.8.1-2build1) ...
Selecting previously unselected package pkg-config:amd64.
Preparing to unpack .../83-pkg-config_1.8.1-2build1_amd64.deb ...
Unpacking pkg-config:amd64 (1.8.1-2build1) ...
Selecting previously unselected package zlib1g-dev:amd64.
Preparing to unpack .../84-zlib1g-dev_1%3a1.3.dfsg-3.1ubuntu2.2_amd64.deb ...
Unpacking zlib1g-dev:amd64 (1:1.3.dfsg-3.1ubuntu2.2) ...
Setting up media-types (10.1.0) ...
Setting up libpipeline1:amd64 (1.5.7-2) ...
Setting up libxau6:amd64 (1:1.0.9-1build6) ...
Setting up libkeyutils1:amd64 (1.6.3-3build1) ...
Setting up libgpm2:amd64 (1.20.7-11) ...
Setting up libcbor0.10:amd64 (0.10.2-1.2ubuntu2) ...
Setting up libyaml-0-2:amd64 (0.2.5-1build1) ...
Setting up libbrotli1:amd64 (1.1.0-2build2) ...
Setting up libuv1t64:amd64 (1.48.0-1.1build1) ...
Setting up libpsl5t64:amd64 (0.21.2-1.1build1) ...
Setting up libnghttp2-14:amd64 (1.59.0-1ubuntu0.4) ...
Setting up less (590-2ubuntu2.1) ...
Setting up krb5-locales (1.20.1-6ubuntu2.10) ...
Setting up libgomp1:amd64 (14.2.0-4ubuntu2~24.04.1) ...
Setting up libffi-dev:amd64 (3.4.6-1build1) ...
Setting up ninja-build (1.11.1-2) ...
Setting up libkrb5support0:amd64 (1.20.1-6ubuntu2.10) ...
Setting up tzdata (2026c-0ubuntu0.24.04.1) ...
debconf: unable to initialize frontend: Dialog
debconf: (No usable dialog-like program is installed, so the dialog based frontend cannot be used. at /usr/share/perl5/Debconf/FrontEnd/Dialog.pm line 79.)
debconf: falling back to frontend: Readline
debconf: unable to initialize frontend: Readline
debconf: (This frontend requires a controlling tty.)
debconf: falling back to frontend: Teletype
Configuring tzdata
------------------

Please select the geographic area in which you live. Subsequent configuration
questions will narrow this down by presenting a list of cities, representing
the time zones in which they are located.

  1. Africa      4. Arctic    7. Australia  10. Pacific
  2. America     5. Asia      8. Europe     11. Etc
  3. Antarctica  6. Atlantic  9. Indian     12. Legacy
Geographic area: 
Use of uninitialized value $_[1] in join or string at /usr/share/perl5/Debconf/DbDriver/Stack.pm line 112.

Current default time zone: '/UTC'
Local time is now:      Sun Oct  4 00:32:30 UTC 2026.
Universal Time is now:  Sun Oct  4 00:32:30 UTC 2026.
Run 'dpkg-reconfigure tzdata' if you wish to change it.

Use of uninitialized value $val in substitution (s///) at /usr/share/perl5/Debconf/Format/822.pm line 84, <GEN6> line 4.
Use of uninitialized value $val in concatenation (.) or string at /usr/share/perl5/Debconf/Format/822.pm line 85, <GEN6> line 4.
Setting up liberror-perl (0.17029-2) ...
Setting up libz3-4:amd64 (4.8.12-3.1build1) ...
Setting up libpkgconf3:amd64 (1.8.1-2build1) ...
Setting up libpfm4:amd64 (4.13.0+git32-g0d4ed0e-1ubuntu0.1) ...
Setting up gcc-13-base:amd64 (13.3.0-6ubuntu2~24.04.1) ...
Setting up libx11-data (2:1.8.7-1build1) ...
Setting up librtmp1:amd64 (2.4+20151223.gitfa8646d.1-2build7) ...
Setting up libncurses6:amd64 (6.4+20240113-1ubuntu2.2) ...
Setting up libquadmath0:amd64 (14.2.0-4ubuntu2~24.04.1) ...
Setting up libatomic1:amd64 (14.2.0-4ubuntu2~24.04.1) ...
Setting up binfmt-support (2.2.2-7) ...
invoke-rc.d: could not determine current runlevel
invoke-rc.d: policy-rc.d denied execution of start.
Setting up libjsoncpp25:amd64 (1.9.5-6build1) ...
Setting up pkgconf-bin (1.8.1-2build1) ...
Setting up libclang-common-18-dev:amd64 (1:18.1.3-1ubuntu1) ...
Setting up libncursesw6:amd64 (6.4+20240113-1ubuntu2.2) ...
Setting up libk5crypto3:amd64 (1.20.1-6ubuntu2.10) ...
Setting up libgc1:amd64 (1:8.2.6-1build1) ...
Setting up libubsan1:amd64 (14.2.0-4ubuntu2~24.04.1) ...
Setting up libicu74:amd64 (74.2-1ubuntu3.1) ...
Setting up libhwasan0:amd64 (14.2.0-4ubuntu2~24.04.1) ...
Setting up librhash0:amd64 (1.4.3-3build1) ...
Setting up libasan8:amd64 (14.2.0-4ubuntu2~24.04.1) ...
Setting up libc6-i386 (2.39-0ubuntu8.9) ...
Setting up git-man (1:2.43.0-1ubuntu7.3) ...
Setting up netbase (6.4) ...
Setting up cmake-data (3.28.3-1build7) ...
Setting up libkrb5-3:amd64 (1.20.1-6ubuntu2.10) ...
Setting up libtsan2:amd64 (14.2.0-4ubuntu2~24.04.1) ...
Setting up libfido2-1:amd64 (1.14.0-1build3) ...
Setting up libc-dev-bin (2.39-0ubuntu8.9) ...
Setting up libbsd0:amd64 (0.12.1-1build1.1) ...
Setting up libhiredis1.1.0:amd64 (1.2.0-6ubuntu3) ...
Setting up publicsuffix (20231001.0357-0.1) ...
Setting up libxml2:amd64 (2.9.14+dfsg-1.3ubuntu3.9) ...
Setting up libcc1-0:amd64 (14.2.0-4ubuntu2~24.04.1) ...
Setting up liblsan0:amd64 (14.2.0-4ubuntu2~24.04.1) ...
Setting up libitm1:amd64 (14.2.0-4ubuntu2~24.04.1) ...
Setting up libz3-dev:amd64 (4.8.12-3.1build1) ...
Setting up libxdmcp6:amd64 (1:1.1.3-0ubuntu6) ...
Setting up libxcb1:amd64 (1.15-1ubuntu2) ...
Setting up libpython3.12-stdlib:amd64 (3.12.3-1ubuntu0.17) ...
Setting up cpp-13-x86-64-linux-gnu (13.3.0-6ubuntu2~24.04.1) ...
Setting up python3.12 (3.12.3-1ubuntu0.17) ...
Setting up libedit2:amd64 (3.1-20230828-1build1) ...
Setting up ccache (4.9.1-1) ...
Updating symlinks in /usr/lib/ccache ...
Setting up libobjc4:amd64 (14.2.0-4ubuntu2~24.04.1) ...
Setting up pkgconf:amd64 (1.8.1-2build1) ...
Setting up lib32gcc-s1 (14.2.0-4ubuntu2~24.04.1) ...
Setting up lib32stdc++6 (14.2.0-4ubuntu2~24.04.1) ...
Setting up libgssapi-krb5-2:amd64 (1.20.1-6ubuntu2.10) ...
Setting up icu-devtools (74.2-1ubuntu3.1) ...
Setting up pkg-config:amd64 (1.8.1-2build1) ...
Setting up libssh-4:amd64 (0.10.6-2ubuntu0.5) ...
Setting up libgcc-13-dev:amd64 (13.3.0-6ubuntu2~24.04.1) ...
Setting up libc6-dev:amd64 (2.39-0ubuntu8.9) ...
Setting up libx11-6:amd64 (2:1.8.7-1build1) ...
Setting up libarchive13t64:amd64 (3.7.2-2ubuntu0.8) ...
Setting up libicu-dev:amd64 (74.2-1ubuntu3.1) ...
Setting up libclang-rt-18-dev:amd64 (1:18.1.3-1ubuntu1) ...
Setting up libxmuu1:amd64 (2:1.1.3-3build2) ...
Setting up libobjc-13-dev:amd64 (13.3.0-6ubuntu2~24.04.1) ...
Setting up libstdc++-13-dev:amd64 (13.3.0-6ubuntu2~24.04.1) ...
Setting up libpython3-stdlib:amd64 (3.12.3-0ubuntu2.1) ...
Setting up libllvm18:amd64 (1:18.1.3-1ubuntu1) ...
Setting up libclang1-18 (1:18.1.3-1ubuntu1) ...
Setting up libncurses-dev:amd64 (6.4+20240113-1ubuntu2.2) ...
Setting up cpp-13 (13.3.0-6ubuntu2~24.04.1) ...
Setting up libcurl4t64:amd64 (8.5.0-2ubuntu10.15) ...
Setting up openssh-client (1:9.6p1-3ubuntu13.19) ...
Setting up gcc-13-x86-64-linux-gnu (13.3.0-6ubuntu2~24.04.1) ...
Setting up libcurl3t64-gnutls:amd64 (8.5.0-2ubuntu10.15) ...
Setting up libxext6:amd64 (2:1.3.4-1build2) ...
Setting up python3 (3.12.3-0ubuntu2.1) ...
running python rtupdate hooks for python3.12...
running python post-rtupdate hooks for python3.12...
Setting up libxml2-dev:amd64 (2.9.14+dfsg-1.3ubuntu3.9) ...
Setting up gcc-13 (13.3.0-6ubuntu2~24.04.1) ...
Setting up git (1:2.43.0-1ubuntu7.3) ...
Setting up llvm-18-linker-tools (1:18.1.3-1ubuntu1) ...
Setting up zlib1g-dev:amd64 (1:1.3.dfsg-3.1ubuntu2.2) ...
Setting up xauth (1:1.1.2-1build1) ...
Setting up cmake (3.28.3-1build7) ...
Setting up curl (8.5.0-2ubuntu10.15) ...
Setting up llvm-18-runtime (1:18.1.3-1ubuntu1) ...
Setting up libclang-cpp18 (1:18.1.3-1ubuntu1) ...
Setting up lld-18 (1:18.1.3-1ubuntu1) ...
Setting up python3-pkg-resources (68.1.2-2ubuntu1.2) ...
Setting up g++-13-x86-64-linux-gnu (13.3.0-6ubuntu2~24.04.1) ...
Setting up lld:amd64 (1:18.0-59~exp2) ...
Setting up python3-yaml (6.0.1-2build2) ...
Setting up clang-18 (1:18.1.3-1ubuntu1) ...
Setting up python3-pygments (2.17.2+dfsg-1) ...
Setting up clang (1:18.0-59~exp2) ...
Setting up llvm-18 (1:18.1.3-1ubuntu1) ...
Setting up g++-13 (13.3.0-6ubuntu2~24.04.1) ...
Setting up llvm-18-tools (1:18.1.3-1ubuntu1) ...
Setting up llvm-18-dev (1:18.1.3-1ubuntu1) ...
Processing triggers for libc-bin (2.39-0ubuntu8.9) ...
Saving image...
Image saved, took 948.02ms

Built image im-5kkduab81gJoUtxjcTXMFn in 46.61s


Building image im-6EdA7u6dXv2YkQe99jxzgS

=> Step 0: FROM base

=> Step 1: ENV CUDA_HOME=/usr/local/cuda

=> Step 2: ENV PATH=/usr/local/cuda/bin:/usr/local/bin:/usr/bin:/bin

=> Step 3: ENV TRITON_BUILD_WITH_CLANG_LLD=true

=> Step 4: ENV TRITON_BUILD_WITH_CCACHE=true

=> Step 5: ENV CCACHE_DIR=/cache/ccache

=> Step 6: ENV CCACHE_COMPILERCHECK=content

=> Step 7: ENV CCACHE_MAXSIZE=20G

=> Step 8: ENV TRITON_HOME=/cache/triton-home

=> Step 9: ENV MAX_JOBS=4
Saving image...
Image saved, took 676.52ms

Built image im-6EdA7u6dXv2YkQe99jxzgS in 2.58s


Building image im-mJiJ7A7oLOXoS54ElPMnqF

=> Step 0: FROM base

=> Step 1: COPY --from=ghcr.io/astral-sh/uv:latest /uv /.uv/uv
Getting image source signatures
Copying blob sha256:dcd00f4c468462b2a68c19a552a5b67c3fd23b41967f8622f7f1620cad1d105d
Copying blob sha256:f3f7502ac07c10bd911c63b27afb9b3f5902b8554ccbe381bde627178ad1915b
Copying config sha256:2832daefdfaee215fd647b8bc850821ece2a4c4f7703a11895c6d4631ef0858e
Writing manifest to image destination
Unpacking OCI image
   • unpacking rootfs ...     
   • ... done                 
   • unpacked image rootfs: /tmp/task-data/ta-01M4257W7D90SM0B92G6M07BTB/registry-unpackW3z3Wf

=> Step 2: RUN /.uv/uv pip install --python $(command -v python) --compile-bytecode numpy pandas tabulate torch
Using Python 3.12.1 environment at: /usr/local
Resolved 34 packages in 215ms
Downloading torch (528.9MiB)
Downloading nvidia-cudnn-cu13 (527.5MiB)
Downloading nvidia-cublas (403.5MiB)
Downloading nvidia-nccl-cu13 (206.0MiB)
Downloading triton (236.5MiB)
Downloading nvidia-cufft (204.2MiB)
Downloading nvidia-cusparselt-cu13 (162.3MiB)
Downloading nvidia-cusolver (191.6MiB)
Downloading nvidia-curand (56.8MiB)
Downloading nvidia-cuda-nvrtc (86.0MiB)
Downloading nvidia-nvjitlink (40.5MiB)
Downloading nvidia-nvshmem-cu13 (57.6MiB)
Downloading numpy (15.9MiB)
Downloading nvidia-cusparse (139.2MiB)
Downloading pandas (10.3MiB)
Downloading nvidia-cuda-cupti (10.2MiB)
Downloading cuda-bindings (6.8MiB)
Downloading nvidia-cuda-runtime (2.1MiB)
Downloading nvidia-cufile (1.2MiB)
Downloading sympy (6.0MiB)
Downloading networkx (2.0MiB)
 Downloaded nvidia-cufile
 Downloaded nvidia-cuda-runtime
 Downloaded networkx
 Downloaded cuda-bindings
 Downloaded nvidia-cuda-cupti
 Downloaded sympy
 Downloaded pandas
 Downloaded numpy
 Downloaded nvidia-nvjitlink
 Downloaded nvidia-curand
 Downloaded nvidia-nvshmem-cu13
 Downloaded nvidia-cuda-nvrtc
 Downloaded nvidia-cusparse
 Downloaded nvidia-cusparselt-cu13
 Downloaded nvidia-cusolver
 Downloaded nvidia-cufft
 Downloaded nvidia-nccl-cu13
 Downloaded triton
 Downloaded nvidia-cublas
 Downloaded torch
 Downloaded nvidia-cudnn-cu13
Prepared 34 packages in 3.62s
Uninstalled 1 package in 22ms
Installed 34 packages in 661ms
Bytecode compiled 7010 files in 1.44s
 + cuda-bindings==13.4.3
 + cuda-pathfinder==1.8.3
 + cuda-toolkit==13.0.3.0
 + filelock==4.0.10
 + fsspec==2026.9.0
 + jinja2==3.1.6
 + markupsafe==3.0.4
 + mpmath==1.3.0
 + networkx==3.7
 + numpy==2.5.3
 + nvidia-cublas==13.1.1.3
 + nvidia-cuda-cupti==13.0.85
 + nvidia-cuda-nvrtc==13.0.88
 + nvidia-cuda-runtime==13.0.96
 + nvidia-cudnn-cu13==9.24.0.43
 + nvidia-cufft==12.0.0.61
 + nvidia-cufile==1.15.1.6
 + nvidia-curand==10.4.0.35
 + nvidia-cusolver==12.0.4.66
 + nvidia-cusparse==12.6.3.3
 + nvidia-cusparselt-cu13==0.8.1
 + nvidia-nccl-cu13==2.30.7
 + nvidia-nvjitlink==13.4.92
 + nvidia-nvshmem-cu13==3.4.5
 + nvidia-nvtx==13.0.85
 + pandas==3.0.6
 + python-dateutil==2.9.0.post0
 - setuptools==69.0.3 (from file:///build/setuptools-69.0.3-py3-none-any.whl#sha256=385eb4edd9c9d5c17540511303e39a147ce2fc04bc55289c322b9e5904fe2c05)
 + setuptools==84.0.0
 + six==1.17.0
 + sympy==1.14.0
 + tabulate==0.10.0
 + torch==2.14.1
 + triton==3.8.0
 + typing-extensions==4.16.0
Saving image...
Image saved, took 2.54s

Built image im-mJiJ7A7oLOXoS54ElPMnqF in 12.01s


Building image im-UAlArFhbNPpA5awyootZXF

=> Step 0: FROM base

=> Step 1: RUN python3 -m pip uninstall -y triton pytorch-triton || true
Found existing installation: triton 3.8.0
Uninstalling triton-3.8.0:
  Successfully uninstalled triton-3.8.0
WARNING: Skipping pytorch-triton as it is not installed.
Saving image...
Image saved, took 1.37s

Built image im-UAlArFhbNPpA5awyootZXF in 5.20s


Building image im-oc3r8s2gZfLmUM706YYSNy

=> Step 0: FROM base

=> Step 1: COPY --from=ghcr.io/astral-sh/uv:latest /uv /.uv/uv
Getting image source signatures
Copying blob sha256:dcd00f4c468462b2a68c19a552a5b67c3fd23b41967f8622f7f1620cad1d105d
Copying blob sha256:f3f7502ac07c10bd911c63b27afb9b3f5902b8554ccbe381bde627178ad1915b
Copying config sha256:2832daefdfaee215fd647b8bc850821ece2a4c4f7703a11895c6d4631ef0858e
Writing manifest to image destination
Unpacking OCI image
   • unpacking rootfs ...     
   • ... done                 
   • unpacked image rootfs: /tmp/task-data/ta-01M4258JSJS9ZST1QFSEBX9PCB/registry-unpackQji7Vx

=> Step 2: RUN /.uv/uv pip install --python $(command -v python) --compile-bytecode 'cmake>=3.20,<4.0' lit nanobind==2.10.2 'ninja>=1.11.1' 'setuptools>=40.8.0' wheel
Using Python 3.12.1 environment at: /usr/local
Resolved 7 packages in 74ms
Downloading cmake (26.5MiB)
 Downloaded cmake
Prepared 6 packages in 722ms
Installed 6 packages in 188ms
Bytecode compiled 81 files in 89ms
 + cmake==3.31.10
 + lit==23.1.2
 + nanobind==2.10.2
 + ninja==1.13.2
 + packaging==26.3
 + wheel==0.48.0
Saving image...
Image saved, took 934.54ms

Built image im-oc3r8s2gZfLmUM706YYSNy in 4.66s


Building image im-jWun5aYbr0sIMdeOjhCBX9

=> Step 0: FROM base

=> Step 1: ENV PYTHONPATH=/opt/triton-src
Saving image...
Image saved, took 1.83s

Built image im-jWun5aYbr0sIMdeOjhCBX9 in 3.45s


Building image im-YH3B2dNPirnUwepmTlY336

=> Step 0: FROM base

=> Step 1: COPY . /
Saving image...
Image saved, took 988.08ms

Built image im-YH3B2dNPirnUwepmTlY336 in 3.68s


✓ Created objects.
├── ✓ Uploaded PythonPackage:experiments
├── ✓ Uploaded /home/chenmiaoming/triton-exp
└── ✓ Created Function benchmark.

==========
== CUDA ==
==========

CUDA Version 12.6.3

Container image Copyright (c) 2016-2023, NVIDIA CORPORATION & AFFILIATES. All rights reserved.

This container image and its contents are governed by the NVIDIA Deep Learning Container License.
By pulling and using the container, you accept the terms and conditions of this license:
https://developer.nvidia.com/ngc/nvidia-deep-learning-container-license

A copy of this license is made available in this container at /NGC-DL-CONTAINER-LICENSE for your convenience.
/opt/nvidia/entrypoint.d/50-gpu-driver-check.sh: line 5: ldconfig: command not found

WARNING: The NVIDIA Driver was not detected.  GPU functionality will not be available.
   Use the NVIDIA Container Toolkit to start this container with GPU support; see
   https://docs.nvidia.com/datacenter/cloud-native/ .

Invocation 1: completed frozen round 1/10
Invocation 1: completed frozen round 2/10
Invocation 1: completed frozen round 3/10
Invocation 1: completed frozen round 4/10
Invocation 1: completed frozen round 5/10
Invocation 1: completed frozen round 6/10
Invocation 1: completed frozen round 7/10
Invocation 1: completed frozen round 8/10
Invocation 1: completed frozen round 9/10
Invocation 1: completed frozen round 10/10
Validated invocation 1; 21000 scalar samples

==========
== CUDA ==
==========

CUDA Version 12.6.3

Container image Copyright (c) 2016-2023, NVIDIA CORPORATION & AFFILIATES. All rights reserved.

This container image and its contents are governed by the NVIDIA Deep Learning Container License.
By pulling and using the container, you accept the terms and conditions of this license:
https://developer.nvidia.com/ngc/nvidia-deep-learning-container-license

A copy of this license is made available in this container at /NGC-DL-CONTAINER-LICENSE for your convenience.
/opt/nvidia/entrypoint.d/50-gpu-driver-check.sh: line 5: ldconfig: command not found

WARNING: The NVIDIA Driver was not detected.  GPU functionality will not be available.
   Use the NVIDIA Container Toolkit to start this container with GPU support; see
   https://docs.nvidia.com/datacenter/cloud-native/ .

Invocation 2: completed frozen round 1/10
Invocation 2: completed frozen round 2/10
Invocation 2: completed frozen round 3/10
Invocation 2: completed frozen round 4/10
Invocation 2: completed frozen round 5/10
Invocation 2: completed frozen round 6/10
Invocation 2: completed frozen round 7/10
Invocation 2: completed frozen round 8/10
Invocation 2: completed frozen round 9/10
Invocation 2: completed frozen round 10/10
Validated invocation 2; 21000 scalar samples

==========
== CUDA ==
==========

CUDA Version 12.6.3

Container image Copyright (c) 2016-2023, NVIDIA CORPORATION & AFFILIATES. All rights reserved.

This container image and its contents are governed by the NVIDIA Deep Learning Container License.
By pulling and using the container, you accept the terms and conditions of this license:
https://developer.nvidia.com/ngc/nvidia-deep-learning-container-license

A copy of this license is made available in this container at /NGC-DL-CONTAINER-LICENSE for your convenience.
/opt/nvidia/entrypoint.d/50-gpu-driver-check.sh: line 5: ldconfig: command not found

WARNING: The NVIDIA Driver was not detected.  GPU functionality will not be available.
   Use the NVIDIA Container Toolkit to start this container with GPU support; see
   https://docs.nvidia.com/datacenter/cloud-native/ .

Invocation 3: completed frozen round 1/10
Invocation 3: completed frozen round 2/10
Invocation 3: completed frozen round 3/10
Invocation 3: completed frozen round 4/10
Invocation 3: completed frozen round 5/10
Invocation 3: completed frozen round 6/10
Invocation 3: completed frozen round 7/10
Invocation 3: completed frozen round 8/10
Invocation 3: completed frozen round 9/10
Invocation 3: completed frozen round 10/10
Validated invocation 3; 21000 scalar samples
Three complete raw invocations retained. Freeze manifest after CLI logs close; no hypothesis analysis here.
Stopping app - local entrypoint completed.
✓ App completed. View run at 
https://modal.com/apps/chenmiaoming/main/ap-2sEEBUy6wvcd0l5AzmWpPc
