✓ Initialized. View run at 
https://modal.com/apps/chenmiaoming/main/ap-7M9XdHUv6IbvghyTUatHnG
Building image im-As22Kv2uT087LvLbF9S5Ev

=> Step 0: FROM base

=> Step 1: COPY . /
Saving image...
Image saved, took 913.28ms

Built image im-As22Kv2uT087LvLbF9S5Ev in 4.36s


Building image im-HOIsoNrJsjam73lZ80BnOk

=> Step 0: FROM base

=> Step 1: RUN mkdir -p /cache/ccache /cache/triton-home /opt/phase6-build-evidence

=> Step 2: RUN ccache --version > /opt/phase6-build-evidence/ccache_version.txt

=> Step 3: RUN ccache --print-stats > /opt/phase6-build-evidence/ccache_before.txt

=> Step 4: RUN python3 -m pip uninstall -y triton pytorch-triton || true
WARNING: Skipping triton as it is not installed.
WARNING: Skipping pytorch-triton as it is not installed.

=> Step 5: RUN cd /opt/triton-src && python3 -m pip install -r python/requirements.txt
Looking in indexes: http://pypi-mirror.modal.local:5555/simple
Requirement already satisfied: setuptools>=40.8.0 in /usr/local/lib/python3.12/site-packages (from -r python/requirements.txt (line 1)) (84.0.0)
Requirement already satisfied: wheel in /usr/local/lib/python3.12/site-packages (from -r python/requirements.txt (line 2)) (0.48.0)
Requirement already satisfied: cmake<4.0,>=3.20 in /usr/local/lib/python3.12/site-packages (from -r python/requirements.txt (line 3)) (3.31.10)
Requirement already satisfied: ninja>=1.11.1 in /usr/local/lib/python3.12/site-packages (from -r python/requirements.txt (line 4)) (1.13.2)
Requirement already satisfied: nanobind==2.10.2 in /usr/local/lib/python3.12/site-packages (from -r python/requirements.txt (line 5)) (2.10.2)
Requirement already satisfied: lit in /usr/local/lib/python3.12/site-packages (from -r python/requirements.txt (line 6)) (23.1.2)
Requirement already satisfied: packaging>=24.0 in /usr/local/lib/python3.12/site-packages (from wheel->-r python/requirements.txt (line 2)) (26.3)

[notice] A new release of pip is available: 23.3.2 -> 26.2.1
[notice] To update, run: pip install --upgrade pip

=> Step 6: RUN cd /opt/triton-src && TRITON_BUILD_WITH_CLANG_LLD=true TRITON_BUILD_WITH_CCACHE=true python3 -m pip install -e . --no-build-isolation -v
Using pip 23.3.2 from /usr/local/lib/python3.12/site-packages/pip (python 3.12)
Looking in indexes: http://pypi-mirror.modal.local:5555/simple
Obtaining file:///opt/triton-src
  Checking if build backend supports build_editable: started
  Running command Checking if build backend supports build_editable
  Checking if build backend supports build_editable: finished with status 'done'
  Preparing editable metadata (pyproject.toml): started
  Running command Preparing editable metadata (pyproject.toml)
  running dist_info
  creating /tmp/pip-modern-metadata-khjxadly/triton.egg-info
  writing /tmp/pip-modern-metadata-khjxadly/triton.egg-info/PKG-INFO
  writing dependency_links to /tmp/pip-modern-metadata-khjxadly/triton.egg-info/dependency_links.txt
  writing entry points to /tmp/pip-modern-metadata-khjxadly/triton.egg-info/entry_points.txt
  writing requirements to /tmp/pip-modern-metadata-khjxadly/triton.egg-info/requires.txt
  writing top-level names to /tmp/pip-modern-metadata-khjxadly/triton.egg-info/top_level.txt
  writing manifest file '/tmp/pip-modern-metadata-khjxadly/triton.egg-info/SOURCES.txt'
  reading manifest file '/tmp/pip-modern-metadata-khjxadly/triton.egg-info/SOURCES.txt'
  reading manifest template 'MANIFEST.in'
  warning: no previously-included files matching '__pycache__' found anywhere in distribution
  warning: no previously-included files matching '__pycache__/*' found anywhere in distribution
  warning: no previously-included files matching '*.py[cod]' found anywhere in distribution
  adding license file 'LICENSE'
  writing manifest file '/tmp/pip-modern-metadata-khjxadly/triton.egg-info/SOURCES.txt'
  creating '/tmp/pip-modern-metadata-khjxadly/triton-3.9.0.dist-info'
  Preparing editable metadata (pyproject.toml): finished with status 'done'
Building wheels for collected packages: triton
  Building editable for triton (pyproject.toml): started
  Running command Building editable for triton (pyproject.toml)
  running editable_wheel
  creating symlink: /opt/triton-src/python/triton/backends/nvidia -> third_party/nvidia/backend
  creating symlink: /opt/triton-src/python/triton/language/extra/cuda -> third_party/nvidia/language/cuda
  creating symlink: /opt/triton-src/python/triton/tools/extra/cuda -> third_party/nvidia/tools/cuda
  creating symlink: /opt/triton-src/python/triton/backends/amd -> third_party/amd/backend
  creating symlink: /opt/triton-src/python/triton/language/extra/hip -> third_party/amd/language/hip
  creating symlink: /opt/triton-src/python/triton/tools/extra/hip -> third_party/amd/tools/hip
  creating symlink: /opt/triton-src/python/triton/profiler -> /opt/triton-src/third_party/proton/proton
  creating /tmp/pip-wheel-7ezuj46x/.tmp-alj_ccpm/triton.egg-info
  writing /tmp/pip-wheel-7ezuj46x/.tmp-alj_ccpm/triton.egg-info/PKG-INFO
  writing dependency_links to /tmp/pip-wheel-7ezuj46x/.tmp-alj_ccpm/triton.egg-info/dependency_links.txt
  writing entry points to /tmp/pip-wheel-7ezuj46x/.tmp-alj_ccpm/triton.egg-info/entry_points.txt
  writing requirements to /tmp/pip-wheel-7ezuj46x/.tmp-alj_ccpm/triton.egg-info/requires.txt
  writing top-level names to /tmp/pip-wheel-7ezuj46x/.tmp-alj_ccpm/triton.egg-info/top_level.txt
  writing manifest file '/tmp/pip-wheel-7ezuj46x/.tmp-alj_ccpm/triton.egg-info/SOURCES.txt'
  reading manifest file '/tmp/pip-wheel-7ezuj46x/.tmp-alj_ccpm/triton.egg-info/SOURCES.txt'
  reading manifest template 'MANIFEST.in'
  warning: no previously-included files matching '__pycache__' found anywhere in distribution
  warning: no previously-included files matching '__pycache__/*' found anywhere in distribution
  warning: no previously-included files matching '*.py[cod]' found anywhere in distribution
  adding license file 'LICENSE'
  writing manifest file '/tmp/pip-wheel-7ezuj46x/.tmp-alj_ccpm/triton.egg-info/SOURCES.txt'
  creating '/tmp/pip-wheel-7ezuj46x/.tmp-alj_ccpm/triton-3.9.0.dist-info'
  creating /tmp/pip-wheel-7ezuj46x/.tmp-alj_ccpm/triton-3.9.0.dist-info/WHEEL
  running build_py
  running build_ext
  CMake Deprecation Warning at CMakeLists.txt:6 (cmake_policy):
    The OLD behavior for policy CMP0116 will be removed from a future version
    of CMake.

    The cmake-policies(7) manual explains that the OLD behaviors of all
    policies are deprecated and that a policy should be set to OLD only under
    specific short-term circumstances.  Projects should be ported to the NEW
    behavior and not rely on setting a policy to OLD.


  -- The CXX compiler identification is Clang 18.1.3
  -- The C compiler identification is Clang 18.1.3
  -- Detecting CXX compiler ABI info
  -- Detecting CXX compiler ABI info - done
  -- Check for working CXX compiler: /usr/bin/clang++ - skipped
  -- Detecting CXX compile features
  -- Detecting CXX compile features - done
  -- Detecting C compiler ABI info
  -- Detecting C compiler ABI info - done
  -- Check for working C compiler: /usr/bin/clang - skipped
  -- Detecting C compile features
  -- Detecting C compile features - done
  -- Found Python3: /usr/local/bin/python3 (found version "3.12.1") found components: Interpreter
  downloading llvm-b010a18d-ubuntu-x64-1:
    % Total    % Received % Xferd  Average Speed   Time    Time     Time  Current
                                   Dload  Upload   Total   Spent    Left  Speed

    0     0    0     0    0     0      0      0 --:--:-- --:--:-- --:--:--     0
    1  358M    1 6560k    0     0  8452k      0  0:00:43 --:--:--  0:00:43 8453k
    9  358M    9 35.1M    0     0  19.4M      0  0:00:18  0:00:01  0:00:17 19.4M
   17  358M   17 63.1M    0     0  22.4M      0  0:00:15  0:00:02  0:00:13 22.4M
   25  358M   25 89.5M    0     0  23.7M      0  0:00:15  0:00:03  0:00:12 23.7M
   32  358M   32  116M    0     0  24.4M      0  0:00:14  0:00:04  0:00:10 24.4M
   40  358M   40  145M    0     0  25.1M      0  0:00:14  0:00:05  0:00:09 27.7M
   48  358M   48  173M    0     0  25.4M      0  0:00:14  0:00:06  0:00:08 27.6M
   56  358M   56  201M    0     0  25.7M      0  0:00:13  0:00:07  0:00:06 27.6M
   64  358M   64  229M    0     0  26.0M      0  0:00:13  0:00:08  0:00:05 27.7M
   71  358M   71  257M    0     0  26.1M      0  0:00:13  0:00:09  0:00:04 27.8M
   79  358M   79  284M    0     0  26.3M      0  0:00:13  0:00:10  0:00:03 27.8M
   87  358M   87  312M    0     0  26.4M      0  0:00:13  0:00:11  0:00:02 27.8M
   94  358M   94  340M    0     0  26.5M      0  0:00:13  0:00:12  0:00:01 27.8M
  100  358M  100  358M    0     0  26.6M      0  0:00:13  0:00:13 --:--:-- 27.8M
  creating symlink: /cache/triton-home/.triton/llvm/llvm-ubuntu-x64 -> /cache/triton-home/.triton/llvm/llvm-b010a18d-ubuntu-x64-1
  downloading :
    % Total    % Received % Xferd  Average Speed   Time    Time     Time  Current
                                   Dload  Upload   Total   Spent    Left  Speed

    0     0    0     0    0     0      0      0 --:--:-- --:--:-- --:--:--     0
    0     0    0     0    0     0      0      0 --:--:-- --:--:-- --:--:--     0

  100  292k  100  292k    0     0  1756k      0 --:--:-- --:--:-- --:--:-- 1756k
  downloading amd-codegen-6bc4aaf6-ubuntu-x64-1:
    % Total    % Received % Xferd  Average Speed   Time    Time     Time  Current
                                   Dload  Upload   Total   Spent    Left  Speed

    0     0    0     0    0     0      0      0 --:--:-- --:--:-- --:--:--     0
    0 31.9M    0 15944    0     0  81221      0  0:06:52 --:--:--  0:06:52 81346
   55 31.9M   55 17.5M    0     0  14.1M      0  0:00:02  0:00:01  0:00:01 14.1M
  100 31.9M  100 31.9M    0     0  18.0M      0  0:00:01  0:00:01 --:--:-- 18.0M
  copy /cache/triton-home/.triton/amd/amd-codegen-6bc4aaf6-ubuntu-x64-1/lib/libtriton_amd_codegen.so to /opt/triton-src/third_party/amd/backend/lib/libtriton_amd_codegen.so ...
  downloading nvcc:
    % Total    % Received % Xferd  Average Speed   Time    Time     Time  Current
                                   Dload  Upload   Total   Spent    Left  Speed

    0     0    0     0    0     0      0      0 --:--:-- --:--:-- --:--:--     0
   12 77.3M   12 9912k    0     0  22.8M      0  0:00:03 --:--:--  0:00:03 22.8M
   50 77.3M   50 38.8M    0     0  27.6M      0  0:00:02  0:00:01  0:00:01 27.6M
   87 77.3M   87 67.9M    0     0  28.7M      0  0:00:02  0:00:02 --:--:-- 28.7M
  100 77.3M  100 77.3M    0     0  28.9M      0  0:00:02  0:00:02 --:--:-- 28.9M
  copy /cache/triton-home/.triton/nvidia/nvcc/cuda_nvcc-linux-x86_64-12.9.86-archive/bin/ptxas to /opt/triton-src/third_party/nvidia/backend/bin/ptxas ...
  downloading nvcc-blackwell:
    % Total    % Received % Xferd  Average Speed   Time    Time     Time  Current
                                   Dload  Upload   Total   Spent    Left  Speed

    0     0    0     0    0     0      0      0 --:--:-- --:--:-- --:--:--     0
   60 31.7M   60 19.2M    0     0  22.8M      0  0:00:01 --:--:--  0:00:01 22.8M
  100 31.7M  100 31.7M    0     0  25.4M      0  0:00:01  0:00:01 --:--:-- 25.5M
  copy /cache/triton-home/.triton/nvidia/nvcc-blackwell/cuda_nvcc-linux-x86_64-13.4.59-archive/bin/ptxas to /opt/triton-src/third_party/nvidia/backend/bin/ptxas-blackwell ...
  downloading cuobjdump:
    % Total    % Received % Xferd  Average Speed   Time    Time     Time  Current
                                   Dload  Upload   Total   Spent    Left  Speed

    0     0    0     0    0     0      0      0 --:--:-- --:--:-- --:--:--     0
  100  257k  100  257k    0     0  1305k      0 --:--:-- --:--:-- --:--:-- 1313k
  copy /cache/triton-home/.triton/nvidia/cuobjdump/cuda_cuobjdump-linux-x86_64-13.1.80-archive/bin/cuobjdump to /opt/triton-src/third_party/nvidia/backend/bin/cuobjdump ...
  downloading nvdisasm:
    % Total    % Received % Xferd  Average Speed   Time    Time     Time  Current
                                   Dload  Upload   Total   Spent    Left  Speed

    0     0    0     0    0     0      0      0 --:--:-- --:--:-- --:--:--     0
  100 4056k  100 4056k    0     0  7485k      0 --:--:-- --:--:-- --:--:-- 7498k
  copy /cache/triton-home/.triton/nvidia/nvdisasm/cuda_nvdisasm-linux-x86_64-13.1.80-archive/bin/nvdisasm to /opt/triton-src/third_party/nvidia/backend/bin/nvdisasm ...
  downloading nvcc-crt:
    % Total    % Received % Xferd  Average Speed   Time    Time     Time  Current
                                   Dload  Upload   Total   Spent    Left  Speed

    0     0    0     0    0     0      0      0 --:--:-- --:--:-- --:--:--     0
    0 79624    0     0    0     0      0      0 --:--:-- --:--:-- --:--:--     0
  100 79624  100 79624    0     0   637k      0 --:--:-- --:--:-- --:--:--  637k
  copy /cache/triton-home/.triton/nvidia/nvcc-crt/cuda_crt-linux-x86_64-13.1.80-archive/include to /opt/triton-src/third_party/nvidia/backend/include ...
  downloading cudart:
    % Total    % Received % Xferd  Average Speed   Time    Time     Time  Current
                                   Dload  Upload   Total   Spent    Left  Speed

    0     0    0     0    0     0      0      0 --:--:-- --:--:-- --:--:--     0
  100 1513k  100 1513k    0     0  8851k      0 --:--:-- --:--:-- --:--:-- 8901k
  copy /cache/triton-home/.triton/nvidia/cudart/cuda_cudart-linux-x86_64-13.1.80-archive/include to /opt/triton-src/third_party/nvidia/backend/include ...
  downloading cupti:
    % Total    % Received % Xferd  Average Speed   Time    Time     Time  Current
                                   Dload  Upload   Total   Spent    Left  Speed

    0     0    0     0    0     0      0      0 --:--:-- --:--:-- --:--:--     0
   65 14.6M   65 9871k    0     0  18.4M      0 --:--:-- --:--:-- --:--:-- 18.4M
  100 14.6M  100 14.6M    0     0  20.9M      0 --:--:-- --:--:-- --:--:-- 20.9M
  copy /cache/triton-home/.triton/nvidia/cupti/cuda_cupti-linux-x86_64-12.8.90-archive/include to /opt/triton-src/third_party/nvidia/backend/include ...
  copy /cache/triton-home/.triton/nvidia/cupti/cuda_cupti-linux-x86_64-12.8.90-archive/lib to /opt/triton-src/third_party/nvidia/backend/lib/cupti ...
  downloading cupti-blackwell:
    % Total    % Received % Xferd  Average Speed   Time    Time     Time  Current
                                   Dload  Upload   Total   Spent    Left  Speed

    0     0    0     0    0     0      0      0 --:--:-- --:--:-- --:--:--     0
  100 16.9M  100 16.9M    0     0  21.4M      0 --:--:-- --:--:-- --:--:-- 21.4M
  copy /cache/triton-home/.triton/nvidia/cupti-blackwell/cuda_cupti-linux-x86_64-13.3.35-archive/lib to /opt/triton-src/third_party/nvidia/backend/lib/cupti-blackwell ...
  -- Performing Test CMAKE_HAVE_LIBC_PTHREAD
  -- Performing Test CMAKE_HAVE_LIBC_PTHREAD - Success
  -- Found Threads: TRUE
  -- Found ZLIB: /usr/lib/x86_64-linux-gnu/libz.so (found version "1.3")
  -- Found LibXml2: /usr/lib/x86_64-linux-gnu/libxml2.so (found version "2.9.14")
  -- Linker detection: unknown
  -- Adding Python module
  -- Found Python3: /usr/local/bin/python3 (found version "3.12.1") found components: Development.Module Interpreter
  -- Found LLD distro-package @ /cache/triton-home/.triton/llvm/llvm-b010a18d-ubuntu-x64-1/lib/cmake/lld and LLD include dirs @ /__modal/volumes/vo-UFi3Xs0ZVhMnjeILXm4LG6/triton-home/.triton/llvm/llvm-b010a18d-ubuntu-x64-1/include
  -- Performing Test PROTON_ROCPROFILER_SDK_HAS_HIP_GRAPH
  -- Performing Test PROTON_ROCPROFILER_SDK_HAS_HIP_GRAPH - Failed
  -- Proton ROCProfiler-SDK HIP graph tracing: disabled
  -- Proton ROCProfiler-SDK PC sampling: disabled
  -- Proton ROCProfiler-SDK code object source locations: disabled
  -- Found Python3: /usr/local/bin/python3 (found version "3.12.1") found components: Interpreter Development.Module
  -- Collecting object files from ProtonTraceDataIO
  -- Collecting object files from Proton
  -- Collecting object files from ProtonBackend
  -- Collecting object files from ProtonContext
  -- Collecting object files from ProtonData
  -- Collecting object files from ProtonUtility
  -- Collecting object files from ProtonDriver
  -- Collecting object files from ProtonRuntime
  -- Collecting object files from ProtonProfiler
  -- Collecting object files from ProtonSession
  -- Triton backends tuple: nvidia,amd,proton
  -- Configuring done (160.8s)
  -- Generating done (1.8s)
  CMake Warning:
    Manually-specified variables were not used by the project:

      LLVM_ENABLE_WERROR


  -- Build files have been written to: /opt/triton-src/build/cmake.linux-x86_64-cpython-3.12
  creating symlink: /opt/triton-src/compile_commands.json -> /opt/triton-src/build/cmake.linux-x86_64-cpython-3.12/compile_commands.json
  [1/547] Building Dialect.h.inc...
  [2/547] Building Dialect.cpp.inc...
  [3/547] Building Ops.cpp.inc...
  [4/547] Building Ops.h.inc...
  [5/547] Building Types.h.inc...
  [6/547] Building Types.cpp.inc...
  [7/547] Building Dialect.h.inc...
  [8/547] Building Dialect.cpp.inc...
  [9/547] Building AttrDefs.cpp.inc...
  [10/547] Building AttrInterfaces.cpp.inc...
  [11/547] Building AttrDefs.h.inc...
  [12/547] Building Ops.cpp.inc...
  [13/547] Building AttrInterfaces.h.inc...
  [14/547] Building Dialect.cpp.inc...
  [15/547] Building OpsEnums.cpp.inc...
  [16/547] Building Ops.h.inc...
  [17/547] Building Dialect.h.inc...
  [18/547] Building OpsEnums.h.inc...
  [19/547] Building Types.cpp.inc...
  [20/547] Building Types.h.inc...
  [21/547] Building CGAEncodingAttr.h.inc...
  [22/547] Building Ops.cpp.inc...
  [23/547] Building OpsEnums.cpp.inc...
  [24/547] Building TypeInterfaces.cpp.inc...
  [25/547] Building TypeInterfaces.h.inc...
  [26/547] Building Ops.h.inc...
  [27/547] Building OpsEnums.h.inc...
  [28/547] Building TritonNvidiaGPUAttrDefs.cpp.inc...
  [29/547] Building TritonNvidiaGPUAttrDefs.h.inc...
  [30/547] Building Types.cpp.inc...
  [31/547] Building Types.h.inc...
  [32/547] Building Dialect.h.inc...
  [33/547] Building Dialect.cpp.inc...
  [34/547] Building Ops.cpp.inc...
  [35/547] Building Ops.h.inc...
  [36/547] Building Dialect.h.inc...
  [37/547] Building Dialect.cpp.inc...
  [38/547] Building Passes.h.inc...
  [39/547] Building Ops.cpp.inc...
  [40/547] Building Ops.h.inc...
  [41/547] Building AttrDefs.cpp.inc...
  [42/547] Building AttrDefs.h.inc...
  [43/547] Building AttrInterfaces.cpp.inc...
  [44/547] Building AttrInterfaces.h.inc...
  [45/547] Building Dialect.cpp.inc...
  [46/547] Building Dialect.h.inc...
  [47/547] Building OpInterfaces.cpp.inc...
  [48/547] Building OpInterfaces.h.inc...
  [49/547] Building Ops.cpp.inc...
  [50/547] Building OpsEnums.cpp.inc...
  [51/547] Building Ops.h.inc...
  [52/547] Building TypeInterfaces.h.inc...
  [53/547] Building TypeInterfaces.cpp.inc...
  [54/547] Building OpsEnums.h.inc...
  [55/547] Building Types.h.inc...
  [56/547] Building Types.cpp.inc...
  [57/547] Building TypesEnums.cpp.inc...
  [58/547] Building Passes.h.inc...
  [59/547] Building TypesEnums.h.inc...
  [60/547] Building OpInterfaces.cpp.inc...
  [61/547] Building Passes.h.inc...
  [62/547] Building OpInterfaces.h.inc...
  [63/547] Building Passes.h.inc...
  [64/547] Building TritonNvidiaGPUOpInterfaces.cpp.inc...
  [65/547] Building TritonNvidiaGPUOpInterfaces.h.inc...
  [66/547] Building Dialect.cpp.inc...
  [67/547] Building Dialect.h.inc...
  [68/547] Building OpsEnums.cpp.inc...
  [69/547] Building Ops.cpp.inc...
  [70/547] Building Ops.h.inc...
  [71/547] Building Passes.h.inc...
  [72/547] Building OpsEnums.h.inc...
  [73/547] Building Dialect.h.inc...
  [74/547] Building Dialect.cpp.inc...
  [75/547] Building GluonAttrDefs.cpp.inc...
  [76/547] Building GluonAttrDefs.h.inc...
  [77/547] Building Ops.cpp.inc...
  [78/547] Building Ops.h.inc...
  [79/547] Building TritonCanonicalize.inc...
  [80/547] Building Dialect.cpp.inc...
  [81/547] Building TritonCombine.inc...
  [82/547] Building Dialect.h.inc...
  [83/547] Building Ops.cpp.inc...
  [84/547] Building Ops.h.inc...
  [85/547] Building OpsConversions.inc...
  [86/547] Building OpsEnums.cpp.inc...
  [87/547] Building NVWSAttrDefs.cpp.inc...
  [88/547] Building OpsEnums.h.inc...
  [89/547] Building NVWSAttrDefs.h.inc...
  [90/547] Building NVWSAttrEnums.cpp.inc...
  [91/547] Building NVWSAttrEnums.h.inc...
  [92/547] Building NVWSOpInterfaces.cpp.inc...
  [93/547] Building Passes.h.inc...
  [94/547] Building NVWSOpInterfaces.h.inc...
  [95/547] Building Dialect.cpp.inc...
  [96/547] Building Dialect.h.inc...
  [97/547] Building Ops.cpp.inc...
  [98/547] Building AttrDefs.cpp.inc...
  [99/547] Building OpsConversions.inc...
  [100/547] Building AttrDefs.h.inc...
  [101/547] Building Ops.h.inc...
  [102/547] Building OpsEnums.cpp.inc...
  [103/547] Building OpsEnums.h.inc...
  [104/547] Building AttrDefs.cpp.inc...
  [105/547] Building AttrDefs.h.inc...
  [106/547] Building OpsEnums.cpp.inc...
  [107/547] Building Passes.h.inc...
  [108/547] Building OpsEnums.h.inc...
  [109/547] Building CXX object CMakeFiles/nanobind-static.dir/usr/local/lib/python3.12/site-packages/nanobind/src/nb_internals.cpp.o
  [110/547] Building CXX object CMakeFiles/nanobind-static.dir/usr/local/lib/python3.12/site-packages/nanobind/src/nb_func.cpp.o
  [111/547] Building CXX object CMakeFiles/nanobind-static.dir/usr/local/lib/python3.12/site-packages/nanobind/src/nb_type.cpp.o
  [112/547] Building CXX object CMakeFiles/nanobind-static.dir/usr/local/lib/python3.12/site-packages/nanobind/src/nb_ndarray.cpp.o
  [113/547] Building CXX object CMakeFiles/nanobind-static.dir/usr/local/lib/python3.12/site-packages/nanobind/src/nb_static_property.cpp.o
  [114/547] Building CXX object CMakeFiles/nanobind-static.dir/usr/local/lib/python3.12/site-packages/nanobind/src/nb_enum.cpp.o
  [115/547] Building CXX object CMakeFiles/nanobind-static.dir/usr/local/lib/python3.12/site-packages/nanobind/src/nb_ft.cpp.o
  [116/547] Building CXX object CMakeFiles/nanobind-static.dir/usr/local/lib/python3.12/site-packages/nanobind/src/error.cpp.o
  [117/547] Building CXX object CMakeFiles/nanobind-static.dir/usr/local/lib/python3.12/site-packages/nanobind/src/common.cpp.o
  [118/547] Building CXX object CMakeFiles/nanobind-static.dir/usr/local/lib/python3.12/site-packages/nanobind/src/trampoline.cpp.o
  [119/547] Building CXX object CMakeFiles/nanobind-static.dir/usr/local/lib/python3.12/site-packages/nanobind/src/implicit.cpp.o
  [120/547] Building Passes.h.inc...
  [121/547] Building Passes.h.inc...
  [122/547] Building Passes.h.inc...
  [123/547] Building CXX object _deps/googletest-build/googletest/CMakeFiles/gtest_main.dir/src/gtest_main.cc.o
  [124/547] Building CXX object _deps/googletest-build/googletest/CMakeFiles/gtest.dir/src/gtest-all.cc.o
  [125/547] Linking CXX static library lib/libgtest.a
  [126/547] Building CXX object _deps/googletest-build/googlemock/CMakeFiles/gmock.dir/src/gmock-all.cc.o
  [127/547] Building CXX object lib/Analysis/CMakeFiles/TritonAnalysis.dir/BufferIndexAnalysis.cpp.o
  [128/547] Building CXX object lib/Analysis/CMakeFiles/TritonAnalysis.dir/Allocation.cpp.o
  [129/547] Building CXX object lib/Analysis/CMakeFiles/TritonAnalysis.dir/AxisInfo.cpp.o
  [130/547] Building CXX object lib/Analysis/CMakeFiles/TritonAnalysis.dir/BufferRegion.cpp.o
  [131/547] Building CXX object lib/Analysis/CMakeFiles/TritonAnalysis.dir/Alias.cpp.o
  [132/547] Building CXX object lib/Analysis/CMakeFiles/TritonAnalysis.dir/Membar.cpp.o
  [133/547] Building CXX object lib/Dialect/Triton/IR/CMakeFiles/TritonIR.dir/DiscardableAttributes.cpp.o
  [134/547] Building CXX object lib/Analysis/CMakeFiles/TritonAnalysis.dir/Utility.cpp.o
  [135/547] Building CXX object lib/Dialect/Triton/IR/CMakeFiles/TritonIR.dir/Dialect.cpp.o
  [136/547] Building CXX object lib/Dialect/Triton/IR/CMakeFiles/TritonIR.dir/OpInterfaces.cpp.o
  [137/547] Building CXX object lib/Dialect/Triton/IR/CMakeFiles/TritonIR.dir/Types.cpp.o
  [138/547] Building CXX object lib/Dialect/Triton/IR/CMakeFiles/TritonIR.dir/Traits.cpp.o
  [139/547] Building CXX object lib/Dialect/Triton/IR/CMakeFiles/TritonIR.dir/Utility.cpp.o
  [140/547] Building CXX object lib/Dialect/Triton/Transforms/CMakeFiles/TritonTransforms.dir/LoopAwareCSE.cpp.o
  [141/547] Building CXX object lib/Dialect/Triton/Transforms/CMakeFiles/TritonTransforms.dir/Combine.cpp.o
  [142/547] Building CXX object lib/Dialect/Triton/IR/CMakeFiles/TritonIR.dir/Ops.cpp.o
Aborting app initialization...

Stopping app - keyboard interrupt received. Use `modal run --detach` to prevent KeyboardInterrupts from killing apps.

Aborted!
