lit: /usr/local/lib/python3.12/site-packages/lit/llvm/subst.py:130: note: Did not find mlir-translate in /opt/triton-src/build/cmake.linux-x86_64-cpython-3.12/bin:/__modal/volumes/vo-UFi3Xs0ZVhMnjeILXm4LG6/triton-home/.triton/llvm/llvm-b010a18d-ubuntu-x64-1/bin:/opt/triton-src/build/cmake.linux-x86_64-cpython-3.12/bin/FileCheck
lit: /usr/local/lib/python3.12/site-packages/lit/llvm/subst.py:130: note: Did not find llc in /opt/triton-src/build/cmake.linux-x86_64-cpython-3.12/bin:/__modal/volumes/vo-UFi3Xs0ZVhMnjeILXm4LG6/triton-home/.triton/llvm/llvm-b010a18d-ubuntu-x64-1/bin:/opt/triton-src/build/cmake.linux-x86_64-cpython-3.12/bin/FileCheck
-- Testing: 1 tests, 1 workers --
FAIL: TRITON :: TritonGPU/optimize-locality.mlir (1 of 1)
******************** TEST 'TRITON :: TritonGPU/optimize-locality.mlir' FAILED ********************
Exit Code: 127

Command Output (stdout):
--
# RUN: at line 1
/opt/triton-src/build/cmake.linux-x86_64-cpython-3.12/bin/triton-opt /opt/triton-src/test/TritonGPU/optimize-locality.mlir -split-input-file -tritongpu-optimize-thread-locality -canonicalize | FileCheck /opt/triton-src/test/TritonGPU/optimize-locality.mlir
# executed command: FileCheck /opt/triton-src/test/TritonGPU/optimize-locality.mlir
# .---command stderr------------
# | 'FileCheck': command not found
# `-----------------------------
# error: command failed with exit status: 127

--

********************
********************
Failed Tests (1):
  TRITON :: TritonGPU/optimize-locality.mlir


Testing Time: 0.62s

Total Discovered Tests: 1
  Failed: 1 (100.00%)
